193.153.72.43 - adrianzimmerman [10/Jun/2026:16:00:47 +0000] "GET / HTTP/1.1" 304 - "https://duckduckgo.com/" "Mozilla/5.0 (iPad; CPU OS 17_4 like Mac OS X) AppleWebKit/605.1.15 (KHTML, like Gecko) Version/17.4 Mobile/15E148 Safari/604.1"
186.9.165.3 - caseyjones [10/Jun/2026:16:00:47 +0000] "GET /about HTTP/1.1" 304 - "https://shop.example.com/" "Mozilla/5.0 (Linux; Android 14; Pixel 8) AppleWebKit/537.36 (KHTML, like Gecko) Chrome/124.0.0.0 Mobile Safari/537.36"
187.205.253.64 - - [10/Jun/2026:16:00:47 +0000] "GET /products HTTP/1.1" 200 4969 "-" "Mozilla/5.0 (Macintosh; Intel Mac OS X 10_15_7) AppleWebKit/605.1.15 (KHTML, like Gecko) Version/17.4 Safari/605.1.15"
101.80.196.49 - - [10/Jun/2026:16:00:48 +0000] "GET / HTTP/1.1" 404 10948 "https://shop.example.com/products" "Mozilla/5.0 (Linux; Android 14; Pixel 8) AppleWebKit/537.36 (KHTML, like Gecko) Chrome/124.0.0.0 Mobile Safari/537.36"
106.24.19.210 - - [10/Jun/2026:16:00:48 +0000] "GET /static/css/main.css HTTP/1.1" 404 1969 "https://shop.example.com/blog" "python-requests/2.32.0"
94.253.28.16 - - [10/Jun/2026:16:00:48 +0000] "GET / HTTP/1.1" 200 2490 "https://news.ycombinator.com/" "python-requests/2.32.0"
169.18.146.47 - agomez [10/Jun/2026:16:00:48 +0000] "GET /products HTTP/1.1" 200 949 "https://shop.example.com/search?q=router&page=5" "Mozilla/5.0 (iPad; CPU OS 17_4 like Mac OS X) AppleWebKit/605.1.15 (KHTML, like Gecko) Version/17.4 Mobile/15E148 Safari/604.1"
120.204.194.248 - - [10/Jun/2026:16:00:48 +0000] "POST /checkout HTTP/1.1" 200 1685 "https://shop.example.com/cart" "Mozilla/5.0 (Linux; Android 14; Pixel 8) AppleWebKit/537.36 (KHTML, like Gecko) Chrome/124.0.0.0 Mobile Safari/537.36"
80.183.191.243 - bethwilliams [10/Jun/2026:16:00:48 +0000] "GET /static/css/main.css HTTP/1.1" 200 3917 "https://shop.example.com/products/141" "Mozilla/5.0 (compatible; bingbot/2.0; +http://www.bing.com/bingbot.htm)"
79.171.128.12 - - [10/Jun/2026:16:00:48 +0000] "GET /static/css/main.css HTTP/1.1" 200 1470 "https://shop.example.com/products" "Mozilla/5.0 (Windows NT 10.0; Win64; x64) AppleWebKit/537.36 (KHTML, like Gecko) Chrome/125.0.0.0 Safari/537.36"
198.130.0.177 - - [10/Jun/2026:16:00:48 +0000] "GET / HTTP/1.1" 200 2628 "https://www.google.com/" "Mozilla/5.0 (Windows NT 10.0; Win64; x64) AppleWebKit/537.36 (KHTML, like Gecko) Chrome/125.0.0.0 Safari/537.36"
201.212.50.173 - - [10/Jun/2026:16:00:48 +0000] "POST /cart/add HTTP/1.1" 200 3108 "https://shop.example.com/products/247" "python-requests/2.32.0"
164.215.28.54 - - [10/Jun/2026:16:00:48 +0000] "GET /static/css/main.css HTTP/1.1" 200 11953 "https://shop.example.com/" "Mozilla/5.0 (Windows NT 10.0; Win64; x64) AppleWebKit/537.36 (KHTML, like Gecko) Chrome/125.0.0.0 Safari/537.36"
208.48.76.248 - adkinsbrian [10/Jun/2026:16:00:48 +0000] "GET /blog HTTP/1.1" 200 2114 "https://shop.example.com/" "Mozilla/5.0 (iPad; CPU OS 17_4 like Mac OS X) AppleWebKit/605.1.15 (KHTML, like Gecko) Version/17.4 Mobile/15E148 Safari/604.1"
134.217.173.106 - adrianzimmerman [10/Jun/2026:16:00:48 +0000] "GET /static/img/logo.png HTTP/1.1" 404 8164 "https://shop.example.com/products" "Mozilla/5.0 (iPad; CPU OS 17_4 like Mac OS X) AppleWebKit/605.1.15 (KHTML, like Gecko) Version/17.4 Mobile/15E148 Safari/604.1"
118.16.250.163 - - [10/Jun/2026:16:00:48 +0000] "GET / HTTP/1.1" 200 1529 "https://duckduckgo.com/" "Mozilla/5.0 (X11; Linux x86_64) AppleWebKit/537.36 (KHTML, like Gecko) Chrome/123.0.0.0 Safari/537.36"
169.18.146.47 - adkinsbrian [10/Jun/2026:16:00:49 +0000] "GET /favicon.ico HTTP/1.1" 200 1352 "https://shop.example.com/" "Mozilla/5.0 (Macintosh; Intel Mac OS X 10_15_7) AppleWebKit/605.1.15 (KHTML, like Gecko) Version/17.4 Safari/605.1.15"
188.32.174.45 - - [10/Jun/2026:16:00:49 +0000] "GET /api/v1/products HTTP/1.1" 200 1304 "https://www.bing.com/" "Mozilla/5.0 (Windows NT 10.0; Win64; x64; rv:126.0) Gecko/20100101 Firefox/126.0"
118.16.250.163 - - [10/Jun/2026:16:00:49 +0000] "GET /products HTTP/1.1" 200 5460 "https://shop.example.com/" "Mozilla/5.0 (X11; Linux x86_64) AppleWebKit/537.36 (KHTML, like Gecko) Chrome/123.0.0.0 Safari/537.36"
186.248.224.21 - lrobinson [10/Jun/2026:16:00:49 +0000] "GET /products/465 HTTP/1.1" 200 1392 "https://duckduckgo.com/" "Mozilla/5.0 (Linux; Android 14; Pixel 8) AppleWebKit/537.36 (KHTML, like Gecko) Chrome/124.0.0.0 Mobile Safari/537.36"
198.130.0.177 - - [10/Jun/2026:16:00:49 +0000] "GET /products HTTP/1.1" 200 2053 "https://shop.example.com/" "Mozilla/5.0 (Windows NT 10.0; Win64; x64) AppleWebKit/537.36 (KHTML, like Gecko) Chrome/125.0.0.0 Safari/537.36"
186.248.224.21 - lrobinson [10/Jun/2026:16:00:49 +0000] "GET /static/js/app.js HTTP/1.1" 200 9197 "https://shop.example.com/products/377" "Mozilla/5.0 (Linux; Android 14; Pixel 8) AppleWebKit/537.36 (KHTML, like Gecko) Chrome/124.0.0.0 Mobile Safari/537.36"
192.249.155.226 - - [10/Jun/2026:16:00:49 +0000] "GET /blog/roadmap HTTP/1.1" 200 5948 "https://www.bing.com/" "Mozilla/5.0 (Macintosh; Intel Mac OS X 10_15_7) AppleWebKit/605.1.15 (KHTML, like Gecko) Version/17.4 Safari/605.1.15"
186.248.224.21 - barnesbrandy [10/Jun/2026:16:00:50 +0000] "GET / HTTP/1.1" 200 9538 "https://shop.example.com/about" "Mozilla/5.0 (compatible; Googlebot/2.1; +http://www.google.com/bot.html)"
79.171.128.12 - - [10/Jun/2026:16:00:50 +0000] "GET /static/img/logo.png HTTP/1.1" 200 6703 "https://shop.example.com/products" "Mozilla/5.0 (Windows NT 10.0; Win64; x64) AppleWebKit/537.36 (KHTML, like Gecko) Chrome/125.0.0.0 Safari/537.36"
48.229.28.185 - jenniferross [10/Jun/2026:16:00:50 +0000] "GET /products/469 HTTP/1.1" 200 5391 "https://shop.example.com/search?q=router&page=5" "Mozilla/5.0 (compatible; Googlebot/2.1; +http://www.google.com/bot.html)"
106.24.19.210 - - [10/Jun/2026:16:00:50 +0000] "GET /products HTTP/1.1" 200 809 "-" "Mozilla/5.0 (compatible; bingbot/2.0; +http://www.bing.com/bingbot.htm)"
201.212.50.173 - - [10/Jun/2026:16:00:50 +0000] "GET / HTTP/1.1" 404 3311 "https://www.bing.com/" "Mozilla/5.0 (Macintosh; Intel Mac OS X 10_15_7) AppleWebKit/537.36 (KHTML, like Gecko) Chrome/124.0.0.0 Safari/537.36"
118.16.250.163 - - [10/Jun/2026:16:00:50 +0000] "GET /search?q=gateway&page=4 HTTP/1.1" 200 3286 "https://shop.example.com/products" "Mozilla/5.0 (X11; Linux x86_64) AppleWebKit/537.36 (KHTML, like Gecko) Chrome/123.0.0.0 Safari/537.36"
134.217.173.106 - adrianzimmerman [10/Jun/2026:16:00:50 +0000] "GET /cart HTTP/1.1" 404 6284 "https://shop.example.com/products" "Mozilla/5.0 (iPad; CPU OS 17_4 like Mac OS X) AppleWebKit/605.1.15 (KHTML, like Gecko) Version/17.4 Mobile/15E148 Safari/604.1"
101.80.196.49 - - [10/Jun/2026:16:00:50 +0000] "GET /static/img/logo.png HTTP/1.1" 200 2685 "https://shop.example.com/" "Mozilla/5.0 (Linux; Android 14; Pixel 8) AppleWebKit/537.36 (KHTML, like Gecko) Chrome/124.0.0.0 Mobile Safari/537.36"
193.153.72.43 - adkinsbrian [10/Jun/2026:16:00:50 +0000] "GET /search?q=gateway&page=4 HTTP/1.1" 200 2092 "-" "Mozilla/5.0 (compatible; Googlebot/2.1; +http://www.google.com/bot.html)"
186.9.165.3 - caseyjones [10/Jun/2026:16:00:50 +0000] "GET / HTTP/1.1" 200 450 "https://shop.example.com/about" "Mozilla/5.0 (Linux; Android 14; Pixel 8) AppleWebKit/537.36 (KHTML, like Gecko) Chrome/124.0.0.0 Mobile Safari/537.36"
211.252.238.58 - ibrandt [10/Jun/2026:16:00:51 +0000] "GET /products/463 HTTP/1.1" 200 646 "https://shop.example.com/cart/add" "Mozilla/5.0 (iPad; CPU OS 17_4 like Mac OS X) AppleWebKit/605.1.15 (KHTML, like Gecko) Version/17.4 Mobile/15E148 Safari/604.1"
186.9.165.3 - caseyjones [10/Jun/2026:16:00:51 +0000] "GET /search?q=edge&page=3 HTTP/1.1" 200 6946 "https://shop.example.com/" "Mozilla/5.0 (Linux; Android 14; Pixel 8) AppleWebKit/537.36 (KHTML, like Gecko) Chrome/124.0.0.0 Mobile Safari/537.36"
134.235.9.233 - - [10/Jun/2026:16:00:51 +0000] "GET / HTTP/1.1" 200 1435 "https://shop.example.com/products" "Mozilla/5.0 (iPad; CPU OS 17_4 like Mac OS X) AppleWebKit/605.1.15 (KHTML, like Gecko) Version/17.4 Mobile/15E148 Safari/604.1"
164.215.28.54 - - [10/Jun/2026:16:00:51 +0000] "GET /products HTTP/1.1" 200 4288 "https://shop.example.com/" "Mozilla/5.0 (Windows NT 10.0; Win64; x64) AppleWebKit/537.36 (KHTML, like Gecko) Chrome/125.0.0.0 Safari/537.36"
79.171.128.12 - - [10/Jun/2026:16:00:51 +0000] "GET /products/197 HTTP/1.1" 200 863 "https://shop.example.com/products" "Mozilla/5.0 (Windows NT 10.0; Win64; x64) AppleWebKit/537.36 (KHTML, like Gecko) Chrome/125.0.0.0 Safari/537.36"
143.248.75.145 - - [10/Jun/2026:16:00:52 +0000] "GET /products/115 HTTP/1.1" 200 4510 "https://shop.example.com/search?q=sensor&page=4" "Mozilla/5.0 (iPad; CPU OS 17_4 like Mac OS X) AppleWebKit/605.1.15 (KHTML, like Gecko) Version/17.4 Mobile/15E148 Safari/604.1"
188.32.174.45 - - [10/Jun/2026:16:00:52 +0000] "GET /api/v1/products HTTP/1.1" 200 2905 "https://shop.example.com/api/v1/products" "Mozilla/5.0 (Windows NT 10.0; Win64; x64; rv:126.0) Gecko/20100101 Firefox/126.0"
186.248.224.21 - barnesbrandy [10/Jun/2026:16:00:52 +0000] "GET /search?q=router&page=4 HTTP/1.1" 404 2292 "https://shop.example.com/" "Mozilla/5.0 (compatible; Googlebot/2.1; +http://www.google.com/bot.html)"
193.153.72.43 - adkinsbrian [10/Jun/2026:16:00:52 +0000] "GET /static/img/logo.png HTTP/1.1" 200 37793 "https://shop.example.com/search?q=sensor&page=5" "Mozilla/5.0 (compatible; Googlebot/2.1; +http://www.google.com/bot.html)"
186.248.224.21 - barnesbrandy [10/Jun/2026:16:00:52 +0000] "GET /static/css/main.css HTTP/1.1" 200 5279 "https://shop.example.com/search?q=gateway&page=3" "Mozilla/5.0 (compatible; Googlebot/2.1; +http://www.google.com/bot.html)"
134.217.173.106 - adrianzimmerman [10/Jun/2026:16:00:52 +0000] "POST /checkout HTTP/1.1" 404 3354 "https://shop.example.com/cart" "Mozilla/5.0 (iPad; CPU OS 17_4 like Mac OS X) AppleWebKit/605.1.15 (KHTML, like Gecko) Version/17.4 Mobile/15E148 Safari/604.1"
211.252.238.58 - ibrandt [10/Jun/2026:16:00:53 +0000] "GET / HTTP/1.1" 200 1997 "https://shop.example.com/products/478" "Mozilla/5.0 (iPad; CPU OS 17_4 like Mac OS X) AppleWebKit/605.1.15 (KHTML, like Gecko) Version/17.4 Mobile/15E148 Safari/604.1"
80.183.191.243 - bethwilliams [10/Jun/2026:16:00:53 +0000] "GET /favicon.ico HTTP/1.1" 200 2262 "https://shop.example.com/products/184" "Mozilla/5.0 (compatible; bingbot/2.0; +http://www.bing.com/bingbot.htm)"
154.227.161.167 - - [10/Jun/2026:16:00:53 +0000] "GET / HTTP/1.1" 200 3702 "https://www.bing.com/" "Mozilla/5.0 (Windows NT 10.0; Win64; x64) AppleWebKit/537.36 (KHTML, like Gecko) Chrome/125.0.0.0 Safari/537.36"
189.167.220.59 - - [10/Jun/2026:16:00:53 +0000] "GET / HTTP/1.1" 200 7548 "-" "python-requests/2.32.0"
48.229.28.185 - agomez [10/Jun/2026:16:00:53 +0000] "GET /search?q=edge&page=2 HTTP/1.1" 200 3172 "-" "Mozilla/5.0 (Macintosh; Intel Mac OS X 10_15_7) AppleWebKit/605.1.15 (KHTML, like Gecko) Version/17.4 Safari/605.1.15"
169.18.146.47 - ericfarmer [10/Jun/2026:16:00:53 +0000] "GET /favicon.ico HTTP/1.1" 200 4470 "https://shop.example.com/" "Mozilla/5.0 (iPhone; CPU iPhone OS 17_4 like Mac OS X) AppleWebKit/605.1.15 (KHTML, like Gecko) Version/17.4 Mobile/15E148 Safari/604.1"
101.80.196.49 - - [10/Jun/2026:16:00:53 +0000] "GET /static/js/app.js HTTP/1.1" 200 711 "https://shop.example.com/" "Mozilla/5.0 (Linux; Android 14; Pixel 8) AppleWebKit/537.36 (KHTML, like Gecko) Chrome/124.0.0.0 Mobile Safari/537.36"
48.229.28.185 - jenniferross [10/Jun/2026:16:00:53 +0000] "GET / HTTP/1.1" 200 2450 "https://shop.example.com/products/490" "Mozilla/5.0 (compatible; Googlebot/2.1; +http://www.google.com/bot.html)"
188.32.174.45 - - [10/Jun/2026:16:00:53 +0000] "GET /api/v1/products HTTP/1.1" 200 3821 "https://shop.example.com/api/v1/products" "Mozilla/5.0 (Windows NT 10.0; Win64; x64; rv:126.0) Gecko/20100101 Firefox/126.0"
79.171.128.12 - - [10/Jun/2026:16:00:53 +0000] "GET /static/css/main.css HTTP/1.1" 200 3740 "https://shop.example.com/products/37" "Mozilla/5.0 (Windows NT 10.0; Win64; x64) AppleWebKit/537.36 (KHTML, like Gecko) Chrome/125.0.0.0 Safari/537.36"
48.229.28.185 - jenniferross [10/Jun/2026:16:00:53 +0000] "GET /about HTTP/1.1" 200 2021 "https://shop.example.com/" "Mozilla/5.0 (compatible; Googlebot/2.1; +http://www.google.com/bot.html)"
209.160.37.1 - - [10/Jun/2026:16:00:53 +0000] "GET /products HTTP/1.1" 404 3286 "https://shop.example.com/search?q=edge&page=3" "Mozilla/5.0 (Macintosh; Intel Mac OS X 10_15_7) AppleWebKit/605.1.15 (KHTML, like Gecko) Version/17.4 Safari/605.1.15"
101.80.196.49 - - [10/Jun/2026:16:00:53 +0000] "GET /blog HTTP/1.1" 200 2275 "https://shop.example.com/" "Mozilla/5.0 (Linux; Android 14; Pixel 8) AppleWebKit/537.36 (KHTML, like Gecko) Chrome/124.0.0.0 Mobile Safari/537.36"
221.1.11.39 - - [10/Jun/2026:16:00:53 +0000] "GET /products/173 HTTP/1.1" 200 2859 "-" "Mozilla/5.0 (compatible; bingbot/2.0; +http://www.bing.com/bingbot.htm)"
197.60.181.30 - wrightjames [10/Jun/2026:16:00:53 +0000] "GET /cart HTTP/1.1" 200 3744 "https://shop.example.com/products" "Mozilla/5.0 (Windows NT 10.0; Win64; x64; rv:126.0) Gecko/20100101 Firefox/126.0"
186.248.224.21 - lrobinson [10/Jun/2026:16:00:54 +0000] "GET /products HTTP/1.1" 404 1814 "https://shop.example.com/products/251" "Mozilla/5.0 (Linux; Android 14; Pixel 8) AppleWebKit/537.36 (KHTML, like Gecko) Chrome/124.0.0.0 Mobile Safari/537.36"
188.32.174.45 - - [10/Jun/2026:16:00:54 +0000] "POST /api/v1/cart HTTP/1.1" 200 2176 "https://shop.example.com/api/v1/products" "Mozilla/5.0 (Windows NT 10.0; Win64; x64; rv:126.0) Gecko/20100101 Firefox/126.0"
187.205.253.64 - - [10/Jun/2026:16:00:54 +0000] "GET /favicon.ico HTTP/1.1" 200 534 "https://shop.example.com/products" "Mozilla/5.0 (Macintosh; Intel Mac OS X 10_15_7) AppleWebKit/605.1.15 (KHTML, like Gecko) Version/17.4 Safari/605.1.15"
201.212.50.173 - - [10/Jun/2026:16:00:54 +0000] "GET /api/v1/products HTTP/1.1" 200 1462 "https://duckduckgo.com/" "Mozilla/5.0 (compatible; bingbot/2.0; +http://www.bing.com/bingbot.htm)"
215.167.230.243 - - [10/Jun/2026:16:00:54 +0000] "GET / HTTP/1.1" 200 2742 "https://news.ycombinator.com/" "python-requests/2.32.0"
201.212.50.173 - - [10/Jun/2026:16:00:54 +0000] "POST /api/v1/cart HTTP/1.1" 200 1446 "https://shop.example.com/api/v1/products" "Mozilla/5.0 (compatible; bingbot/2.0; +http://www.bing.com/bingbot.htm)"
186.248.224.21 - lisa02 [10/Jun/2026:16:00:54 +0000] "GET /static/css/main.css HTTP/1.1" 304 - "https://shop.example.com/search?q=router&page=2" "Mozilla/5.0 (Macintosh; Intel Mac OS X 10_15_7) AppleWebKit/537.36 (KHTML, like Gecko) Chrome/124.0.0.0 Safari/537.36"
106.24.19.210 - - [10/Jun/2026:16:00:55 +0000] "GET / HTTP/1.1" 200 2999 "https://shop.example.com/blog" "python-requests/2.32.0"
169.18.146.47 - - [10/Jun/2026:16:00:55 +0000] "GET /search?q=gateway&page=2 HTTP/1.1" 200 1380 "https://shop.example.com/search?q=laptop&page=4" "Mozilla/5.0 (X11; Linux x86_64) AppleWebKit/537.36 (KHTML, like Gecko) Chrome/123.0.0.0 Safari/537.36"
189.167.220.59 - - [10/Jun/2026:16:00:55 +0000] "GET /about HTTP/1.1" 200 2383 "https://shop.example.com/" "python-requests/2.32.0"
169.18.146.47 - davidalvarez [10/Jun/2026:16:00:55 +0000] "GET /cart HTTP/1.1" 200 3427 "https://shop.example.com/products" "Mozilla/5.0 (Linux; Android 14; Pixel 8) AppleWebKit/537.36 (KHTML, like Gecko) Chrome/124.0.0.0 Mobile Safari/537.36"
106.24.19.210 - - [10/Jun/2026:16:00:55 +0000] "GET / HTTP/1.1" 404 1552 "https://shop.example.com/products" "Mozilla/5.0 (compatible; bingbot/2.0; +http://www.bing.com/bingbot.htm)"
101.80.196.49 - - [10/Jun/2026:16:00:55 +0000] "GET / HTTP/1.1" 200 484 "https://shop.example.com/blog" "Mozilla/5.0 (Linux; Android 14; Pixel 8) AppleWebKit/537.36 (KHTML, like Gecko) Chrome/124.0.0.0 Mobile Safari/537.36"
192.249.155.226 - - [10/Jun/2026:16:00:55 +0000] "GET /products HTTP/1.1" 200 3684 "https://shop.example.com/blog/logs-at-scale" "Mozilla/5.0 (Macintosh; Intel Mac OS X 10_15_7) AppleWebKit/605.1.15 (KHTML, like Gecko) Version/17.4 Safari/605.1.15"
188.32.174.45 - - [10/Jun/2026:16:00:55 +0000] "GET /api/v1/products HTTP/1.1" 404 1874 "https://shop.example.com/api/v1/cart" "Mozilla/5.0 (Windows NT 10.0; Win64; x64; rv:126.0) Gecko/20100101 Firefox/126.0"
221.1.11.39 - - [10/Jun/2026:16:00:55 +0000] "GET /static/js/app.js HTTP/1.1" 200 3974 "https://shop.example.com/products/404" "Mozilla/5.0 (compatible; bingbot/2.0; +http://www.bing.com/bingbot.htm)"
201.212.50.173 - donaldgarcia [10/Jun/2026:16:00:55 +0000] "POST /login HTTP/1.1" 200 4700 "-" "Mozilla/5.0 (compatible; Googlebot/2.1; +http://www.google.com/bot.html)"
169.18.146.47 - agomez [10/Jun/2026:16:00:55 +0000] "GET /static/img/logo.png HTTP/1.1" 200 4792 "https://shop.example.com/products" "Mozilla/5.0 (iPad; CPU OS 17_4 like Mac OS X) AppleWebKit/605.1.15 (KHTML, like Gecko) Version/17.4 Mobile/15E148 Safari/604.1"
208.48.76.248 - adkinsbrian [10/Jun/2026:16:00:55 +0000] "GET /blog/roadmap HTTP/1.1" 200 3255 "https://shop.example.com/blog" "Mozilla/5.0 (iPad; CPU OS 17_4 like Mac OS X) AppleWebKit/605.1.15 (KHTML, like Gecko) Version/17.4 Mobile/15E148 Safari/604.1"
193.153.72.43 - adkinsbrian [10/Jun/2026:16:00:55 +0000] "GET /products/354 HTTP/1.1" 200 4100 "https://shop.example.com/search?q=edge&page=1" "Mozilla/5.0 (compatible; Googlebot/2.1; +http://www.google.com/bot.html)"
189.167.220.59 - - [10/Jun/2026:16:00:56 +0000] "GET / HTTP/1.1" 200 629 "https://shop.example.com/about" "python-requests/2.32.0"
169.18.146.47 - davidalvarez [10/Jun/2026:16:00:56 +0000] "GET /favicon.ico HTTP/1.1" 200 5620 "https://shop.example.com/cart" "Mozilla/5.0 (Linux; Android 14; Pixel 8) AppleWebKit/537.36 (KHTML, like Gecko) Chrome/124.0.0.0 Mobile Safari/537.36"
208.48.76.248 - adkinsbrian [10/Jun/2026:16:00:56 +0000] "GET / HTTP/1.1" 200 5992 "https://shop.example.com/blog/logs-at-scale" "Mozilla/5.0 (iPad; CPU OS 17_4 like Mac OS X) AppleWebKit/605.1.15 (KHTML, like Gecko) Version/17.4 Mobile/15E148 Safari/604.1"
221.1.11.39 - - [10/Jun/2026:16:00:56 +0000] "GET /static/img/logo.png HTTP/1.1" 404 4540 "https://shop.example.com/products/126" "Mozilla/5.0 (compatible; bingbot/2.0; +http://www.bing.com/bingbot.htm)"
192.249.155.226 - - [10/Jun/2026:16:00:56 +0000] "GET / HTTP/1.1" 200 3760 "https://shop.example.com/products" "Mozilla/5.0 (Macintosh; Intel Mac OS X 10_15_7) AppleWebKit/605.1.15 (KHTML, like Gecko) Version/17.4 Safari/605.1.15"
186.248.224.21 - lisa02 [10/Jun/2026:16:00:56 +0000] "GET /products/320 HTTP/1.1" 200 1293 "https://shop.example.com/search?q=edge&page=5" "Mozilla/5.0 (Macintosh; Intel Mac OS X 10_15_7) AppleWebKit/537.36 (KHTML, like Gecko) Chrome/124.0.0.0 Safari/537.36"
209.160.37.1 - - [10/Jun/2026:16:00:56 +0000] "GET /cart HTTP/1.1" 200 3479 "https://shop.example.com/products" "Mozilla/5.0 (Macintosh; Intel Mac OS X 10_15_7) AppleWebKit/605.1.15 (KHTML, like Gecko) Version/17.4 Safari/605.1.15"
169.18.146.47 - davidalvarez [10/Jun/2026:16:00:56 +0000] "POST /checkout HTTP/1.1" 200 997 "https://shop.example.com/cart" "Mozilla/5.0 (Linux; Android 14; Pixel 8) AppleWebKit/537.36 (KHTML, like Gecko) Chrome/124.0.0.0 Mobile Safari/537.36"
169.18.146.47 - - [10/Jun/2026:16:00:56 +0000] "GET /search?q=camera&page=1 HTTP/1.1" 200 1096 "-" "Mozilla/5.0 (compatible; Googlebot/2.1; +http://www.google.com/bot.html)"
192.249.155.226 - - [10/Jun/2026:16:00:57 +0000] "GET /products HTTP/1.1" 200 3901 "https://shop.example.com/" "Mozilla/5.0 (Macintosh; Intel Mac OS X 10_15_7) AppleWebKit/605.1.15 (KHTML, like Gecko) Version/17.4 Safari/605.1.15"
211.252.238.58 - ibrandt [10/Jun/2026:16:00:57 +0000] "GET /static/js/app.js HTTP/1.1" 200 1074 "https://shop.example.com/" "Mozilla/5.0 (iPad; CPU OS 17_4 like Mac OS X) AppleWebKit/605.1.15 (KHTML, like Gecko) Version/17.4 Mobile/15E148 Safari/604.1"
169.18.146.47 - agomez [10/Jun/2026:16:00:57 +0000] "GET /static/css/main.css HTTP/1.1" 200 1698 "https://shop.example.com/products" "Mozilla/5.0 (iPad; CPU OS 17_4 like Mac OS X) AppleWebKit/605.1.15 (KHTML, like Gecko) Version/17.4 Mobile/15E148 Safari/604.1"
143.248.75.145 - - [10/Jun/2026:16:00:57 +0000] "GET / HTTP/1.1" 200 1716 "https://shop.example.com/products/106" "Mozilla/5.0 (iPad; CPU OS 17_4 like Mac OS X) AppleWebKit/605.1.15 (KHTML, like Gecko) Version/17.4 Mobile/15E148 Safari/604.1"
134.217.173.106 - adrianzimmerman [10/Jun/2026:16:00:57 +0000] "GET /cart HTTP/1.1" 200 3796 "https://shop.example.com/checkout" "Mozilla/5.0 (iPad; CPU OS 17_4 like Mac OS X) AppleWebKit/605.1.15 (KHTML, like Gecko) Version/17.4 Mobile/15E148 Safari/604.1"
143.248.75.145 - - [10/Jun/2026:16:00:57 +0000] "GET /favicon.ico HTTP/1.1" 200 3714 "https://shop.example.com/" "Mozilla/5.0 (iPad; CPU OS 17_4 like Mac OS X) AppleWebKit/605.1.15 (KHTML, like Gecko) Version/17.4 Mobile/15E148 Safari/604.1"
169.18.146.47 - - [10/Jun/2026:16:00:57 +0000] "GET /products/401 HTTP/1.1" 200 3462 "https://shop.example.com/search?q=laptop&page=2" "Mozilla/5.0 (compatible; Googlebot/2.1; +http://www.google.com/bot.html)"
164.215.28.54 - - [10/Jun/2026:16:00:57 +0000] "GET / HTTP/1.1" 200 18805 "https://shop.example.com/products" "Mozilla/5.0 (Windows NT 10.0; Win64; x64) AppleWebKit/537.36 (KHTML, like Gecko) Chrome/125.0.0.0 Safari/537.36"
134.217.173.106 - adrianzimmerman [10/Jun/2026:16:00:57 +0000] "POST /checkout HTTP/1.1" 301 643 "https://shop.example.com/cart" "Mozilla/5.0 (iPad; CPU OS 17_4 like Mac OS X) AppleWebKit/605.1.15 (KHTML, like Gecko) Version/17.4 Mobile/15E148 Safari/604.1"
215.167.230.243 - - [10/Jun/2026:16:00:57 +0000] "GET /products HTTP/1.1" 200 7707 "https://shop.example.com/" "python-requests/2.32.0"
189.167.220.59 - - [10/Jun/2026:16:00:58 +0000] "GET /about HTTP/1.1" 404 6875 "https://shop.example.com/" "python-requests/2.32.0"
169.18.146.47 - - [10/Jun/2026:16:00:58 +0000] "GET /products/54 HTTP/1.1" 304 - "https://shop.example.com/products/327" "Mozilla/5.0 (compatible; Googlebot/2.1; +http://www.google.com/bot.html)"
120.204.194.248 - - [10/Jun/2026:16:00:58 +0000] "GET /products HTTP/1.1" 200 1224 "https://duckduckgo.com/" "curl/8.6.0"
101.80.196.49 - - [10/Jun/2026:16:00:58 +0000] "GET /blog HTTP/1.1" 200 1732 "https://shop.example.com/" "Mozilla/5.0 (Linux; Android 14; Pixel 8) AppleWebKit/537.36 (KHTML, like Gecko) Chrome/124.0.0.0 Mobile Safari/537.36"
106.24.19.210 - - [10/Jun/2026:16:00:58 +0000] "GET /products HTTP/1.1" 404 547 "https://shop.example.com/" "python-requests/2.32.0"
169.18.146.47 - - [10/Jun/2026:16:00:58 +0000] "GET /products HTTP/1.1" 304 - "https://shop.example.com/search?q=laptop&page=1" "Mozilla/5.0 (X11; Linux x86_64) AppleWebKit/537.36 (KHTML, like Gecko) Chrome/123.0.0.0 Safari/537.36"
209.160.37.1 - - [10/Jun/2026:16:00:58 +0000] "GET /static/css/main.css HTTP/1.1" 200 2075 "https://shop.example.com/cart" "Mozilla/5.0 (Macintosh; Intel Mac OS X 10_15_7) AppleWebKit/605.1.15 (KHTML, like Gecko) Version/17.4 Safari/605.1.15"
186.248.224.21 - lisa02 [10/Jun/2026:16:00:58 +0000] "GET /static/js/app.js HTTP/1.1" 200 2411 "https://shop.example.com/products/339" "Mozilla/5.0 (Macintosh; Intel Mac OS X 10_15_7) AppleWebKit/537.36 (KHTML, like Gecko) Chrome/124.0.0.0 Safari/537.36"
143.248.75.145 - - [10/Jun/2026:16:00:59 +0000] "GET /about HTTP/1.1" 304 - "https://shop.example.com/" "Mozilla/5.0 (iPad; CPU OS 17_4 like Mac OS X) AppleWebKit/605.1.15 (KHTML, like Gecko) Version/17.4 Mobile/15E148 Safari/604.1"
164.215.28.54 - adkinsbrian [10/Jun/2026:16:00:59 +0000] "GET /products HTTP/1.1" 200 941 "https://duckduckgo.com/" "Mozilla/5.0 (Windows NT 10.0; Win64; x64) AppleWebKit/537.36 (KHTML, like Gecko) Chrome/125.0.0.0 Safari/537.36"
192.249.155.226 - - [10/Jun/2026:16:00:59 +0000] "GET / HTTP/1.1" 404 6101 "https://shop.example.com/products" "Mozilla/5.0 (Macintosh; Intel Mac OS X 10_15_7) AppleWebKit/605.1.15 (KHTML, like Gecko) Version/17.4 Safari/605.1.15"
164.215.28.54 - - [10/Jun/2026:16:00:59 +0000] "GET /static/img/logo.png HTTP/1.1" 404 2830 "https://shop.example.com/" "Mozilla/5.0 (Windows NT 10.0; Win64; x64) AppleWebKit/537.36 (KHTML, like Gecko) Chrome/125.0.0.0 Safari/537.36"
192.249.155.226 - - [10/Jun/2026:16:00:59 +0000] "GET /static/css/main.css HTTP/1.1" 200 1227 "https://shop.example.com/" "Mozilla/5.0 (Macintosh; Intel Mac OS X 10_15_7) AppleWebKit/605.1.15 (KHTML, like Gecko) Version/17.4 Safari/605.1.15"
80.183.191.243 - bethwilliams [10/Jun/2026:16:00:59 +0000] "GET /products/330 HTTP/1.1" 404 6684 "https://shop.example.com/products/35" "Mozilla/5.0 (compatible; bingbot/2.0; +http://www.bing.com/bingbot.htm)"
106.24.19.210 - - [10/Jun/2026:16:00:59 +0000] "GET /cart HTTP/1.1" 200 1651 "https://shop.example.com/products" "python-requests/2.32.0"
120.204.194.248 - - [10/Jun/2026:16:00:59 +0000] "GET /thank-you HTTP/1.1" 200 5982 "https://shop.example.com/checkout" "Mozilla/5.0 (Linux; Android 14; Pixel 8) AppleWebKit/537.36 (KHTML, like Gecko) Chrome/124.0.0.0 Mobile Safari/537.36"
134.217.173.106 - adrianzimmerman [10/Jun/2026:16:00:59 +0000] "GET /static/img/logo.png HTTP/1.1" 200 27848 "https://shop.example.com/checkout" "Mozilla/5.0 (iPad; CPU OS 17_4 like Mac OS X) AppleWebKit/605.1.15 (KHTML, like Gecko) Version/17.4 Mobile/15E148 Safari/604.1"
202.253.31.1 - julieryan [10/Jun/2026:16:00:59 +0000] "GET /products HTTP/1.1" 304 - "https://www.bing.com/" "Mozilla/5.0 (Macintosh; Intel Mac OS X 10_15_7) AppleWebKit/605.1.15 (KHTML, like Gecko) Version/17.4 Safari/605.1.15"
186.248.224.21 - lrobinson [10/Jun/2026:16:00:59 +0000] "GET /search?q=laptop&page=4 HTTP/1.1" 200 1634 "https://shop.example.com/products" "Mozilla/5.0 (Linux; Android 14; Pixel 8) AppleWebKit/537.36 (KHTML, like Gecko) Chrome/124.0.0.0 Mobile Safari/537.36"
106.24.19.210 - caseyjones [10/Jun/2026:16:01:00 +0000] "GET / HTTP/1.1" 200 14895 "-" "curl/8.6.0"
192.249.155.226 - - [10/Jun/2026:16:01:00 +0000] "GET /about HTTP/1.1" 200 1024 "https://shop.example.com/" "Mozilla/5.0 (Macintosh; Intel Mac OS X 10_15_7) AppleWebKit/605.1.15 (KHTML, like Gecko) Version/17.4 Safari/605.1.15"
215.167.230.243 - - [10/Jun/2026:16:01:00 +0000] "GET /products/417 HTTP/1.1" 200 1563 "https://shop.example.com/products" "python-requests/2.32.0"
197.60.181.30 - wrightjames [10/Jun/2026:16:01:00 +0000] "GET /products HTTP/1.1" 304 - "https://shop.example.com/cart" "Mozilla/5.0 (Windows NT 10.0; Win64; x64; rv:126.0) Gecko/20100101 Firefox/126.0"
106.24.19.210 - - [10/Jun/2026:16:01:00 +0000] "GET /about HTTP/1.1" 200 890 "https://shop.example.com/" "Mozilla/5.0 (compatible; bingbot/2.0; +http://www.bing.com/bingbot.htm)"
201.212.50.173 - - [10/Jun/2026:16:01:00 +0000] "GET /products/154 HTTP/1.1" 200 852 "https://shop.example.com/cart/add" "python-requests/2.32.0"
192.249.155.226 - - [10/Jun/2026:16:01:00 +0000] "GET / HTTP/1.1" 200 596 "https://shop.example.com/about" "Mozilla/5.0 (Macintosh; Intel Mac OS X 10_15_7) AppleWebKit/605.1.15 (KHTML, like Gecko) Version/17.4 Safari/605.1.15"
161.98.248.162 - agomez [10/Jun/2026:16:01:01 +0000] "GET /products HTTP/1.1" 200 4285 "https://news.ycombinator.com/" "curl/8.6.0"
169.18.146.47 - adkinsbrian [10/Jun/2026:16:01:01 +0000] "GET /about HTTP/1.1" 200 4846 "https://shop.example.com/" "Mozilla/5.0 (Macintosh; Intel Mac OS X 10_15_7) AppleWebKit/605.1.15 (KHTML, like Gecko) Version/17.4 Safari/605.1.15"
134.235.9.233 - adkinsbrian [10/Jun/2026:16:01:01 +0000] "POST /login HTTP/1.1" 200 4328 "https://shop.example.com/" "Mozilla/5.0 (iPad; CPU OS 17_4 like Mac OS X) AppleWebKit/605.1.15 (KHTML, like Gecko) Version/17.4 Mobile/15E148 Safari/604.1"
23.0.191.32 - gabriellecameron [10/Jun/2026:16:01:01 +0000] "GET /products/26 HTTP/1.1" 304 - "-" "Mozilla/5.0 (Windows NT 10.0; Win64; x64) AppleWebKit/537.36 (KHTML, like Gecko) Chrome/125.0.0.0 Safari/537.36 Edg/125.0.0.0"
201.212.50.173 - - [10/Jun/2026:16:01:01 +0000] "GET / HTTP/1.1" 200 1704 "https://shop.example.com/products/434" "python-requests/2.32.0"
48.229.28.185 - jenniferross [10/Jun/2026:16:01:01 +0000] "GET /contact HTTP/1.1" 200 10627 "https://shop.example.com/about" "Mozilla/5.0 (compatible; Googlebot/2.1; +http://www.google.com/bot.html)"
134.217.173.106 - adrianzimmerman [10/Jun/2026:16:01:01 +0000] "GET /favicon.ico HTTP/1.1" 200 7514 "https://shop.example.com/checkout" "Mozilla/5.0 (iPad; CPU OS 17_4 like Mac OS X) AppleWebKit/605.1.15 (KHTML, like Gecko) Version/17.4 Mobile/15E148 Safari/604.1"
208.48.76.248 - adkinsbrian [10/Jun/2026:16:01:01 +0000] "GET /static/css/main.css HTTP/1.1" 200 5178 "https://shop.example.com/" "Mozilla/5.0 (iPad; CPU OS 17_4 like Mac OS X) AppleWebKit/605.1.15 (KHTML, like Gecko) Version/17.4 Mobile/15E148 Safari/604.1"
186.248.224.21 - lrobinson [10/Jun/2026:16:01:01 +0000] "GET /products HTTP/1.1" 200 2317 "https://shop.example.com/search?q=router&page=5" "Mozilla/5.0 (Linux; Android 14; Pixel 8) AppleWebKit/537.36 (KHTML, like Gecko) Chrome/124.0.0.0 Mobile Safari/537.36"
106.24.19.210 - - [10/Jun/2026:16:01:01 +0000] "GET /products HTTP/1.1" 200 1321 "https://shop.example.com/cart" "python-requests/2.32.0"
106.24.19.210 - - [10/Jun/2026:16:01:01 +0000] "GET /search?q=sensor&page=3 HTTP/1.1" 200 8357 "https://shop.example.com/products" "python-requests/2.32.0"
169.18.146.47 - agomez [10/Jun/2026:16:01:02 +0000] "GET /cart HTTP/1.1" 200 1144 "https://shop.example.com/products" "Mozilla/5.0 (iPad; CPU OS 17_4 like Mac OS X) AppleWebKit/605.1.15 (KHTML, like Gecko) Version/17.4 Mobile/15E148 Safari/604.1"
192.249.155.226 - - [10/Jun/2026:16:01:02 +0000] "GET / HTTP/1.1" 200 6013 "-" "Mozilla/5.0 (compatible; bingbot/2.0; +http://www.bing.com/bingbot.htm)"
169.18.146.47 - davidalvarez [10/Jun/2026:16:01:02 +0000] "GET /static/css/main.css HTTP/1.1" 200 2804 "https://shop.example.com/checkout" "Mozilla/5.0 (Linux; Android 14; Pixel 8) AppleWebKit/537.36 (KHTML, like Gecko) Chrome/124.0.0.0 Mobile Safari/537.36"
120.204.194.248 - - [10/Jun/2026:16:01:02 +0000] "GET / HTTP/1.1" 200 2748 "-" "Mozilla/5.0 (compatible; Googlebot/2.1; +http://www.google.com/bot.html)"
193.153.72.43 - - [10/Jun/2026:16:01:02 +0000] "GET /products HTTP/1.1" 200 5019 "https://www.google.com/" "Mozilla/5.0 (X11; Linux x86_64) AppleWebKit/537.36 (KHTML, like Gecko) Chrome/123.0.0.0 Safari/537.36"
120.204.194.248 - - [10/Jun/2026:16:01:02 +0000] "GET /cart HTTP/1.1" 200 3783 "https://shop.example.com/products" "curl/8.6.0"
189.167.220.59 - - [10/Jun/2026:16:01:02 +0000] "GET /contact HTTP/1.1" 404 3975 "https://shop.example.com/about" "python-requests/2.32.0"
30.221.151.186 - john39 [10/Jun/2026:16:01:02 +0000] "GET /products HTTP/1.1" 200 1447 "-" "python-requests/2.32.0"
189.167.220.59 - - [10/Jun/2026:16:01:03 +0000] "GET / HTTP/1.1" 200 5860 "https://shop.example.com/contact" "python-requests/2.32.0"
193.153.72.43 - - [10/Jun/2026:16:01:03 +0000] "GET / HTTP/1.1" 200 2879 "https://shop.example.com/products" "Mozilla/5.0 (X11; Linux x86_64) AppleWebKit/537.36 (KHTML, like Gecko) Chrome/123.0.0.0 Safari/537.36"
48.229.28.185 - caseyjones [10/Jun/2026:16:01:03 +0000] "GET /products HTTP/1.1" 200 833 "https://www.google.com/" "Mozilla/5.0 (Windows NT 10.0; Win64; x64; rv:126.0) Gecko/20100101 Firefox/126.0"
48.229.28.185 - jenniferross [10/Jun/2026:16:01:03 +0000] "GET / HTTP/1.1" 200 662 "https://shop.example.com/contact" "Mozilla/5.0 (compatible; Googlebot/2.1; +http://www.google.com/bot.html)"
201.212.50.173 - donaldgarcia [10/Jun/2026:16:01:03 +0000] "GET /products HTTP/1.1" 404 1033 "https://shop.example.com/login" "Mozilla/5.0 (compatible; Googlebot/2.1; +http://www.google.com/bot.html)"
215.167.230.243 - agomez [10/Jun/2026:16:01:03 +0000] "GET /favicon.ico HTTP/1.1" 200 1397 "https://shop.example.com/products" "Mozilla/5.0 (iPhone; CPU iPhone OS 17_4 like Mac OS X) AppleWebKit/605.1.15 (KHTML, like Gecko) Version/17.4 Mobile/15E148 Safari/604.1"
197.60.181.30 - wrightjames [10/Jun/2026:16:01:03 +0000] "GET / HTTP/1.1" 200 963 "https://shop.example.com/products" "Mozilla/5.0 (Windows NT 10.0; Win64; x64; rv:126.0) Gecko/20100101 Firefox/126.0"
120.204.194.248 - - [10/Jun/2026:16:01:03 +0000] "GET / HTTP/1.1" 200 1034 "-" "Mozilla/5.0 (compatible; bingbot/2.0; +http://www.bing.com/bingbot.htm)"
148.159.187.62 - - [10/Jun/2026:16:01:03 +0000] "GET /products/500 HTTP/1.1" 200 1258 "-" "Mozilla/5.0 (Windows NT 10.0; Win64; x64) AppleWebKit/537.36 (KHTML, like Gecko) Chrome/125.0.0.0 Safari/537.36"
161.98.248.162 - agomez [10/Jun/2026:16:01:03 +0000] "GET /search?q=gateway&page=5 HTTP/1.1" 200 2818 "https://shop.example.com/products" "curl/8.6.0"
209.160.37.1 - - [10/Jun/2026:16:01:03 +0000] "GET /static/js/app.js HTTP/1.1" 200 13713 "https://shop.example.com/cart" "Mozilla/5.0 (Macintosh; Intel Mac OS X 10_15_7) AppleWebKit/605.1.15 (KHTML, like Gecko) Version/17.4 Safari/605.1.15"
120.204.194.248 - - [10/Jun/2026:16:01:04 +0000] "GET /static/img/logo.png HTTP/1.1" 200 975 "https://shop.example.com/thank-you" "Mozilla/5.0 (Linux; Android 14; Pixel 8) AppleWebKit/537.36 (KHTML, like Gecko) Chrome/124.0.0.0 Mobile Safari/537.36"
202.253.31.1 - julieryan [10/Jun/2026:16:01:04 +0000] "GET /products/438 HTTP/1.1" 200 21181 "https://shop.example.com/products" "Mozilla/5.0 (Macintosh; Intel Mac OS X 10_15_7) AppleWebKit/605.1.15 (KHTML, like Gecko) Version/17.4 Safari/605.1.15"
202.253.31.1 - julieryan [10/Jun/2026:16:01:04 +0000] "GET /static/css/main.css HTTP/1.1" 200 2022 "https://shop.example.com/products/435" "Mozilla/5.0 (Macintosh; Intel Mac OS X 10_15_7) AppleWebKit/605.1.15 (KHTML, like Gecko) Version/17.4 Safari/605.1.15"
220.224.118.198 - brownjessica [10/Jun/2026:16:01:04 +0000] "GET /products/231 HTTP/1.1" 200 1771 "-" "Mozilla/5.0 (Linux; Android 14; Pixel 8) AppleWebKit/537.36 (KHTML, like Gecko) Chrome/124.0.0.0 Mobile Safari/537.36"
169.18.146.47 - - [10/Jun/2026:16:01:04 +0000] "GET /products/285 HTTP/1.1" 200 1129 "https://www.google.com/" "Mozilla/5.0 (compatible; bingbot/2.0; +http://www.bing.com/bingbot.htm)"
48.229.28.185 - caseyjones [10/Jun/2026:16:01:04 +0000] "GET / HTTP/1.1" 200 3770 "https://shop.example.com/products" "Mozilla/5.0 (Windows NT 10.0; Win64; x64; rv:126.0) Gecko/20100101 Firefox/126.0"
169.18.146.47 - adkinsbrian [10/Jun/2026:16:01:04 +0000] "GET / HTTP/1.1" 200 3338 "https://shop.example.com/about" "Mozilla/5.0 (Macintosh; Intel Mac OS X 10_15_7) AppleWebKit/605.1.15 (KHTML, like Gecko) Version/17.4 Safari/605.1.15"
169.18.146.47 - davidalvarez [10/Jun/2026:16:01:04 +0000] "GET /static/js/app.js HTTP/1.1" 200 3131 "https://shop.example.com/checkout" "Mozilla/5.0 (Linux; Android 14; Pixel 8) AppleWebKit/537.36 (KHTML, like Gecko) Chrome/124.0.0.0 Mobile Safari/537.36"
120.204.194.248 - - [10/Jun/2026:16:01:04 +0000] "GET /static/css/main.css HTTP/1.1" 200 10073 "https://shop.example.com/thank-you" "Mozilla/5.0 (Linux; Android 14; Pixel 8) AppleWebKit/537.36 (KHTML, like Gecko) Chrome/124.0.0.0 Mobile Safari/537.36"
201.212.50.173 - - [10/Jun/2026:16:01:04 +0000] "GET /api/v1/products HTTP/1.1" 200 1976 "https://news.ycombinator.com/" "Mozilla/5.0 (Windows NT 10.0; Win64; x64; rv:126.0) Gecko/20100101 Firefox/126.0"
197.60.181.30 - wrightjames [10/Jun/2026:16:01:04 +0000] "GET /blog HTTP/1.1" 200 2888 "https://shop.example.com/" "Mozilla/5.0 (Windows NT 10.0; Win64; x64; rv:126.0) Gecko/20100101 Firefox/126.0"
169.18.146.47 - davidalvarez [10/Jun/2026:16:01:04 +0000] "GET /cart HTTP/1.1" 200 3440 "https://shop.example.com/checkout" "Mozilla/5.0 (Linux; Android 14; Pixel 8) AppleWebKit/537.36 (KHTML, like Gecko) Chrome/124.0.0.0 Mobile Safari/537.36"
106.24.19.210 - - [10/Jun/2026:16:01:04 +0000] "GET /api/v1/products HTTP/1.1" 200 3011 "https://www.bing.com/" "Mozilla/5.0 (iPhone; CPU iPhone OS 17_4 like Mac OS X) AppleWebKit/605.1.15 (KHTML, like Gecko) Version/17.4 Mobile/15E148 Safari/604.1"
186.248.224.21 - lisa02 [10/Jun/2026:16:01:04 +0000] "POST /cart/add HTTP/1.1" 200 1006 "https://shop.example.com/products/328" "Mozilla/5.0 (Macintosh; Intel Mac OS X 10_15_7) AppleWebKit/537.36 (KHTML, like Gecko) Chrome/124.0.0.0 Safari/537.36"
134.235.9.233 - adkinsbrian [10/Jun/2026:16:01:04 +0000] "GET /profile HTTP/1.1" 200 1290 "https://shop.example.com/login" "Mozilla/5.0 (iPad; CPU OS 17_4 like Mac OS X) AppleWebKit/605.1.15 (KHTML, like Gecko) Version/17.4 Mobile/15E148 Safari/604.1"
221.1.11.39 - - [10/Jun/2026:16:01:05 +0000] "GET /products HTTP/1.1" 200 579 "https://shop.example.com/products/283" "Mozilla/5.0 (compatible; bingbot/2.0; +http://www.bing.com/bingbot.htm)"
193.153.72.43 - - [10/Jun/2026:16:01:05 +0000] "GET /favicon.ico HTTP/1.1" 200 3325 "https://shop.example.com/" "Mozilla/5.0 (X11; Linux x86_64) AppleWebKit/537.36 (KHTML, like Gecko) Chrome/123.0.0.0 Safari/537.36"
197.60.181.30 - wrightjames [10/Jun/2026:16:01:05 +0000] "GET / HTTP/1.1" 200 2731 "https://shop.example.com/blog" "Mozilla/5.0 (Windows NT 10.0; Win64; x64; rv:126.0) Gecko/20100101 Firefox/126.0"
201.212.50.173 - adkinsbrian [10/Jun/2026:16:01:05 +0000] "GET /products HTTP/1.1" 200 840 "https://duckduckgo.com/" "Mozilla/5.0 (Windows NT 10.0; Win64; x64; rv:126.0) Gecko/20100101 Firefox/126.0"
106.24.19.210 - adrianzimmerman [10/Jun/2026:16:01:05 +0000] "GET /search?q=edge&page=4 HTTP/1.1" 200 652 "https://duckduckgo.com/" "Mozilla/5.0 (compatible; bingbot/2.0; +http://www.bing.com/bingbot.htm)"
220.224.118.198 - brownjessica [10/Jun/2026:16:01:05 +0000] "GET /favicon.ico HTTP/1.1" 200 4659 "https://shop.example.com/products/35" "Mozilla/5.0 (Linux; Android 14; Pixel 8) AppleWebKit/537.36 (KHTML, like Gecko) Chrome/124.0.0.0 Mobile Safari/537.36"
169.18.146.47 - ericfarmer [10/Jun/2026:16:01:05 +0000] "GET /static/css/main.css HTTP/1.1" 200 1310 "https://shop.example.com/" "Mozilla/5.0 (iPhone; CPU iPhone OS 17_4 like Mac OS X) AppleWebKit/605.1.15 (KHTML, like Gecko) Version/17.4 Mobile/15E148 Safari/604.1"
143.248.75.145 - - [10/Jun/2026:16:01:05 +0000] "GET / HTTP/1.1" 200 1110 "https://shop.example.com/about" "Mozilla/5.0 (iPad; CPU OS 17_4 like Mac OS X) AppleWebKit/605.1.15 (KHTML, like Gecko) Version/17.4 Mobile/15E148 Safari/604.1"
157.209.180.46 - - [10/Jun/2026:16:01:05 +0000] "GET / HTTP/1.1" 200 7929 "-" "Mozilla/5.0 (iPad; CPU OS 17_4 like Mac OS X) AppleWebKit/605.1.15 (KHTML, like Gecko) Version/17.4 Mobile/15E148 Safari/604.1"
201.212.50.173 - adkinsbrian [10/Jun/2026:16:01:06 +0000] "GET / HTTP/1.1" 200 10282 "https://shop.example.com/products" "Mozilla/5.0 (Windows NT 10.0; Win64; x64; rv:126.0) Gecko/20100101 Firefox/126.0"
193.153.72.43 - - [10/Jun/2026:16:01:06 +0000] "GET /products HTTP/1.1" 200 3025 "https://shop.example.com/" "Mozilla/5.0 (X11; Linux x86_64) AppleWebKit/537.36 (KHTML, like Gecko) Chrome/123.0.0.0 Safari/537.36"
201.212.50.173 - - [10/Jun/2026:16:01:06 +0000] "GET /products/408 HTTP/1.1" 200 1341 "-" "Mozilla/5.0 (Linux; Android 14; Pixel 8) AppleWebKit/537.36 (KHTML, like Gecko) Chrome/124.0.0.0 Mobile Safari/537.36"
203.5.228.214 - - [10/Jun/2026:16:01:06 +0000] "GET /products HTTP/1.1" 200 3722 "-" "Mozilla/5.0 (Macintosh; Intel Mac OS X 10_15_7) AppleWebKit/537.36 (KHTML, like Gecko) Chrome/124.0.0.0 Safari/537.36"
208.48.76.248 - adkinsbrian [10/Jun/2026:16:01:06 +0000] "GET /favicon.ico HTTP/1.1" 404 3525 "https://shop.example.com/" "Mozilla/5.0 (iPad; CPU OS 17_4 like Mac OS X) AppleWebKit/605.1.15 (KHTML, like Gecko) Version/17.4 Mobile/15E148 Safari/604.1"
186.248.224.21 - lisa02 [10/Jun/2026:16:01:06 +0000] "GET /products/420 HTTP/1.1" 302 6408 "https://shop.example.com/cart/add" "Mozilla/5.0 (Macintosh; Intel Mac OS X 10_15_7) AppleWebKit/537.36 (KHTML, like Gecko) Chrome/124.0.0.0 Safari/537.36"
215.167.230.243 - agomez [10/Jun/2026:16:01:06 +0000] "GET /static/img/logo.png HTTP/1.1" 200 645 "https://shop.example.com/products" "Mozilla/5.0 (iPhone; CPU iPhone OS 17_4 like Mac OS X) AppleWebKit/605.1.15 (KHTML, like Gecko) Version/17.4 Mobile/15E148 Safari/604.1"
169.18.146.47 - ericfarmer [10/Jun/2026:16:01:06 +0000] "GET /products HTTP/1.1" 200 827 "https://shop.example.com/" "Mozilla/5.0 (iPhone; CPU iPhone OS 17_4 like Mac OS X) AppleWebKit/605.1.15 (KHTML, like Gecko) Version/17.4 Mobile/15E148 Safari/604.1"
164.215.28.54 - - [10/Jun/2026:16:01:06 +0000] "GET /products HTTP/1.1" 404 963 "https://duckduckgo.com/" "Mozilla/5.0 (Windows NT 10.0; Win64; x64; rv:126.0) Gecko/20100101 Firefox/126.0"
120.204.194.248 - - [10/Jun/2026:16:01:07 +0000] "POST /checkout HTTP/1.1" 200 3253 "https://shop.example.com/cart" "curl/8.6.0"
106.24.19.210 - - [10/Jun/2026:16:01:07 +0000] "GET /products/254 HTTP/1.1" 200 7028 "-" "Mozilla/5.0 (Windows NT 10.0; Win64; x64; rv:126.0) Gecko/20100101 Firefox/126.0"
120.204.194.248 - - [10/Jun/2026:16:01:07 +0000] "GET /blog HTTP/1.1" 200 4216 "https://shop.example.com/" "Mozilla/5.0 (compatible; Googlebot/2.1; +http://www.google.com/bot.html)"
161.98.248.162 - agomez [10/Jun/2026:16:01:07 +0000] "GET /products/223 HTTP/1.1" 200 2423 "https://shop.example.com/search?q=router&page=2" "curl/8.6.0"
192.249.155.226 - - [10/Jun/2026:16:01:07 +0000] "GET /search?q=router&page=1 HTTP/1.1" 200 3605 "https://shop.example.com/" "Mozilla/5.0 (compatible; bingbot/2.0; +http://www.bing.com/bingbot.htm)"
169.18.146.47 - - [10/Jun/2026:16:01:07 +0000] "GET /favicon.ico HTTP/1.1" 200 2042 "https://shop.example.com/products/118" "Mozilla/5.0 (compatible; bingbot/2.0; +http://www.bing.com/bingbot.htm)"
106.24.19.210 - adrianzimmerman [10/Jun/2026:16:01:07 +0000] "GET /static/css/main.css HTTP/1.1" 200 1142 "https://shop.example.com/search?q=edge&page=3" "Mozilla/5.0 (compatible; bingbot/2.0; +http://www.bing.com/bingbot.htm)"
101.80.196.49 - - [10/Jun/2026:16:01:07 +0000] "GET /blog/roadmap HTTP/1.1" 200 1828 "https://shop.example.com/blog" "Mozilla/5.0 (Linux; Android 14; Pixel 8) AppleWebKit/537.36 (KHTML, like Gecko) Chrome/124.0.0.0 Mobile Safari/537.36"
203.5.228.214 - - [10/Jun/2026:16:01:07 +0000] "GET /static/img/logo.png HTTP/1.1" 200 2667 "https://shop.example.com/products" "Mozilla/5.0 (Macintosh; Intel Mac OS X 10_15_7) AppleWebKit/537.36 (KHTML, like Gecko) Chrome/124.0.0.0 Safari/537.36"
157.209.180.46 - - [10/Jun/2026:16:01:07 +0000] "GET /favicon.ico HTTP/1.1" 200 2103 "https://shop.example.com/" "Mozilla/5.0 (iPad; CPU OS 17_4 like Mac OS X) AppleWebKit/605.1.15 (KHTML, like Gecko) Version/17.4 Mobile/15E148 Safari/604.1"
186.248.224.21 - - [10/Jun/2026:16:01:07 +0000] "GET /products/39 HTTP/1.1" 200 5764 "https://duckduckgo.com/" "Mozilla/5.0 (iPad; CPU OS 17_4 like Mac OS X) AppleWebKit/605.1.15 (KHTML, like Gecko) Version/17.4 Mobile/15E148 Safari/604.1"
201.212.50.173 - adkinsbrian [10/Jun/2026:16:01:08 +0000] "GET /about HTTP/1.1" 200 635 "https://shop.example.com/" "Mozilla/5.0 (Windows NT 10.0; Win64; x64; rv:126.0) Gecko/20100101 Firefox/126.0"
215.167.230.243 - - [10/Jun/2026:16:01:08 +0000] "GET /products HTTP/1.1" 200 6143 "https://shop.example.com/products/77" "python-requests/2.32.0"
169.18.146.47 - adkinsbrian [10/Jun/2026:16:01:08 +0000] "POST /login HTTP/1.1" 200 3409 "https://shop.example.com/" "Mozilla/5.0 (Macintosh; Intel Mac OS X 10_15_7) AppleWebKit/605.1.15 (KHTML, like Gecko) Version/17.4 Safari/605.1.15"
215.167.230.243 - agomez [10/Jun/2026:16:01:08 +0000] "GET / HTTP/1.1" 200 655 "https://shop.example.com/products" "Mozilla/5.0 (iPhone; CPU iPhone OS 17_4 like Mac OS X) AppleWebKit/605.1.15 (KHTML, like Gecko) Version/17.4 Mobile/15E148 Safari/604.1"
76.92.61.13 - bethwilliams [10/Jun/2026:16:01:08 +0000] "GET /products HTTP/1.1" 200 810 "https://www.bing.com/" "Mozilla/5.0 (X11; Linux x86_64) AppleWebKit/537.36 (KHTML, like Gecko) Chrome/123.0.0.0 Safari/537.36"
2.70.113.58 - - [10/Jun/2026:16:01:08 +0000] "GET / HTTP/1.1" 200 3208 "-" "Mozilla/5.0 (compatible; bingbot/2.0; +http://www.bing.com/bingbot.htm)"
120.204.194.248 - - [10/Jun/2026:16:01:08 +0000] "GET /static/js/app.js HTTP/1.1" 200 1170 "https://shop.example.com/" "Mozilla/5.0 (compatible; bingbot/2.0; +http://www.bing.com/bingbot.htm)"
221.1.11.39 - michellebarrera [10/Jun/2026:16:01:08 +0000] "POST /login HTTP/1.1" 200 8858 "https://www.bing.com/" "Mozilla/5.0 (Windows NT 10.0; Win64; x64; rv:126.0) Gecko/20100101 Firefox/126.0"
120.204.194.248 - - [10/Jun/2026:16:01:08 +0000] "GET /static/css/main.css HTTP/1.1" 200 3916 "https://shop.example.com/" "Mozilla/5.0 (compatible; bingbot/2.0; +http://www.bing.com/bingbot.htm)"
221.1.11.39 - michellebarrera [10/Jun/2026:16:01:08 +0000] "GET /profile HTTP/1.1" 200 7557 "https://shop.example.com/login" "Mozilla/5.0 (Windows NT 10.0; Win64; x64; rv:126.0) Gecko/20100101 Firefox/126.0"
183.176.187.209 - garzaanthony [10/Jun/2026:16:01:08 +0000] "GET /search?q=sensor&page=2 HTTP/1.1" 200 1290 "-" "Mozilla/5.0 (Macintosh; Intel Mac OS X 10_15_7) AppleWebKit/605.1.15 (KHTML, like Gecko) Version/17.4 Safari/605.1.15"
143.248.75.145 - - [10/Jun/2026:16:01:09 +0000] "GET /search?q=gateway&page=5 HTTP/1.1" 200 4525 "https://shop.example.com/" "Mozilla/5.0 (iPad; CPU OS 17_4 like Mac OS X) AppleWebKit/605.1.15 (KHTML, like Gecko) Version/17.4 Mobile/15E148 Safari/604.1"
169.18.146.47 - - [10/Jun/2026:16:01:09 +0000] "GET /static/css/main.css HTTP/1.1" 200 648 "https://shop.example.com/products/374" "Mozilla/5.0 (compatible; bingbot/2.0; +http://www.bing.com/bingbot.htm)"
72.95.89.104 - - [10/Jun/2026:16:01:09 +0000] "GET /products/2 HTTP/1.1" 200 7850 "-" "Mozilla/5.0 (Macintosh; Intel Mac OS X 10_15_7) AppleWebKit/537.36 (KHTML, like Gecko) Chrome/124.0.0.0 Safari/537.36"
221.1.11.39 - michellebarrera [10/Jun/2026:16:01:09 +0000] "GET / HTTP/1.1" 304 - "https://shop.example.com/profile" "Mozilla/5.0 (Windows NT 10.0; Win64; x64; rv:126.0) Gecko/20100101 Firefox/126.0"
169.18.146.47 - agomez [10/Jun/2026:16:01:09 +0000] "GET /favicon.ico HTTP/1.1" 200 1204 "https://shop.example.com/cart" "Mozilla/5.0 (iPad; CPU OS 17_4 like Mac OS X) AppleWebKit/605.1.15 (KHTML, like Gecko) Version/17.4 Mobile/15E148 Safari/604.1"
106.24.19.210 - - [10/Jun/2026:16:01:09 +0000] "GET /favicon.ico HTTP/1.1" 200 1099 "https://shop.example.com/search?q=camera&page=1" "python-requests/2.32.0"
201.212.50.173 - adkinsbrian [10/Jun/2026:16:01:09 +0000] "GET /favicon.ico HTTP/1.1" 200 866 "https://shop.example.com/about" "Mozilla/5.0 (Windows NT 10.0; Win64; x64; rv:126.0) Gecko/20100101 Firefox/126.0"
201.212.50.173 - - [10/Jun/2026:16:01:09 +0000] "POST /cart/add HTTP/1.1" 200 14945 "https://shop.example.com/products/438" "Mozilla/5.0 (Linux; Android 14; Pixel 8) AppleWebKit/537.36 (KHTML, like Gecko) Chrome/124.0.0.0 Mobile Safari/537.36"
169.18.146.47 - adkinsbrian [10/Jun/2026:16:01:09 +0000] "GET /profile HTTP/1.1" 200 2992 "https://shop.example.com/login" "Mozilla/5.0 (Macintosh; Intel Mac OS X 10_15_7) AppleWebKit/605.1.15 (KHTML, like Gecko) Version/17.4 Safari/605.1.15"
80.183.191.243 - bethwilliams [10/Jun/2026:16:01:09 +0000] "POST /cart/add HTTP/1.1" 304 - "https://shop.example.com/products/402" "Mozilla/5.0 (compatible; bingbot/2.0; +http://www.bing.com/bingbot.htm)"
202.253.31.1 - julieryan [10/Jun/2026:16:01:09 +0000] "GET /static/img/logo.png HTTP/1.1" 200 890 "https://shop.example.com/products/4" "Mozilla/5.0 (Macintosh; Intel Mac OS X 10_15_7) AppleWebKit/605.1.15 (KHTML, like Gecko) Version/17.4 Safari/605.1.15"
215.167.230.243 - agomez [10/Jun/2026:16:01:09 +0000] "GET /static/img/logo.png HTTP/1.1" 200 1328 "https://shop.example.com/" "Mozilla/5.0 (iPhone; CPU iPhone OS 17_4 like Mac OS X) AppleWebKit/605.1.15 (KHTML, like Gecko) Version/17.4 Mobile/15E148 Safari/604.1"
148.159.187.62 - - [10/Jun/2026:16:01:09 +0000] "GET /static/css/main.css HTTP/1.1" 200 1143 "https://shop.example.com/products/266" "Mozilla/5.0 (Windows NT 10.0; Win64; x64) AppleWebKit/537.36 (KHTML, like Gecko) Chrome/125.0.0.0 Safari/537.36"
201.212.50.173 - - [10/Jun/2026:16:01:09 +0000] "GET /products HTTP/1.1" 200 1703 "https://shop.example.com/cart/add" "Mozilla/5.0 (Linux; Android 14; Pixel 8) AppleWebKit/537.36 (KHTML, like Gecko) Chrome/124.0.0.0 Mobile Safari/537.36"
155.228.188.151 - adkinsbrian [10/Jun/2026:16:01:10 +0000] "POST /login HTTP/1.1" 200 1765 "-" "Mozilla/5.0 (Macintosh; Intel Mac OS X 10_15_7) AppleWebKit/605.1.15 (KHTML, like Gecko) Version/17.4 Safari/605.1.15"
72.95.89.104 - - [10/Jun/2026:16:01:10 +0000] "GET /static/img/logo.png HTTP/1.1" 200 985 "https://shop.example.com/products/493" "Mozilla/5.0 (Macintosh; Intel Mac OS X 10_15_7) AppleWebKit/537.36 (KHTML, like Gecko) Chrome/124.0.0.0 Safari/537.36"
106.24.19.210 - - [10/Jun/2026:16:01:10 +0000] "GET /search?q=camera&page=2 HTTP/1.1" 200 1992 "https://shop.example.com/search?q=router&page=4" "python-requests/2.32.0"
203.5.228.214 - - [10/Jun/2026:16:01:10 +0000] "GET / HTTP/1.1" 200 1005 "https://shop.example.com/products" "Mozilla/5.0 (Macintosh; Intel Mac OS X 10_15_7) AppleWebKit/537.36 (KHTML, like Gecko) Chrome/124.0.0.0 Safari/537.36"
106.24.19.210 - - [10/Jun/2026:16:01:10 +0000] "POST /api/v1/cart HTTP/1.1" 200 1148 "https://shop.example.com/api/v1/products" "Mozilla/5.0 (iPhone; CPU iPhone OS 17_4 like Mac OS X) AppleWebKit/605.1.15 (KHTML, like Gecko) Version/17.4 Mobile/15E148 Safari/604.1"
212.76.28.225 - barnesbrandy [10/Jun/2026:16:01:10 +0000] "GET / HTTP/1.1" 200 5698 "https://www.bing.com/" "Mozilla/5.0 (Windows NT 10.0; Win64; x64) AppleWebKit/537.36 (KHTML, like Gecko) Chrome/125.0.0.0 Safari/537.36 Edg/125.0.0.0"
183.176.187.209 - garzaanthony [10/Jun/2026:16:01:10 +0000] "GET /search?q=router&page=4 HTTP/1.1" 200 1277 "https://shop.example.com/search?q=sensor&page=3" "Mozilla/5.0 (Macintosh; Intel Mac OS X 10_15_7) AppleWebKit/605.1.15 (KHTML, like Gecko) Version/17.4 Safari/605.1.15"
221.1.11.39 - - [10/Jun/2026:16:01:10 +0000] "GET /cart HTTP/1.1" 200 4830 "https://shop.example.com/products" "Mozilla/5.0 (compatible; bingbot/2.0; +http://www.bing.com/bingbot.htm)"
48.229.28.185 - jenniferross [10/Jun/2026:16:01:10 +0000] "GET /favicon.ico HTTP/1.1" 404 1338 "https://shop.example.com/" "Mozilla/5.0 (compatible; Googlebot/2.1; +http://www.google.com/bot.html)"
