49.181.32.252 - agomez [10/Jun/2026:16:00:00 +0000] "GET / HTTP/1.1" 200 1374 "-" "Mozilla/5.0 (Windows NT 10.0; Win64; x64) AppleWebKit/537.36 (KHTML, like Gecko) Chrome/125.0.0.0 Safari/537.36"
142.144.236.174 - caseyjones [10/Jun/2026:16:00:00 +0000] "GET / HTTP/1.1" 200 3973 "https://www.google.com/" "Mozilla/5.0 (Windows NT 10.0; Win64; x64) AppleWebKit/537.36 (KHTML, like Gecko) Chrome/125.0.0.0 Safari/537.36 Edg/125.0.0.0"
142.144.236.174 - caseyjones [10/Jun/2026:16:00:00 +0000] "POST /login HTTP/1.1" 200 1358 "https://shop.example.com/" "Mozilla/5.0 (Windows NT 10.0; Win64; x64) AppleWebKit/537.36 (KHTML, like Gecko) Chrome/125.0.0.0 Safari/537.36 Edg/125.0.0.0"
142.144.236.174 - caseyjones [10/Jun/2026:16:00:00 +0000] "GET /static/js/app.js HTTP/1.1" 200 1063 "https://shop.example.com/login" "Mozilla/5.0 (Windows NT 10.0; Win64; x64) AppleWebKit/537.36 (KHTML, like Gecko) Chrome/125.0.0.0 Safari/537.36 Edg/125.0.0.0"
142.144.236.174 - caseyjones [10/Jun/2026:16:00:00 +0000] "GET /static/img/logo.png HTTP/1.1" 200 3965 "https://shop.example.com/login" "Mozilla/5.0 (Windows NT 10.0; Win64; x64) AppleWebKit/537.36 (KHTML, like Gecko) Chrome/125.0.0.0 Safari/537.36 Edg/125.0.0.0"
142.144.236.174 - caseyjones [10/Jun/2026:16:00:00 +0000] "GET /profile HTTP/1.1" 404 1175 "https://shop.example.com/login" "Mozilla/5.0 (Windows NT 10.0; Win64; x64) AppleWebKit/537.36 (KHTML, like Gecko) Chrome/125.0.0.0 Safari/537.36 Edg/125.0.0.0"
49.181.32.252 - agomez [10/Jun/2026:16:00:00 +0000] "GET /about HTTP/1.1" 200 4509 "https://shop.example.com/" "Mozilla/5.0 (Windows NT 10.0; Win64; x64) AppleWebKit/537.36 (KHTML, like Gecko) Chrome/125.0.0.0 Safari/537.36"
8.27.157.23 - - [10/Jun/2026:16:00:00 +0000] "GET / HTTP/1.1" 200 3007 "https://www.bing.com/" "Mozilla/5.0 (Macintosh; Intel Mac OS X 10_15_7) AppleWebKit/537.36 (KHTML, like Gecko) Chrome/124.0.0.0 Safari/537.36"
49.181.32.252 - agomez [10/Jun/2026:16:00:01 +0000] "GET /static/css/main.css HTTP/1.1" 200 7705 "https://shop.example.com/about" "Mozilla/5.0 (Windows NT 10.0; Win64; x64) AppleWebKit/537.36 (KHTML, like Gecko) Chrome/125.0.0.0 Safari/537.36"
142.144.236.174 - caseyjones [10/Jun/2026:16:00:01 +0000] "GET /static/js/app.js HTTP/1.1" 200 3941 "https://shop.example.com/profile" "Mozilla/5.0 (Windows NT 10.0; Win64; x64) AppleWebKit/537.36 (KHTML, like Gecko) Chrome/125.0.0.0 Safari/537.36 Edg/125.0.0.0"
8.27.157.23 - - [10/Jun/2026:16:00:01 +0000] "GET /search?q=laptop&page=5 HTTP/1.1" 200 552 "https://shop.example.com/" "Mozilla/5.0 (Macintosh; Intel Mac OS X 10_15_7) AppleWebKit/537.36 (KHTML, like Gecko) Chrome/124.0.0.0 Safari/537.36"
142.144.236.174 - caseyjones [10/Jun/2026:16:00:01 +0000] "GET /products HTTP/1.1" 200 2612 "https://shop.example.com/profile" "Mozilla/5.0 (Windows NT 10.0; Win64; x64) AppleWebKit/537.36 (KHTML, like Gecko) Chrome/125.0.0.0 Safari/537.36 Edg/125.0.0.0"
142.144.236.174 - caseyjones [10/Jun/2026:16:00:01 +0000] "GET /search?q=camera&page=3 HTTP/1.1" 200 4515 "https://shop.example.com/products" "Mozilla/5.0 (Windows NT 10.0; Win64; x64) AppleWebKit/537.36 (KHTML, like Gecko) Chrome/125.0.0.0 Safari/537.36 Edg/125.0.0.0"
142.144.236.174 - caseyjones [10/Jun/2026:16:00:01 +0000] "GET /search?q=camera&page=3 HTTP/1.1" 200 754 "https://shop.example.com/search?q=gateway&page=3" "Mozilla/5.0 (Windows NT 10.0; Win64; x64) AppleWebKit/537.36 (KHTML, like Gecko) Chrome/125.0.0.0 Safari/537.36 Edg/125.0.0.0"
120.204.194.248 - - [10/Jun/2026:16:00:01 +0000] "GET /products/400 HTTP/1.1" 200 7983 "https://news.ycombinator.com/" "Mozilla/5.0 (compatible; bingbot/2.0; +http://www.bing.com/bingbot.htm)"
118.16.250.163 - hickmannatasha [10/Jun/2026:16:00:01 +0000] "GET / HTTP/1.1" 200 5723 "-" "Mozilla/5.0 (Macintosh; Intel Mac OS X 10_15_7) AppleWebKit/537.36 (KHTML, like Gecko) Chrome/124.0.0.0 Safari/537.36"
193.153.72.43 - amandasanchez [10/Jun/2026:16:00:01 +0000] "POST /login HTTP/1.1" 200 520 "-" "Mozilla/5.0 (iPhone; CPU iPhone OS 17_4 like Mac OS X) AppleWebKit/605.1.15 (KHTML, like Gecko) Version/17.4 Mobile/15E148 Safari/604.1"
193.153.72.43 - amandasanchez [10/Jun/2026:16:00:01 +0000] "GET /profile HTTP/1.1" 404 1756 "https://shop.example.com/login" "Mozilla/5.0 (iPhone; CPU iPhone OS 17_4 like Mac OS X) AppleWebKit/605.1.15 (KHTML, like Gecko) Version/17.4 Mobile/15E148 Safari/604.1"
193.153.72.43 - amandasanchez [10/Jun/2026:16:00:01 +0000] "GET /favicon.ico HTTP/1.1" 200 4205 "https://shop.example.com/profile" "Mozilla/5.0 (iPhone; CPU iPhone OS 17_4 like Mac OS X) AppleWebKit/605.1.15 (KHTML, like Gecko) Version/17.4 Mobile/15E148 Safari/604.1"
193.153.72.43 - amandasanchez [10/Jun/2026:16:00:01 +0000] "GET /logout HTTP/1.1" 200 3886 "https://shop.example.com/profile" "Mozilla/5.0 (iPhone; CPU iPhone OS 17_4 like Mac OS X) AppleWebKit/605.1.15 (KHTML, like Gecko) Version/17.4 Mobile/15E148 Safari/604.1"
193.153.72.43 - amandasanchez [10/Jun/2026:16:00:01 +0000] "GET /static/img/logo.png HTTP/1.1" 200 3207 "https://shop.example.com/logout" "Mozilla/5.0 (iPhone; CPU iPhone OS 17_4 like Mac OS X) AppleWebKit/605.1.15 (KHTML, like Gecko) Version/17.4 Mobile/15E148 Safari/604.1"
193.153.72.43 - amandasanchez [10/Jun/2026:16:00:01 +0000] "GET / HTTP/1.1" 200 2657 "https://shop.example.com/logout" "Mozilla/5.0 (iPhone; CPU iPhone OS 17_4 like Mac OS X) AppleWebKit/605.1.15 (KHTML, like Gecko) Version/17.4 Mobile/15E148 Safari/604.1"
193.153.72.43 - amandasanchez [10/Jun/2026:16:00:02 +0000] "GET /static/js/app.js HTTP/1.1" 200 1693 "https://shop.example.com/" "Mozilla/5.0 (iPhone; CPU iPhone OS 17_4 like Mac OS X) AppleWebKit/605.1.15 (KHTML, like Gecko) Version/17.4 Mobile/15E148 Safari/604.1"
193.153.72.43 - amandasanchez [10/Jun/2026:16:00:02 +0000] "GET /search?q=router&page=3 HTTP/1.1" 200 6420 "https://shop.example.com/" "Mozilla/5.0 (iPhone; CPU iPhone OS 17_4 like Mac OS X) AppleWebKit/605.1.15 (KHTML, like Gecko) Version/17.4 Mobile/15E148 Safari/604.1"
193.153.72.43 - amandasanchez [10/Jun/2026:16:00:02 +0000] "GET /products/282 HTTP/1.1" 200 477 "https://shop.example.com/search?q=laptop&page=2" "Mozilla/5.0 (iPhone; CPU iPhone OS 17_4 like Mac OS X) AppleWebKit/605.1.15 (KHTML, like Gecko) Version/17.4 Mobile/15E148 Safari/604.1"
193.153.72.43 - amandasanchez [10/Jun/2026:16:00:02 +0000] "GET /favicon.ico HTTP/1.1" 200 267 "https://shop.example.com/products/309" "Mozilla/5.0 (iPhone; CPU iPhone OS 17_4 like Mac OS X) AppleWebKit/605.1.15 (KHTML, like Gecko) Version/17.4 Mobile/15E148 Safari/604.1"
193.153.72.43 - amandasanchez [10/Jun/2026:16:00:02 +0000] "GET /static/img/logo.png HTTP/1.1" 200 261 "https://shop.example.com/products/185" "Mozilla/5.0 (iPhone; CPU iPhone OS 17_4 like Mac OS X) AppleWebKit/605.1.15 (KHTML, like Gecko) Version/17.4 Mobile/15E148 Safari/604.1"
201.212.50.173 - - [10/Jun/2026:16:00:02 +0000] "GET /api/v1/products HTTP/1.1" 200 837 "https://www.google.com/" "Mozilla/5.0 (Linux; Android 14; Pixel 8) AppleWebKit/537.36 (KHTML, like Gecko) Chrome/124.0.0.0 Mobile Safari/537.36"
201.212.50.173 - - [10/Jun/2026:16:00:02 +0000] "GET /api/v1/products HTTP/1.1" 200 3562 "https://shop.example.com/api/v1/products" "Mozilla/5.0 (Linux; Android 14; Pixel 8) AppleWebKit/537.36 (KHTML, like Gecko) Chrome/124.0.0.0 Mobile Safari/537.36"
106.24.19.210 - barnesbrandy [10/Jun/2026:16:00:02 +0000] "POST /login HTTP/1.1" 200 4631 "-" "Mozilla/5.0 (compatible; Googlebot/2.1; +http://www.google.com/bot.html)"
106.24.19.210 - - [10/Jun/2026:16:00:02 +0000] "GET /products/8 HTTP/1.1" 200 8865 "-" "Mozilla/5.0 (Windows NT 10.0; Win64; x64; rv:126.0) Gecko/20100101 Firefox/126.0"
193.153.72.43 - amandasanchez [10/Jun/2026:16:00:02 +0000] "GET /products HTTP/1.1" 200 3004 "https://shop.example.com/products/64" "Mozilla/5.0 (iPhone; CPU iPhone OS 17_4 like Mac OS X) AppleWebKit/605.1.15 (KHTML, like Gecko) Version/17.4 Mobile/15E148 Safari/604.1"
193.153.72.43 - amandasanchez [10/Jun/2026:16:00:02 +0000] "GET /cart HTTP/1.1" 200 5921 "https://shop.example.com/products" "Mozilla/5.0 (iPhone; CPU iPhone OS 17_4 like Mac OS X) AppleWebKit/605.1.15 (KHTML, like Gecko) Version/17.4 Mobile/15E148 Safari/604.1"
193.153.72.43 - amandasanchez [10/Jun/2026:16:00:02 +0000] "GET /favicon.ico HTTP/1.1" 200 2596 "https://shop.example.com/cart" "Mozilla/5.0 (iPhone; CPU iPhone OS 17_4 like Mac OS X) AppleWebKit/605.1.15 (KHTML, like Gecko) Version/17.4 Mobile/15E148 Safari/604.1"
193.153.72.43 - amandasanchez [10/Jun/2026:16:00:02 +0000] "GET /products HTTP/1.1" 200 7049 "https://shop.example.com/cart" "Mozilla/5.0 (iPhone; CPU iPhone OS 17_4 like Mac OS X) AppleWebKit/605.1.15 (KHTML, like Gecko) Version/17.4 Mobile/15E148 Safari/604.1"
193.153.72.43 - amandasanchez [10/Jun/2026:16:00:03 +0000] "GET /search?q=camera&page=2 HTTP/1.1" 200 815 "https://shop.example.com/products" "Mozilla/5.0 (iPhone; CPU iPhone OS 17_4 like Mac OS X) AppleWebKit/605.1.15 (KHTML, like Gecko) Version/17.4 Mobile/15E148 Safari/604.1"
106.24.19.210 - - [10/Jun/2026:16:00:03 +0000] "GET / HTTP/1.1" 200 3805 "-" "Mozilla/5.0 (Macintosh; Intel Mac OS X 10_15_7) AppleWebKit/605.1.15 (KHTML, like Gecko) Version/17.4 Safari/605.1.15"
72.95.89.104 - - [10/Jun/2026:16:00:03 +0000] "GET /search?q=camera&page=5 HTTP/1.1" 200 1720 "https://www.bing.com/" "curl/8.6.0"
72.95.89.104 - - [10/Jun/2026:16:00:03 +0000] "GET /favicon.ico HTTP/1.1" 200 1176 "https://shop.example.com/search?q=laptop&page=1" "curl/8.6.0"
72.95.89.104 - - [10/Jun/2026:16:00:03 +0000] "GET /search?q=sensor&page=4 HTTP/1.1" 404 2316 "https://shop.example.com/search?q=laptop&page=3" "curl/8.6.0"
72.95.89.104 - - [10/Jun/2026:16:00:03 +0000] "GET /products/248 HTTP/1.1" 404 486 "https://shop.example.com/search?q=router&page=5" "curl/8.6.0"
72.95.89.104 - - [10/Jun/2026:16:00:04 +0000] "GET /static/js/app.js HTTP/1.1" 404 3637 "https://shop.example.com/products/42" "curl/8.6.0"
72.95.89.104 - - [10/Jun/2026:16:00:04 +0000] "GET /static/css/main.css HTTP/1.1" 200 7595 "https://shop.example.com/products/362" "curl/8.6.0"
72.95.89.104 - - [10/Jun/2026:16:00:04 +0000] "POST /cart/add HTTP/1.1" 304 - "https://shop.example.com/products/404" "curl/8.6.0"
72.95.89.104 - - [10/Jun/2026:16:00:04 +0000] "GET /products HTTP/1.1" 200 3382 "https://shop.example.com/cart/add" "curl/8.6.0"
79.171.128.12 - - [10/Jun/2026:16:00:04 +0000] "GET / HTTP/1.1" 200 1449 "-" "Mozilla/5.0 (Linux; Android 14; Pixel 8) AppleWebKit/537.36 (KHTML, like Gecko) Chrome/124.0.0.0 Mobile Safari/537.36"
79.171.128.12 - - [10/Jun/2026:16:00:05 +0000] "GET /search?q=edge&page=2 HTTP/1.1" 200 7543 "https://shop.example.com/" "Mozilla/5.0 (Linux; Android 14; Pixel 8) AppleWebKit/537.36 (KHTML, like Gecko) Chrome/124.0.0.0 Mobile Safari/537.36"
79.171.128.12 - - [10/Jun/2026:16:00:05 +0000] "GET /static/js/app.js HTTP/1.1" 200 5878 "https://shop.example.com/search?q=laptop&page=4" "Mozilla/5.0 (Linux; Android 14; Pixel 8) AppleWebKit/537.36 (KHTML, like Gecko) Chrome/124.0.0.0 Mobile Safari/537.36"
169.18.146.47 - - [10/Jun/2026:16:00:05 +0000] "GET / HTTP/1.1" 200 1199 "-" "Mozilla/5.0 (Macintosh; Intel Mac OS X 10_15_7) AppleWebKit/537.36 (KHTML, like Gecko) Chrome/124.0.0.0 Safari/537.36"
169.18.146.47 - adkinsbrian [10/Jun/2026:16:00:05 +0000] "POST /login HTTP/1.1" 200 9068 "https://shop.example.com/" "Mozilla/5.0 (Macintosh; Intel Mac OS X 10_15_7) AppleWebKit/537.36 (KHTML, like Gecko) Chrome/124.0.0.0 Safari/537.36"
169.18.146.47 - adkinsbrian [10/Jun/2026:16:00:06 +0000] "GET /products HTTP/1.1" 304 - "https://shop.example.com/login" "Mozilla/5.0 (Macintosh; Intel Mac OS X 10_15_7) AppleWebKit/537.36 (KHTML, like Gecko) Chrome/124.0.0.0 Safari/537.36"
79.171.128.12 - - [10/Jun/2026:16:00:06 +0000] "GET /products/424 HTTP/1.1" 200 714 "https://shop.example.com/search?q=sensor&page=1" "Mozilla/5.0 (Linux; Android 14; Pixel 8) AppleWebKit/537.36 (KHTML, like Gecko) Chrome/124.0.0.0 Mobile Safari/537.36"
79.171.128.12 - - [10/Jun/2026:16:00:06 +0000] "GET /products/264 HTTP/1.1" 200 1542 "https://shop.example.com/products/197" "Mozilla/5.0 (Linux; Android 14; Pixel 8) AppleWebKit/537.36 (KHTML, like Gecko) Chrome/124.0.0.0 Mobile Safari/537.36"
79.171.128.12 - - [10/Jun/2026:16:00:06 +0000] "GET / HTTP/1.1" 200 18504 "https://shop.example.com/products/173" "Mozilla/5.0 (Linux; Android 14; Pixel 8) AppleWebKit/537.36 (KHTML, like Gecko) Chrome/124.0.0.0 Mobile Safari/537.36"
169.18.146.47 - adkinsbrian [10/Jun/2026:16:00:06 +0000] "GET /static/css/main.css HTTP/1.1" 200 9544 "https://shop.example.com/products" "Mozilla/5.0 (Macintosh; Intel Mac OS X 10_15_7) AppleWebKit/537.36 (KHTML, like Gecko) Chrome/124.0.0.0 Safari/537.36"
79.171.128.12 - - [10/Jun/2026:16:00:06 +0000] "GET /static/js/app.js HTTP/1.1" 200 1322 "https://shop.example.com/" "Mozilla/5.0 (Linux; Android 14; Pixel 8) AppleWebKit/537.36 (KHTML, like Gecko) Chrome/124.0.0.0 Mobile Safari/537.36"
140.113.160.123 - - [10/Jun/2026:16:00:06 +0000] "GET /products HTTP/1.1" 200 12880 "-" "curl/8.6.0"
169.18.146.47 - adkinsbrian [10/Jun/2026:16:00:06 +0000] "GET /products/198 HTTP/1.1" 200 4825 "https://shop.example.com/products" "Mozilla/5.0 (Macintosh; Intel Mac OS X 10_15_7) AppleWebKit/537.36 (KHTML, like Gecko) Chrome/124.0.0.0 Safari/537.36"
140.113.160.123 - - [10/Jun/2026:16:00:06 +0000] "GET /static/js/app.js HTTP/1.1" 200 8114 "https://shop.example.com/products" "curl/8.6.0"
140.113.160.123 - - [10/Jun/2026:16:00:06 +0000] "GET /cart HTTP/1.1" 200 2398 "https://shop.example.com/products" "curl/8.6.0"
140.113.160.123 - - [10/Jun/2026:16:00:06 +0000] "POST /checkout HTTP/1.1" 200 2046 "https://shop.example.com/cart" "curl/8.6.0"
79.171.128.12 - - [10/Jun/2026:16:00:06 +0000] "GET /blog HTTP/1.1" 200 2924 "https://shop.example.com/" "Mozilla/5.0 (Linux; Android 14; Pixel 8) AppleWebKit/537.36 (KHTML, like Gecko) Chrome/124.0.0.0 Mobile Safari/537.36"
2.70.113.58 - - [10/Jun/2026:16:00:06 +0000] "GET /api/v1/products HTTP/1.1" 200 4284 "https://news.ycombinator.com/" "Mozilla/5.0 (X11; Linux x86_64) AppleWebKit/537.36 (KHTML, like Gecko) Chrome/123.0.0.0 Safari/537.36"
169.18.146.47 - adkinsbrian [10/Jun/2026:16:00:06 +0000] "GET /static/img/logo.png HTTP/1.1" 200 2992 "https://shop.example.com/products/93" "Mozilla/5.0 (Macintosh; Intel Mac OS X 10_15_7) AppleWebKit/537.36 (KHTML, like Gecko) Chrome/124.0.0.0 Safari/537.36"
2.70.113.58 - - [10/Jun/2026:16:00:06 +0000] "GET /api/v1/products HTTP/1.1" 200 3716 "https://shop.example.com/api/v1/products" "Mozilla/5.0 (X11; Linux x86_64) AppleWebKit/537.36 (KHTML, like Gecko) Chrome/123.0.0.0 Safari/537.36"
169.18.146.47 - adkinsbrian [10/Jun/2026:16:00:06 +0000] "GET /favicon.ico HTTP/1.1" 200 1789 "https://shop.example.com/products/125" "Mozilla/5.0 (Macintosh; Intel Mac OS X 10_15_7) AppleWebKit/537.36 (KHTML, like Gecko) Chrome/124.0.0.0 Safari/537.36"
2.70.113.58 - - [10/Jun/2026:16:00:06 +0000] "GET /api/v1/products HTTP/1.1" 200 2401 "https://shop.example.com/api/v1/products" "Mozilla/5.0 (X11; Linux x86_64) AppleWebKit/537.36 (KHTML, like Gecko) Chrome/123.0.0.0 Safari/537.36"
2.70.113.58 - - [10/Jun/2026:16:00:06 +0000] "GET /api/v1/products HTTP/1.1" 200 3067 "https://shop.example.com/api/v1/products" "Mozilla/5.0 (X11; Linux x86_64) AppleWebKit/537.36 (KHTML, like Gecko) Chrome/123.0.0.0 Safari/537.36"
79.171.128.12 - - [10/Jun/2026:16:00:06 +0000] "GET /blog/edge-pipelines HTTP/1.1" 200 1644 "https://shop.example.com/blog" "Mozilla/5.0 (Linux; Android 14; Pixel 8) AppleWebKit/537.36 (KHTML, like Gecko) Chrome/124.0.0.0 Mobile Safari/537.36"
145.174.98.100 - adkinsbrian [10/Jun/2026:16:00:07 +0000] "POST /login HTTP/1.1" 200 4414 "-" "Mozilla/5.0 (iPhone; CPU iPhone OS 17_4 like Mac OS X) AppleWebKit/605.1.15 (KHTML, like Gecko) Version/17.4 Mobile/15E148 Safari/604.1"
145.174.98.100 - adkinsbrian [10/Jun/2026:16:00:07 +0000] "GET /static/css/main.css HTTP/1.1" 200 25118 "https://shop.example.com/login" "Mozilla/5.0 (iPhone; CPU iPhone OS 17_4 like Mac OS X) AppleWebKit/605.1.15 (KHTML, like Gecko) Version/17.4 Mobile/15E148 Safari/604.1"
145.174.98.100 - adkinsbrian [10/Jun/2026:16:00:07 +0000] "GET /static/img/logo.png HTTP/1.1" 200 392 "https://shop.example.com/login" "Mozilla/5.0 (iPhone; CPU iPhone OS 17_4 like Mac OS X) AppleWebKit/605.1.15 (KHTML, like Gecko) Version/17.4 Mobile/15E148 Safari/604.1"
2.70.113.58 - - [10/Jun/2026:16:00:07 +0000] "GET /api/v1/products HTTP/1.1" 200 2559 "https://shop.example.com/api/v1/products" "Mozilla/5.0 (X11; Linux x86_64) AppleWebKit/537.36 (KHTML, like Gecko) Chrome/123.0.0.0 Safari/537.36"
79.171.128.12 - - [10/Jun/2026:16:00:07 +0000] "GET /favicon.ico HTTP/1.1" 200 1297 "https://shop.example.com/blog/roadmap" "Mozilla/5.0 (Linux; Android 14; Pixel 8) AppleWebKit/537.36 (KHTML, like Gecko) Chrome/124.0.0.0 Mobile Safari/537.36"
202.253.31.1 - - [10/Jun/2026:16:00:07 +0000] "GET / HTTP/1.1" 304 - "https://news.ycombinator.com/" "curl/8.6.0"
79.171.128.12 - - [10/Jun/2026:16:00:07 +0000] "GET /products HTTP/1.1" 200 1936 "https://shop.example.com/blog/roadmap" "Mozilla/5.0 (Linux; Android 14; Pixel 8) AppleWebKit/537.36 (KHTML, like Gecko) Chrome/124.0.0.0 Mobile Safari/537.36"
202.253.31.1 - - [10/Jun/2026:16:00:07 +0000] "GET /about HTTP/1.1" 200 7542 "https://shop.example.com/" "curl/8.6.0"
163.248.126.54 - - [10/Jun/2026:16:00:07 +0000] "GET /products HTTP/1.1" 200 1805 "-" "Mozilla/5.0 (Macintosh; Intel Mac OS X 10_15_7) AppleWebKit/537.36 (KHTML, like Gecko) Chrome/124.0.0.0 Safari/537.36"
79.171.128.12 - - [10/Jun/2026:16:00:07 +0000] "GET /static/img/logo.png HTTP/1.1" 200 1689 "https://shop.example.com/products" "Mozilla/5.0 (Linux; Android 14; Pixel 8) AppleWebKit/537.36 (KHTML, like Gecko) Chrome/124.0.0.0 Mobile Safari/537.36"
163.248.126.54 - - [10/Jun/2026:16:00:07 +0000] "GET /cart HTTP/1.1" 200 3773 "https://shop.example.com/products" "Mozilla/5.0 (Macintosh; Intel Mac OS X 10_15_7) AppleWebKit/537.36 (KHTML, like Gecko) Chrome/124.0.0.0 Safari/537.36"
163.248.126.54 - - [10/Jun/2026:16:00:08 +0000] "GET /static/css/main.css HTTP/1.1" 200 1780 "https://shop.example.com/cart" "Mozilla/5.0 (Macintosh; Intel Mac OS X 10_15_7) AppleWebKit/537.36 (KHTML, like Gecko) Chrome/124.0.0.0 Safari/537.36"
106.24.19.210 - - [10/Jun/2026:16:00:08 +0000] "GET / HTTP/1.1" 404 4096 "https://duckduckgo.com/" "Mozilla/5.0 (Linux; Android 14; Pixel 8) AppleWebKit/537.36 (KHTML, like Gecko) Chrome/124.0.0.0 Mobile Safari/537.36"
106.24.19.210 - hshaw [10/Jun/2026:16:00:08 +0000] "POST /login HTTP/1.1" 304 - "https://shop.example.com/" "Mozilla/5.0 (Linux; Android 14; Pixel 8) AppleWebKit/537.36 (KHTML, like Gecko) Chrome/124.0.0.0 Mobile Safari/537.36"
120.204.194.248 - - [10/Jun/2026:16:00:08 +0000] "GET /search?q=sensor&page=1 HTTP/1.1" 404 667 "-" "Mozilla/5.0 (compatible; Googlebot/2.1; +http://www.google.com/bot.html)"
120.204.194.248 - - [10/Jun/2026:16:00:08 +0000] "GET /products/374 HTTP/1.1" 200 932 "https://shop.example.com/search?q=router&page=5" "Mozilla/5.0 (compatible; Googlebot/2.1; +http://www.google.com/bot.html)"
106.24.19.210 - hshaw [10/Jun/2026:16:00:08 +0000] "GET / HTTP/1.1" 200 1934 "https://shop.example.com/login" "Mozilla/5.0 (Linux; Android 14; Pixel 8) AppleWebKit/537.36 (KHTML, like Gecko) Chrome/124.0.0.0 Mobile Safari/537.36"
120.204.194.248 - - [10/Jun/2026:16:00:08 +0000] "GET / HTTP/1.1" 404 2747 "https://shop.example.com/products/8" "Mozilla/5.0 (compatible; Googlebot/2.1; +http://www.google.com/bot.html)"
79.171.128.12 - - [10/Jun/2026:16:00:08 +0000] "GET /favicon.ico HTTP/1.1" 200 2136 "https://shop.example.com/products" "Mozilla/5.0 (Linux; Android 14; Pixel 8) AppleWebKit/537.36 (KHTML, like Gecko) Chrome/124.0.0.0 Mobile Safari/537.36"
79.171.128.12 - - [10/Jun/2026:16:00:09 +0000] "GET /products/394 HTTP/1.1" 200 2249 "https://shop.example.com/products" "Mozilla/5.0 (Linux; Android 14; Pixel 8) AppleWebKit/537.36 (KHTML, like Gecko) Chrome/124.0.0.0 Mobile Safari/537.36"
106.24.19.210 - hshaw [10/Jun/2026:16:00:09 +0000] "GET /search?q=laptop&page=1 HTTP/1.1" 200 6432 "https://shop.example.com/" "Mozilla/5.0 (Linux; Android 14; Pixel 8) AppleWebKit/537.36 (KHTML, like Gecko) Chrome/124.0.0.0 Mobile Safari/537.36"
163.248.126.54 - - [10/Jun/2026:16:00:09 +0000] "GET /favicon.ico HTTP/1.1" 304 - "https://shop.example.com/cart" "Mozilla/5.0 (Macintosh; Intel Mac OS X 10_15_7) AppleWebKit/537.36 (KHTML, like Gecko) Chrome/124.0.0.0 Safari/537.36"
221.175.156.121 - ilewis [10/Jun/2026:16:00:09 +0000] "POST /login HTTP/1.1" 200 1457 "https://duckduckgo.com/" "Mozilla/5.0 (iPad; CPU OS 17_4 like Mac OS X) AppleWebKit/605.1.15 (KHTML, like Gecko) Version/17.4 Mobile/15E148 Safari/604.1"
169.18.146.47 - - [10/Jun/2026:16:00:09 +0000] "GET /search?q=gateway&page=1 HTTP/1.1" 200 7822 "https://news.ycombinator.com/" "curl/8.6.0"
221.175.156.121 - ilewis [10/Jun/2026:16:00:09 +0000] "GET / HTTP/1.1" 200 2323 "https://shop.example.com/login" "Mozilla/5.0 (iPad; CPU OS 17_4 like Mac OS X) AppleWebKit/605.1.15 (KHTML, like Gecko) Version/17.4 Mobile/15E148 Safari/604.1"
79.171.128.12 - - [10/Jun/2026:16:00:09 +0000] "GET /static/js/app.js HTTP/1.1" 200 428 "https://shop.example.com/products/400" "Mozilla/5.0 (Linux; Android 14; Pixel 8) AppleWebKit/537.36 (KHTML, like Gecko) Chrome/124.0.0.0 Mobile Safari/537.36"
106.24.19.210 - hshaw [10/Jun/2026:16:00:09 +0000] "GET /search?q=sensor&page=2 HTTP/1.1" 200 890 "https://shop.example.com/search?q=laptop&page=4" "Mozilla/5.0 (Linux; Android 14; Pixel 8) AppleWebKit/537.36 (KHTML, like Gecko) Chrome/124.0.0.0 Mobile Safari/537.36"
170.20.0.47 - - [10/Jun/2026:16:00:09 +0000] "GET / HTTP/1.1" 200 4561 "https://news.ycombinator.com/" "Mozilla/5.0 (Macintosh; Intel Mac OS X 10_15_7) AppleWebKit/605.1.15 (KHTML, like Gecko) Version/17.4 Safari/605.1.15"
106.24.19.210 - - [10/Jun/2026:16:00:10 +0000] "GET /api/v1/products HTTP/1.1" 200 4505 "https://news.ycombinator.com/" "Mozilla/5.0 (X11; Linux x86_64) AppleWebKit/537.36 (KHTML, like Gecko) Chrome/123.0.0.0 Safari/537.36"
170.20.0.47 - - [10/Jun/2026:16:00:10 +0000] "GET /blog HTTP/1.1" 200 3002 "https://shop.example.com/" "Mozilla/5.0 (Macintosh; Intel Mac OS X 10_15_7) AppleWebKit/605.1.15 (KHTML, like Gecko) Version/17.4 Safari/605.1.15"
170.20.0.47 - - [10/Jun/2026:16:00:10 +0000] "GET /blog/launch HTTP/1.1" 404 1700 "https://shop.example.com/blog" "Mozilla/5.0 (Macintosh; Intel Mac OS X 10_15_7) AppleWebKit/605.1.15 (KHTML, like Gecko) Version/17.4 Safari/605.1.15"
221.175.156.121 - ilewis [10/Jun/2026:16:00:10 +0000] "POST /login HTTP/1.1" 200 4093 "https://shop.example.com/" "Mozilla/5.0 (iPad; CPU OS 17_4 like Mac OS X) AppleWebKit/605.1.15 (KHTML, like Gecko) Version/17.4 Mobile/15E148 Safari/604.1"
106.24.19.210 - - [10/Jun/2026:16:00:10 +0000] "POST /api/v1/cart HTTP/1.1" 200 1264 "https://shop.example.com/api/v1/products" "Mozilla/5.0 (X11; Linux x86_64) AppleWebKit/537.36 (KHTML, like Gecko) Chrome/123.0.0.0 Safari/537.36"
157.25.203.54 - - [10/Jun/2026:16:00:10 +0000] "GET /products HTTP/1.1" 200 2253 "https://duckduckgo.com/" "Mozilla/5.0 (compatible; bingbot/2.0; +http://www.bing.com/bingbot.htm)"
170.20.0.47 - - [10/Jun/2026:16:00:10 +0000] "GET /static/css/main.css HTTP/1.1" 304 - "https://shop.example.com/blog/launch" "Mozilla/5.0 (Macintosh; Intel Mac OS X 10_15_7) AppleWebKit/605.1.15 (KHTML, like Gecko) Version/17.4 Safari/605.1.15"
134.217.173.106 - - [10/Jun/2026:16:00:10 +0000] "GET /search?q=camera&page=1 HTTP/1.1" 200 1082 "https://duckduckgo.com/" "Mozilla/5.0 (Windows NT 10.0; Win64; x64) AppleWebKit/537.36 (KHTML, like Gecko) Chrome/125.0.0.0 Safari/537.36 Edg/125.0.0.0"
25.122.217.220 - garzaanthony [10/Jun/2026:16:00:10 +0000] "GET /api/v1/products HTTP/1.1" 200 1625 "https://www.bing.com/" "Mozilla/5.0 (Macintosh; Intel Mac OS X 10_15_7) AppleWebKit/605.1.15 (KHTML, like Gecko) Version/17.4 Safari/605.1.15"
106.24.19.210 - hshaw [10/Jun/2026:16:00:10 +0000] "GET /static/js/app.js HTTP/1.1" 200 1210 "https://shop.example.com/search?q=gateway&page=4" "Mozilla/5.0 (Linux; Android 14; Pixel 8) AppleWebKit/537.36 (KHTML, like Gecko) Chrome/124.0.0.0 Mobile Safari/537.36"
134.217.173.106 - - [10/Jun/2026:16:00:10 +0000] "GET /static/js/app.js HTTP/1.1" 404 325 "https://shop.example.com/search?q=edge&page=4" "Mozilla/5.0 (Windows NT 10.0; Win64; x64) AppleWebKit/537.36 (KHTML, like Gecko) Chrome/125.0.0.0 Safari/537.36 Edg/125.0.0.0"
217.251.141.195 - - [10/Jun/2026:16:00:10 +0000] "GET /products HTTP/1.1" 200 4260 "https://duckduckgo.com/" "python-requests/2.32.0"
48.249.11.43 - - [10/Jun/2026:16:00:10 +0000] "GET /products/102 HTTP/1.1" 200 2276 "https://www.google.com/" "Mozilla/5.0 (Macintosh; Intel Mac OS X 10_15_7) AppleWebKit/605.1.15 (KHTML, like Gecko) Version/17.4 Safari/605.1.15"
106.24.19.210 - hshaw [10/Jun/2026:16:00:10 +0000] "GET /favicon.ico HTTP/1.1" 304 - "https://shop.example.com/search?q=edge&page=4" "Mozilla/5.0 (Linux; Android 14; Pixel 8) AppleWebKit/537.36 (KHTML, like Gecko) Chrome/124.0.0.0 Mobile Safari/537.36"
154.227.161.167 - - [10/Jun/2026:16:00:11 +0000] "GET / HTTP/1.1" 404 905 "-" "curl/8.6.0"
201.212.50.173 - - [10/Jun/2026:16:00:11 +0000] "GET /products/280 HTTP/1.1" 200 4711 "-" "Mozilla/5.0 (Windows NT 10.0; Win64; x64) AppleWebKit/537.36 (KHTML, like Gecko) Chrome/125.0.0.0 Safari/537.36 Edg/125.0.0.0"
170.20.0.47 - - [10/Jun/2026:16:00:11 +0000] "GET /static/img/logo.png HTTP/1.1" 200 1071 "https://shop.example.com/blog/roadmap" "Mozilla/5.0 (Macintosh; Intel Mac OS X 10_15_7) AppleWebKit/605.1.15 (KHTML, like Gecko) Version/17.4 Safari/605.1.15"
25.122.217.220 - garzaanthony [10/Jun/2026:16:00:11 +0000] "GET /api/v1/products HTTP/1.1" 200 5201 "https://shop.example.com/api/v1/products" "Mozilla/5.0 (Macintosh; Intel Mac OS X 10_15_7) AppleWebKit/605.1.15 (KHTML, like Gecko) Version/17.4 Safari/605.1.15"
106.24.19.210 - - [10/Jun/2026:16:00:11 +0000] "GET /api/v1/products HTTP/1.1" 200 10406 "https://shop.example.com/api/v1/cart" "Mozilla/5.0 (X11; Linux x86_64) AppleWebKit/537.36 (KHTML, like Gecko) Chrome/123.0.0.0 Safari/537.36"
214.29.34.94 - - [10/Jun/2026:16:00:11 +0000] "GET /products/410 HTTP/1.1" 404 2157 "https://duckduckgo.com/" "Mozilla/5.0 (compatible; Googlebot/2.1; +http://www.google.com/bot.html)"
214.29.34.94 - - [10/Jun/2026:16:00:11 +0000] "POST /cart/add HTTP/1.1" 200 1492 "https://shop.example.com/products/113" "Mozilla/5.0 (compatible; Googlebot/2.1; +http://www.google.com/bot.html)"
48.249.11.43 - - [10/Jun/2026:16:00:11 +0000] "GET /products HTTP/1.1" 200 3788 "https://shop.example.com/products/446" "Mozilla/5.0 (Macintosh; Intel Mac OS X 10_15_7) AppleWebKit/605.1.15 (KHTML, like Gecko) Version/17.4 Safari/605.1.15"
106.24.19.210 - - [10/Jun/2026:16:00:11 +0000] "GET /products HTTP/1.1" 200 5361 "-" "python-requests/2.32.0"
154.227.161.167 - - [10/Jun/2026:16:00:11 +0000] "GET /about HTTP/1.1" 200 2703 "https://shop.example.com/" "curl/8.6.0"
25.122.217.220 - garzaanthony [10/Jun/2026:16:00:11 +0000] "GET /api/v1/products HTTP/1.1" 404 2387 "https://shop.example.com/api/v1/products" "Mozilla/5.0 (Macintosh; Intel Mac OS X 10_15_7) AppleWebKit/605.1.15 (KHTML, like Gecko) Version/17.4 Safari/605.1.15"
48.229.28.185 - - [10/Jun/2026:16:00:12 +0000] "GET / HTTP/1.1" 200 968 "https://news.ycombinator.com/" "Mozilla/5.0 (Macintosh; Intel Mac OS X 10_15_7) AppleWebKit/605.1.15 (KHTML, like Gecko) Version/17.4 Safari/605.1.15"
106.24.19.210 - - [10/Jun/2026:16:00:12 +0000] "GET /favicon.ico HTTP/1.1" 200 1105 "https://shop.example.com/products" "python-requests/2.32.0"
145.174.98.100 - adrianzimmerman [10/Jun/2026:16:00:12 +0000] "GET /products HTTP/1.1" 200 991 "-" "Mozilla/5.0 (iPad; CPU OS 17_4 like Mac OS X) AppleWebKit/605.1.15 (KHTML, like Gecko) Version/17.4 Mobile/15E148 Safari/604.1"
48.249.11.43 - - [10/Jun/2026:16:00:12 +0000] "GET /cart HTTP/1.1" 200 4305 "https://shop.example.com/products" "Mozilla/5.0 (Macintosh; Intel Mac OS X 10_15_7) AppleWebKit/605.1.15 (KHTML, like Gecko) Version/17.4 Safari/605.1.15"
106.24.19.210 - - [10/Jun/2026:16:00:12 +0000] "GET /api/v1/products HTTP/1.1" 200 8975 "https://shop.example.com/api/v1/products" "Mozilla/5.0 (X11; Linux x86_64) AppleWebKit/537.36 (KHTML, like Gecko) Chrome/123.0.0.0 Safari/537.36"
106.24.19.210 - - [10/Jun/2026:16:00:12 +0000] "GET /api/v1/products HTTP/1.1" 200 916 "https://shop.example.com/api/v1/products" "Mozilla/5.0 (X11; Linux x86_64) AppleWebKit/537.36 (KHTML, like Gecko) Chrome/123.0.0.0 Safari/537.36"
48.249.11.43 - - [10/Jun/2026:16:00:12 +0000] "GET /static/css/main.css HTTP/1.1" 200 2988 "https://shop.example.com/cart" "Mozilla/5.0 (Macintosh; Intel Mac OS X 10_15_7) AppleWebKit/605.1.15 (KHTML, like Gecko) Version/17.4 Safari/605.1.15"
217.251.141.195 - - [10/Jun/2026:16:00:12 +0000] "GET / HTTP/1.1" 500 1599 "https://shop.example.com/products" "python-requests/2.32.0"
170.20.0.47 - - [10/Jun/2026:16:00:12 +0000] "GET /blog HTTP/1.1" 200 1016 "https://shop.example.com/blog/launch" "Mozilla/5.0 (Macintosh; Intel Mac OS X 10_15_7) AppleWebKit/605.1.15 (KHTML, like Gecko) Version/17.4 Safari/605.1.15"
145.174.98.100 - adrianzimmerman [10/Jun/2026:16:00:12 +0000] "GET / HTTP/1.1" 200 3444 "https://shop.example.com/products" "Mozilla/5.0 (iPad; CPU OS 17_4 like Mac OS X) AppleWebKit/605.1.15 (KHTML, like Gecko) Version/17.4 Mobile/15E148 Safari/604.1"
48.249.11.43 - - [10/Jun/2026:16:00:12 +0000] "GET /favicon.ico HTTP/1.1" 200 496 "https://shop.example.com/cart" "Mozilla/5.0 (Macintosh; Intel Mac OS X 10_15_7) AppleWebKit/605.1.15 (KHTML, like Gecko) Version/17.4 Safari/605.1.15"
48.229.28.185 - - [10/Jun/2026:16:00:13 +0000] "GET /static/img/logo.png HTTP/1.1" 304 - "https://shop.example.com/" "Mozilla/5.0 (Macintosh; Intel Mac OS X 10_15_7) AppleWebKit/605.1.15 (KHTML, like Gecko) Version/17.4 Safari/605.1.15"
214.29.34.94 - - [10/Jun/2026:16:00:13 +0000] "GET /static/js/app.js HTTP/1.1" 200 4090 "https://shop.example.com/cart/add" "Mozilla/5.0 (compatible; Googlebot/2.1; +http://www.google.com/bot.html)"
214.29.34.94 - - [10/Jun/2026:16:00:13 +0000] "GET /products/30 HTTP/1.1" 200 5774 "https://shop.example.com/cart/add" "Mozilla/5.0 (compatible; Googlebot/2.1; +http://www.google.com/bot.html)"
147.186.129.57 - - [10/Jun/2026:16:00:13 +0000] "GET / HTTP/1.1" 200 3655 "https://www.google.com/" "Mozilla/5.0 (Windows NT 10.0; Win64; x64) AppleWebKit/537.36 (KHTML, like Gecko) Chrome/125.0.0.0 Safari/537.36"
147.186.129.57 - - [10/Jun/2026:16:00:13 +0000] "GET /about HTTP/1.1" 200 866 "https://shop.example.com/" "Mozilla/5.0 (Windows NT 10.0; Win64; x64) AppleWebKit/537.36 (KHTML, like Gecko) Chrome/125.0.0.0 Safari/537.36"
145.174.98.100 - adrianzimmerman [10/Jun/2026:16:00:13 +0000] "POST /login HTTP/1.1" 200 556 "https://shop.example.com/" "Mozilla/5.0 (iPad; CPU OS 17_4 like Mac OS X) AppleWebKit/605.1.15 (KHTML, like Gecko) Version/17.4 Mobile/15E148 Safari/604.1"
152.67.154.153 - - [10/Jun/2026:16:00:13 +0000] "GET /products/276 HTTP/1.1" 200 3334 "https://www.google.com/" "Mozilla/5.0 (Windows NT 10.0; Win64; x64) AppleWebKit/537.36 (KHTML, like Gecko) Chrome/125.0.0.0 Safari/537.36 Edg/125.0.0.0"
217.251.141.195 - - [10/Jun/2026:16:00:13 +0000] "GET /about HTTP/1.1" 200 2649 "https://shop.example.com/" "python-requests/2.32.0"
217.251.141.195 - - [10/Jun/2026:16:00:13 +0000] "GET /static/img/logo.png HTTP/1.1" 200 425 "https://shop.example.com/about" "python-requests/2.32.0"
214.29.34.94 - - [10/Jun/2026:16:00:13 +0000] "GET /products/235 HTTP/1.1" 200 442 "https://shop.example.com/products/220" "Mozilla/5.0 (compatible; Googlebot/2.1; +http://www.google.com/bot.html)"
152.67.154.153 - - [10/Jun/2026:16:00:13 +0000] "GET /static/img/logo.png HTTP/1.1" 304 - "https://shop.example.com/products/51" "Mozilla/5.0 (Windows NT 10.0; Win64; x64) AppleWebKit/537.36 (KHTML, like Gecko) Chrome/125.0.0.0 Safari/537.36 Edg/125.0.0.0"
145.174.98.100 - adrianzimmerman [10/Jun/2026:16:00:13 +0000] "GET /static/js/app.js HTTP/1.1" 200 1446 "https://shop.example.com/login" "Mozilla/5.0 (iPad; CPU OS 17_4 like Mac OS X) AppleWebKit/605.1.15 (KHTML, like Gecko) Version/17.4 Mobile/15E148 Safari/604.1"
154.227.161.167 - - [10/Jun/2026:16:00:14 +0000] "GET /favicon.ico HTTP/1.1" 200 4829 "https://shop.example.com/about" "curl/8.6.0"
212.76.28.225 - - [10/Jun/2026:16:00:14 +0000] "GET /products/20 HTTP/1.1" 200 8775 "https://www.bing.com/" "Mozilla/5.0 (X11; Linux x86_64) AppleWebKit/537.36 (KHTML, like Gecko) Chrome/123.0.0.0 Safari/537.36"
152.67.154.153 - - [10/Jun/2026:16:00:14 +0000] "GET /static/css/main.css HTTP/1.1" 200 1523 "https://shop.example.com/products/20" "Mozilla/5.0 (Windows NT 10.0; Win64; x64) AppleWebKit/537.36 (KHTML, like Gecko) Chrome/125.0.0.0 Safari/537.36 Edg/125.0.0.0"
170.20.0.47 - - [10/Jun/2026:16:00:14 +0000] "GET /blog/roadmap HTTP/1.1" 200 21367 "https://shop.example.com/blog" "Mozilla/5.0 (Macintosh; Intel Mac OS X 10_15_7) AppleWebKit/605.1.15 (KHTML, like Gecko) Version/17.4 Safari/605.1.15"
145.174.98.100 - adrianzimmerman [10/Jun/2026:16:00:14 +0000] "GET /products HTTP/1.1" 200 5094 "https://shop.example.com/login" "Mozilla/5.0 (iPad; CPU OS 17_4 like Mac OS X) AppleWebKit/605.1.15 (KHTML, like Gecko) Version/17.4 Mobile/15E148 Safari/604.1"
214.29.34.94 - - [10/Jun/2026:16:00:14 +0000] "GET /static/img/logo.png HTTP/1.1" 304 - "https://shop.example.com/products/417" "Mozilla/5.0 (compatible; Googlebot/2.1; +http://www.google.com/bot.html)"
193.153.72.43 - - [10/Jun/2026:16:00:14 +0000] "GET /products HTTP/1.1" 200 868 "https://www.google.com/" "Mozilla/5.0 (compatible; bingbot/2.0; +http://www.bing.com/bingbot.htm)"
106.24.19.210 - - [10/Jun/2026:16:00:14 +0000] "GET /products/235 HTTP/1.1" 200 2955 "https://shop.example.com/products" "python-requests/2.32.0"
170.20.0.47 - - [10/Jun/2026:16:00:14 +0000] "GET /static/img/logo.png HTTP/1.1" 200 2521 "https://shop.example.com/blog/logs-at-scale" "Mozilla/5.0 (Macintosh; Intel Mac OS X 10_15_7) AppleWebKit/605.1.15 (KHTML, like Gecko) Version/17.4 Safari/605.1.15"
48.249.11.43 - - [10/Jun/2026:16:00:15 +0000] "GET /products HTTP/1.1" 200 4481 "https://shop.example.com/cart" "Mozilla/5.0 (Macintosh; Intel Mac OS X 10_15_7) AppleWebKit/605.1.15 (KHTML, like Gecko) Version/17.4 Safari/605.1.15"
167.134.96.118 - chapmanjerry [10/Jun/2026:16:00:15 +0000] "GET /products HTTP/1.1" 200 6447 "https://news.ycombinator.com/" "curl/8.6.0"
48.249.11.43 - - [10/Jun/2026:16:00:15 +0000] "GET /static/css/main.css HTTP/1.1" 200 1271 "https://shop.example.com/products" "Mozilla/5.0 (Macintosh; Intel Mac OS X 10_15_7) AppleWebKit/605.1.15 (KHTML, like Gecko) Version/17.4 Safari/605.1.15"
48.249.11.43 - - [10/Jun/2026:16:00:15 +0000] "GET /products/226 HTTP/1.1" 200 1532 "https://shop.example.com/products" "Mozilla/5.0 (Macintosh; Intel Mac OS X 10_15_7) AppleWebKit/605.1.15 (KHTML, like Gecko) Version/17.4 Safari/605.1.15"
106.24.19.210 - - [10/Jun/2026:16:00:15 +0000] "GET /api/v1/products HTTP/1.1" 200 3289 "https://shop.example.com/api/v1/products" "Mozilla/5.0 (X11; Linux x86_64) AppleWebKit/537.36 (KHTML, like Gecko) Chrome/123.0.0.0 Safari/537.36"
218.185.220.187 - jamesmichael [10/Jun/2026:16:00:15 +0000] "GET /products HTTP/1.1" 200 1252 "https://news.ycombinator.com/" "Mozilla/5.0 (compatible; bingbot/2.0; +http://www.bing.com/bingbot.htm)"
76.92.61.13 - - [10/Jun/2026:16:00:15 +0000] "GET /search?q=sensor&page=5 HTTP/1.1" 200 586 "https://www.bing.com/" "Mozilla/5.0 (X11; Linux x86_64) AppleWebKit/537.36 (KHTML, like Gecko) Chrome/123.0.0.0 Safari/537.36"
154.227.161.167 - - [10/Jun/2026:16:00:15 +0000] "GET /static/js/app.js HTTP/1.1" 200 4254 "https://shop.example.com/about" "curl/8.6.0"
193.153.72.43 - - [10/Jun/2026:16:00:15 +0000] "GET /products/37 HTTP/1.1" 200 2762 "https://shop.example.com/products" "Mozilla/5.0 (compatible; bingbot/2.0; +http://www.bing.com/bingbot.htm)"
147.186.129.57 - - [10/Jun/2026:16:00:15 +0000] "GET /contact HTTP/1.1" 200 707 "https://shop.example.com/about" "Mozilla/5.0 (Windows NT 10.0; Win64; x64) AppleWebKit/537.36 (KHTML, like Gecko) Chrome/125.0.0.0 Safari/537.36"
167.134.96.118 - chapmanjerry [10/Jun/2026:16:00:15 +0000] "GET /search?q=edge&page=3 HTTP/1.1" 404 8385 "https://shop.example.com/products" "curl/8.6.0"
40.25.239.107 - - [10/Jun/2026:16:00:16 +0000] "GET /api/v1/products HTTP/1.1" 200 13977 "https://news.ycombinator.com/" "Mozilla/5.0 (X11; Linux x86_64) AppleWebKit/537.36 (KHTML, like Gecko) Chrome/123.0.0.0 Safari/537.36"
8.27.157.23 - amandasanchez [10/Jun/2026:16:00:16 +0000] "GET / HTTP/1.1" 200 4739 "https://www.bing.com/" "Mozilla/5.0 (Macintosh; Intel Mac OS X 10_15_7) AppleWebKit/605.1.15 (KHTML, like Gecko) Version/17.4 Safari/605.1.15"
193.153.72.43 - - [10/Jun/2026:16:00:16 +0000] "GET /products/3 HTTP/1.1" 200 1525 "https://shop.example.com/products/294" "Mozilla/5.0 (compatible; bingbot/2.0; +http://www.bing.com/bingbot.htm)"
167.134.96.118 - chapmanjerry [10/Jun/2026:16:00:16 +0000] "GET /favicon.ico HTTP/1.1" 200 559 "https://shop.example.com/search?q=router&page=2" "curl/8.6.0"
48.249.11.43 - - [10/Jun/2026:16:00:16 +0000] "GET /static/js/app.js HTTP/1.1" 200 4862 "https://shop.example.com/products/393" "Mozilla/5.0 (Macintosh; Intel Mac OS X 10_15_7) AppleWebKit/605.1.15 (KHTML, like Gecko) Version/17.4 Safari/605.1.15"
8.27.157.23 - amandasanchez [10/Jun/2026:16:00:16 +0000] "GET /search?q=edge&page=5 HTTP/1.1" 200 2287 "https://shop.example.com/" "Mozilla/5.0 (Macintosh; Intel Mac OS X 10_15_7) AppleWebKit/605.1.15 (KHTML, like Gecko) Version/17.4 Safari/605.1.15"
48.249.11.43 - - [10/Jun/2026:16:00:16 +0000] "GET /favicon.ico HTTP/1.1" 404 367 "https://shop.example.com/products/298" "Mozilla/5.0 (Macintosh; Intel Mac OS X 10_15_7) AppleWebKit/605.1.15 (KHTML, like Gecko) Version/17.4 Safari/605.1.15"
106.24.19.210 - - [10/Jun/2026:16:00:16 +0000] "GET /products HTTP/1.1" 200 1683 "https://shop.example.com/products/155" "python-requests/2.32.0"
40.25.239.107 - - [10/Jun/2026:16:00:16 +0000] "POST /api/v1/cart HTTP/1.1" 200 3239 "https://shop.example.com/api/v1/products" "Mozilla/5.0 (X11; Linux x86_64) AppleWebKit/537.36 (KHTML, like Gecko) Chrome/123.0.0.0 Safari/537.36"
212.76.28.225 - - [10/Jun/2026:16:00:16 +0000] "GET /favicon.ico HTTP/1.1" 200 1403 "https://shop.example.com/products/181" "Mozilla/5.0 (X11; Linux x86_64) AppleWebKit/537.36 (KHTML, like Gecko) Chrome/123.0.0.0 Safari/537.36"
212.76.28.225 - - [10/Jun/2026:16:00:16 +0000] "GET /products/237 HTTP/1.1" 200 1114 "https://shop.example.com/products/455" "Mozilla/5.0 (X11; Linux x86_64) AppleWebKit/537.36 (KHTML, like Gecko) Chrome/123.0.0.0 Safari/537.36"
148.205.8.57 - chad34 [10/Jun/2026:16:00:17 +0000] "GET /products/170 HTTP/1.1" 200 1631 "https://www.bing.com/" "Mozilla/5.0 (compatible; bingbot/2.0; +http://www.bing.com/bingbot.htm)"
76.92.61.13 - - [10/Jun/2026:16:00:17 +0000] "GET /static/img/logo.png HTTP/1.1" 200 5787 "https://shop.example.com/search?q=camera&page=1" "Mozilla/5.0 (X11; Linux x86_64) AppleWebKit/537.36 (KHTML, like Gecko) Chrome/123.0.0.0 Safari/537.36"
134.235.9.233 - - [10/Jun/2026:16:00:17 +0000] "GET /products HTTP/1.1" 200 7197 "https://news.ycombinator.com/" "Mozilla/5.0 (iPad; CPU OS 17_4 like Mac OS X) AppleWebKit/605.1.15 (KHTML, like Gecko) Version/17.4 Mobile/15E148 Safari/604.1"
169.18.146.47 - julieryan [10/Jun/2026:16:00:17 +0000] "GET /products HTTP/1.1" 200 7114 "https://www.bing.com/" "python-requests/2.32.0"
25.122.217.220 - garzaanthony [10/Jun/2026:16:00:17 +0000] "GET /api/v1/products HTTP/1.1" 200 2435 "https://shop.example.com/api/v1/products" "Mozilla/5.0 (Macintosh; Intel Mac OS X 10_15_7) AppleWebKit/605.1.15 (KHTML, like Gecko) Version/17.4 Safari/605.1.15"
25.122.217.220 - garzaanthony [10/Jun/2026:16:00:17 +0000] "GET /api/v1/products HTTP/1.1" 200 992 "https://shop.example.com/api/v1/products" "Mozilla/5.0 (Macintosh; Intel Mac OS X 10_15_7) AppleWebKit/605.1.15 (KHTML, like Gecko) Version/17.4 Safari/605.1.15"
214.29.34.94 - - [10/Jun/2026:16:00:17 +0000] "GET /static/js/app.js HTTP/1.1" 200 3792 "https://shop.example.com/products/116" "Mozilla/5.0 (compatible; Googlebot/2.1; +http://www.google.com/bot.html)"
134.235.9.233 - - [10/Jun/2026:16:00:17 +0000] "GET /search?q=sensor&page=2 HTTP/1.1" 200 3961 "https://shop.example.com/products" "Mozilla/5.0 (iPad; CPU OS 17_4 like Mac OS X) AppleWebKit/605.1.15 (KHTML, like Gecko) Version/17.4 Mobile/15E148 Safari/604.1"
44.156.57.62 - kendragalloway [10/Jun/2026:16:00:18 +0000] "GET /products HTTP/1.1" 200 781 "https://www.bing.com/" "Mozilla/5.0 (iPhone; CPU iPhone OS 17_4 like Mac OS X) AppleWebKit/605.1.15 (KHTML, like Gecko) Version/17.4 Mobile/15E148 Safari/604.1"
76.92.61.13 - - [10/Jun/2026:16:00:18 +0000] "GET /static/js/app.js HTTP/1.1" 200 10170 "https://shop.example.com/search?q=sensor&page=2" "Mozilla/5.0 (X11; Linux x86_64) AppleWebKit/537.36 (KHTML, like Gecko) Chrome/123.0.0.0 Safari/537.36"
80.183.191.243 - bethwilliams [10/Jun/2026:16:00:18 +0000] "GET /products/90 HTTP/1.1" 200 561 "-" "Mozilla/5.0 (compatible; bingbot/2.0; +http://www.bing.com/bingbot.htm)"
48.229.28.185 - - [10/Jun/2026:16:00:18 +0000] "GET /static/js/app.js HTTP/1.1" 200 2507 "https://shop.example.com/" "Mozilla/5.0 (Macintosh; Intel Mac OS X 10_15_7) AppleWebKit/605.1.15 (KHTML, like Gecko) Version/17.4 Safari/605.1.15"
44.156.57.62 - kendragalloway [10/Jun/2026:16:00:18 +0000] "GET /static/img/logo.png HTTP/1.1" 304 - "https://shop.example.com/products" "Mozilla/5.0 (iPhone; CPU iPhone OS 17_4 like Mac OS X) AppleWebKit/605.1.15 (KHTML, like Gecko) Version/17.4 Mobile/15E148 Safari/604.1"
217.251.141.195 - - [10/Jun/2026:16:00:18 +0000] "GET /favicon.ico HTTP/1.1" 200 4780 "https://shop.example.com/about" "python-requests/2.32.0"
148.205.8.57 - chad34 [10/Jun/2026:16:00:18 +0000] "GET /favicon.ico HTTP/1.1" 200 2185 "https://shop.example.com/products/358" "Mozilla/5.0 (compatible; bingbot/2.0; +http://www.bing.com/bingbot.htm)"
212.76.28.225 - - [10/Jun/2026:16:00:18 +0000] "GET / HTTP/1.1" 200 2151 "https://shop.example.com/products/111" "Mozilla/5.0 (X11; Linux x86_64) AppleWebKit/537.36 (KHTML, like Gecko) Chrome/123.0.0.0 Safari/537.36"
167.134.96.118 - chapmanjerry [10/Jun/2026:16:00:18 +0000] "GET /static/css/main.css HTTP/1.1" 200 2195 "https://shop.example.com/search?q=laptop&page=5" "curl/8.6.0"
8.27.157.23 - amandasanchez [10/Jun/2026:16:00:19 +0000] "GET /products/344 HTTP/1.1" 200 2754 "https://shop.example.com/search?q=camera&page=4" "Mozilla/5.0 (Macintosh; Intel Mac OS X 10_15_7) AppleWebKit/605.1.15 (KHTML, like Gecko) Version/17.4 Safari/605.1.15"
170.20.0.47 - - [10/Jun/2026:16:00:19 +0000] "GET /products HTTP/1.1" 200 4620 "https://shop.example.com/blog/edge-pipelines" "Mozilla/5.0 (Macintosh; Intel Mac OS X 10_15_7) AppleWebKit/605.1.15 (KHTML, like Gecko) Version/17.4 Safari/605.1.15"
141.173.72.166 - - [10/Jun/2026:16:00:19 +0000] "GET /products/163 HTTP/1.1" 200 1476 "https://www.bing.com/" "Mozilla/5.0 (compatible; Googlebot/2.1; +http://www.google.com/bot.html)"
169.18.146.47 - julieryan [10/Jun/2026:16:00:19 +0000] "GET /search?q=laptop&page=2 HTTP/1.1" 200 1695 "https://shop.example.com/products" "python-requests/2.32.0"
106.24.19.210 - adrianzimmerman [10/Jun/2026:16:00:19 +0000] "GET / HTTP/1.1" 200 10643 "https://news.ycombinator.com/" "python-requests/2.32.0"
48.229.28.185 - richard13 [10/Jun/2026:16:00:19 +0000] "POST /login HTTP/1.1" 200 1285 "https://shop.example.com/" "Mozilla/5.0 (Macintosh; Intel Mac OS X 10_15_7) AppleWebKit/605.1.15 (KHTML, like Gecko) Version/17.4 Safari/605.1.15"
48.229.28.185 - richard13 [10/Jun/2026:16:00:20 +0000] "GET /static/img/logo.png HTTP/1.1" 200 7215 "https://shop.example.com/login" "Mozilla/5.0 (Macintosh; Intel Mac OS X 10_15_7) AppleWebKit/605.1.15 (KHTML, like Gecko) Version/17.4 Safari/605.1.15"
169.18.146.47 - julieryan [10/Jun/2026:16:00:20 +0000] "GET /products HTTP/1.1" 200 1269 "https://shop.example.com/search?q=router&page=2" "python-requests/2.32.0"
120.204.194.248 - adrianzimmerman [10/Jun/2026:16:00:20 +0000] "GET /search?q=camera&page=3 HTTP/1.1" 500 6145 "https://news.ycombinator.com/" "Mozilla/5.0 (Macintosh; Intel Mac OS X 10_15_7) AppleWebKit/537.36 (KHTML, like Gecko) Chrome/124.0.0.0 Safari/537.36"
48.229.28.185 - richard13 [10/Jun/2026:16:00:20 +0000] "GET /products HTTP/1.1" 200 1427 "https://shop.example.com/login" "Mozilla/5.0 (Macintosh; Intel Mac OS X 10_15_7) AppleWebKit/605.1.15 (KHTML, like Gecko) Version/17.4 Safari/605.1.15"
40.25.239.107 - - [10/Jun/2026:16:00:20 +0000] "GET /api/v1/products HTTP/1.1" 200 10774 "https://shop.example.com/api/v1/cart" "Mozilla/5.0 (X11; Linux x86_64) AppleWebKit/537.36 (KHTML, like Gecko) Chrome/123.0.0.0 Safari/537.36"
80.183.191.243 - bethwilliams [10/Jun/2026:16:00:20 +0000] "GET / HTTP/1.1" 200 3094 "https://shop.example.com/products/38" "Mozilla/5.0 (compatible; bingbot/2.0; +http://www.bing.com/bingbot.htm)"
170.20.0.47 - - [10/Jun/2026:16:00:20 +0000] "GET / HTTP/1.1" 301 1529 "https://shop.example.com/products" "Mozilla/5.0 (Macintosh; Intel Mac OS X 10_15_7) AppleWebKit/605.1.15 (KHTML, like Gecko) Version/17.4 Safari/605.1.15"
80.183.191.243 - bethwilliams [10/Jun/2026:16:00:21 +0000] "POST /login HTTP/1.1" 200 6779 "https://shop.example.com/" "Mozilla/5.0 (compatible; bingbot/2.0; +http://www.bing.com/bingbot.htm)"
120.204.194.248 - adrianzimmerman [10/Jun/2026:16:00:21 +0000] "GET /search?q=laptop&page=4 HTTP/1.1" 200 4028 "https://shop.example.com/search?q=laptop&page=4" "Mozilla/5.0 (Macintosh; Intel Mac OS X 10_15_7) AppleWebKit/537.36 (KHTML, like Gecko) Chrome/124.0.0.0 Safari/537.36"
40.25.239.107 - - [10/Jun/2026:16:00:21 +0000] "GET /api/v1/products HTTP/1.1" 200 17025 "https://shop.example.com/api/v1/products" "Mozilla/5.0 (X11; Linux x86_64) AppleWebKit/537.36 (KHTML, like Gecko) Chrome/123.0.0.0 Safari/537.36"
25.122.217.220 - garzaanthony [10/Jun/2026:16:00:21 +0000] "POST /api/v1/cart HTTP/1.1" 200 4373 "https://shop.example.com/api/v1/products" "Mozilla/5.0 (Macintosh; Intel Mac OS X 10_15_7) AppleWebKit/605.1.15 (KHTML, like Gecko) Version/17.4 Safari/605.1.15"
101.80.196.49 - adkinsbrian [10/Jun/2026:16:00:21 +0000] "POST /login HTTP/1.1" 304 - "https://news.ycombinator.com/" "Mozilla/5.0 (Windows NT 10.0; Win64; x64) AppleWebKit/537.36 (KHTML, like Gecko) Chrome/125.0.0.0 Safari/537.36"
134.235.9.233 - - [10/Jun/2026:16:00:21 +0000] "GET /static/css/main.css HTTP/1.1" 200 3017 "https://shop.example.com/search?q=sensor&page=4" "Mozilla/5.0 (iPad; CPU OS 17_4 like Mac OS X) AppleWebKit/605.1.15 (KHTML, like Gecko) Version/17.4 Mobile/15E148 Safari/604.1"
141.173.72.166 - - [10/Jun/2026:16:00:21 +0000] "GET /products/244 HTTP/1.1" 200 823 "https://shop.example.com/products/143" "Mozilla/5.0 (compatible; Googlebot/2.1; +http://www.google.com/bot.html)"
120.204.194.248 - adrianzimmerman [10/Jun/2026:16:00:22 +0000] "GET /products/388 HTTP/1.1" 404 1247 "https://shop.example.com/search?q=laptop&page=5" "Mozilla/5.0 (Macintosh; Intel Mac OS X 10_15_7) AppleWebKit/537.36 (KHTML, like Gecko) Chrome/124.0.0.0 Safari/537.36"
40.25.239.107 - - [10/Jun/2026:16:00:22 +0000] "POST /api/v1/cart HTTP/1.1" 200 3038 "https://shop.example.com/api/v1/products" "Mozilla/5.0 (X11; Linux x86_64) AppleWebKit/537.36 (KHTML, like Gecko) Chrome/123.0.0.0 Safari/537.36"
106.24.19.210 - - [10/Jun/2026:16:00:22 +0000] "GET / HTTP/1.1" 200 279 "https://www.bing.com/" "curl/8.6.0"
141.173.72.166 - - [10/Jun/2026:16:00:22 +0000] "GET /products HTTP/1.1" 404 3268 "https://shop.example.com/products/456" "Mozilla/5.0 (compatible; Googlebot/2.1; +http://www.google.com/bot.html)"
187.207.3.250 - cassandra07 [10/Jun/2026:16:00:22 +0000] "GET /products HTTP/1.1" 200 2877 "https://www.bing.com/" "Mozilla/5.0 (Macintosh; Intel Mac OS X 10_15_7) AppleWebKit/537.36 (KHTML, like Gecko) Chrome/124.0.0.0 Safari/537.36"
157.25.203.54 - - [10/Jun/2026:16:00:22 +0000] "GET /search?q=sensor&page=3 HTTP/1.1" 200 4766 "https://www.bing.com/" "Mozilla/5.0 (Windows NT 10.0; Win64; x64; rv:126.0) Gecko/20100101 Firefox/126.0"
169.18.146.47 - julieryan [10/Jun/2026:16:00:22 +0000] "GET / HTTP/1.1" 200 3199 "https://shop.example.com/products" "python-requests/2.32.0"
72.95.89.104 - jason76 [10/Jun/2026:16:00:22 +0000] "GET / HTTP/1.1" 200 1218 "-" "Mozilla/5.0 (X11; Linux x86_64) AppleWebKit/537.36 (KHTML, like Gecko) Chrome/123.0.0.0 Safari/537.36"
208.48.76.248 - - [10/Jun/2026:16:00:22 +0000] "GET / HTTP/1.1" 200 12550 "https://www.bing.com/" "Mozilla/5.0 (iPad; CPU OS 17_4 like Mac OS X) AppleWebKit/605.1.15 (KHTML, like Gecko) Version/17.4 Mobile/15E148 Safari/604.1"
157.188.182.255 - - [10/Jun/2026:16:00:22 +0000] "GET /products HTTP/1.1" 200 609 "-" "Mozilla/5.0 (iPad; CPU OS 17_4 like Mac OS X) AppleWebKit/605.1.15 (KHTML, like Gecko) Version/17.4 Mobile/15E148 Safari/604.1"
221.175.156.121 - barnesbrandy [10/Jun/2026:16:00:22 +0000] "GET /products/454 HTTP/1.1" 200 4784 "https://www.google.com/" "Mozilla/5.0 (iPad; CPU OS 17_4 like Mac OS X) AppleWebKit/605.1.15 (KHTML, like Gecko) Version/17.4 Mobile/15E148 Safari/604.1"
101.80.196.49 - adkinsbrian [10/Jun/2026:16:00:22 +0000] "GET /products HTTP/1.1" 200 1035 "https://shop.example.com/login" "Mozilla/5.0 (Windows NT 10.0; Win64; x64) AppleWebKit/537.36 (KHTML, like Gecko) Chrome/125.0.0.0 Safari/537.36"
157.188.182.255 - - [10/Jun/2026:16:00:22 +0000] "GET /products/173 HTTP/1.1" 200 2549 "https://shop.example.com/products" "Mozilla/5.0 (iPad; CPU OS 17_4 like Mac OS X) AppleWebKit/605.1.15 (KHTML, like Gecko) Version/17.4 Mobile/15E148 Safari/604.1"
221.175.156.121 - barnesbrandy [10/Jun/2026:16:00:22 +0000] "GET / HTTP/1.1" 200 19846 "https://shop.example.com/products/386" "Mozilla/5.0 (iPad; CPU OS 17_4 like Mac OS X) AppleWebKit/605.1.15 (KHTML, like Gecko) Version/17.4 Mobile/15E148 Safari/604.1"
49.181.32.252 - - [10/Jun/2026:16:00:22 +0000] "GET /products HTTP/1.1" 200 1322 "https://news.ycombinator.com/" "python-requests/2.32.0"
