132.113.99.188 - - [10/Jun/2026:16:01:58 +0000] "GET /static/img/logo.png HTTP/1.1" 200 2096 "https://shop.example.com/" "Mozilla/5.0 (compatible; Googlebot/2.1; +http://www.google.com/bot.html)"
157.188.182.255 - - [10/Jun/2026:16:01:58 +0000] "GET /products HTTP/1.1" 200 3948 "https://shop.example.com/search?q=router&page=1" "Mozilla/5.0 (compatible; bingbot/2.0; +http://www.bing.com/bingbot.htm)"
169.18.146.47 - agomez [10/Jun/2026:16:01:58 +0000] "GET /products HTTP/1.1" 200 3349 "https://shop.example.com/search?q=gateway&page=5" "Mozilla/5.0 (iPad; CPU OS 17_4 like Mac OS X) AppleWebKit/605.1.15 (KHTML, like Gecko) Version/17.4 Mobile/15E148 Safari/604.1"
167.134.96.118 - adkinsbrian [10/Jun/2026:16:01:58 +0000] "GET /products/276 HTTP/1.1" 200 6261 "https://shop.example.com/products" "python-requests/2.32.0"
196.36.228.143 - - [10/Jun/2026:16:01:58 +0000] "GET / HTTP/1.1" 200 2807 "-" "curl/8.6.0"
170.40.218.51 - adkinsbrian [10/Jun/2026:16:01:58 +0000] "GET /products HTTP/1.1" 200 7003 "https://shop.example.com/cart/add" "Mozilla/5.0 (Linux; Android 14; Pixel 8) AppleWebKit/537.36 (KHTML, like Gecko) Chrome/124.0.0.0 Mobile Safari/537.36"
141.173.72.166 - adkinsbrian [10/Jun/2026:16:01:59 +0000] "GET /about HTTP/1.1" 200 1984 "https://shop.example.com/" "Mozilla/5.0 (compatible; Googlebot/2.1; +http://www.google.com/bot.html)"
215.167.230.243 - - [10/Jun/2026:16:01:59 +0000] "GET /favicon.ico HTTP/1.1" 200 223 "https://shop.example.com/contact" "python-requests/2.32.0"
193.153.72.43 - - [10/Jun/2026:16:01:59 +0000] "GET /api/v1/products HTTP/1.1" 200 4702 "https://duckduckgo.com/" "Mozilla/5.0 (Macintosh; Intel Mac OS X 10_15_7) AppleWebKit/605.1.15 (KHTML, like Gecko) Version/17.4 Safari/605.1.15"
215.167.230.243 - agomez [10/Jun/2026:16:01:59 +0000] "GET / HTTP/1.1" 200 1978 "https://shop.example.com/about" "Mozilla/5.0 (iPhone; CPU iPhone OS 17_4 like Mac OS X) AppleWebKit/605.1.15 (KHTML, like Gecko) Version/17.4 Mobile/15E148 Safari/604.1"
208.48.76.248 - adkinsbrian [10/Jun/2026:16:01:59 +0000] "GET /products HTTP/1.1" 200 2547 "https://shop.example.com/" "Mozilla/5.0 (iPad; CPU OS 17_4 like Mac OS X) AppleWebKit/605.1.15 (KHTML, like Gecko) Version/17.4 Mobile/15E148 Safari/604.1"
155.232.93.205 - glee [10/Jun/2026:16:01:59 +0000] "POST /api/v1/cart HTTP/1.1" 200 1033 "https://shop.example.com/api/v1/products" "Mozilla/5.0 (Windows NT 10.0; Win64; x64; rv:126.0) Gecko/20100101 Firefox/126.0"
215.167.230.243 - agomez [10/Jun/2026:16:01:59 +0000] "POST /login HTTP/1.1" 200 491 "https://shop.example.com/" "Mozilla/5.0 (iPhone; CPU iPhone OS 17_4 like Mac OS X) AppleWebKit/605.1.15 (KHTML, like Gecko) Version/17.4 Mobile/15E148 Safari/604.1"
2.70.113.58 - - [10/Jun/2026:16:01:59 +0000] "GET /products/207 HTTP/1.1" 200 880 "https://shop.example.com/products/199" "Mozilla/5.0 (compatible; Googlebot/2.1; +http://www.google.com/bot.html)"
208.254.50.159 - jeffrey28 [10/Jun/2026:16:01:59 +0000] "GET /search?q=router&page=5 HTTP/1.1" 200 4642 "https://shop.example.com/" "Mozilla/5.0 (Windows NT 10.0; Win64; x64; rv:126.0) Gecko/20100101 Firefox/126.0"
118.16.250.163 - - [10/Jun/2026:16:01:59 +0000] "GET / HTTP/1.1" 404 982 "https://shop.example.com/contact" "Mozilla/5.0 (iPad; CPU OS 17_4 like Mac OS X) AppleWebKit/605.1.15 (KHTML, like Gecko) Version/17.4 Mobile/15E148 Safari/604.1"
80.183.191.243 - barnesbrandy [10/Jun/2026:16:01:59 +0000] "GET /products/423 HTTP/1.1" 200 1951 "https://shop.example.com/products/163" "Mozilla/5.0 (compatible; Googlebot/2.1; +http://www.google.com/bot.html)"
187.205.253.64 - adrianzimmerman [10/Jun/2026:16:01:59 +0000] "GET /products HTTP/1.1" 200 667 "https://shop.example.com/" "Mozilla/5.0 (compatible; bingbot/2.0; +http://www.bing.com/bingbot.htm)"
201.212.50.173 - - [10/Jun/2026:16:01:59 +0000] "GET /static/js/app.js HTTP/1.1" 200 756 "https://shop.example.com/search?q=sensor&page=3" "Mozilla/5.0 (compatible; bingbot/2.0; +http://www.bing.com/bingbot.htm)"
193.153.72.43 - gabriellecameron [10/Jun/2026:16:01:59 +0000] "GET / HTTP/1.1" 200 1936 "https://shop.example.com/logout" "curl/8.6.0"
186.248.224.21 - lrobinson [10/Jun/2026:16:01:59 +0000] "GET /search?q=sensor&page=2 HTTP/1.1" 200 1473 "https://shop.example.com/search?q=router&page=4" "Mozilla/5.0 (Linux; Android 14; Pixel 8) AppleWebKit/537.36 (KHTML, like Gecko) Chrome/124.0.0.0 Mobile Safari/537.36"
2.70.113.58 - - [10/Jun/2026:16:02:00 +0000] "GET /products/376 HTTP/1.1" 200 1367 "https://shop.example.com/products/226" "Mozilla/5.0 (compatible; Googlebot/2.1; +http://www.google.com/bot.html)"
167.134.96.118 - adkinsbrian [10/Jun/2026:16:02:00 +0000] "GET /products HTTP/1.1" 200 9110 "https://shop.example.com/products/297" "python-requests/2.32.0"
169.18.146.47 - agomez [10/Jun/2026:16:02:00 +0000] "GET / HTTP/1.1" 304 - "https://shop.example.com/products" "Mozilla/5.0 (iPad; CPU OS 17_4 like Mac OS X) AppleWebKit/605.1.15 (KHTML, like Gecko) Version/17.4 Mobile/15E148 Safari/604.1"
106.24.19.210 - ibrandt [10/Jun/2026:16:02:00 +0000] "POST /login HTTP/1.1" 200 2329 "https://news.ycombinator.com/" "Mozilla/5.0 (Windows NT 10.0; Win64; x64) AppleWebKit/537.36 (KHTML, like Gecko) Chrome/125.0.0.0 Safari/537.36"
164.215.28.54 - - [10/Jun/2026:16:02:00 +0000] "GET /products/482 HTTP/1.1" 200 3834 "https://shop.example.com/search?q=sensor&page=1" "Mozilla/5.0 (compatible; bingbot/2.0; +http://www.bing.com/bingbot.htm)"
106.24.19.210 - - [10/Jun/2026:16:02:00 +0000] "GET /products HTTP/1.1" 404 3059 "https://duckduckgo.com/" "Mozilla/5.0 (compatible; bingbot/2.0; +http://www.bing.com/bingbot.htm)"
79.171.128.12 - - [10/Jun/2026:16:02:00 +0000] "GET /static/img/logo.png HTTP/1.1" 200 6572 "https://shop.example.com/" "Mozilla/5.0 (Windows NT 10.0; Win64; x64) AppleWebKit/537.36 (KHTML, like Gecko) Chrome/125.0.0.0 Safari/537.36"
208.254.50.159 - dcarlson [10/Jun/2026:16:02:00 +0000] "GET / HTTP/1.1" 200 1511 "https://www.bing.com/" "Mozilla/5.0 (iPad; CPU OS 17_4 like Mac OS X) AppleWebKit/605.1.15 (KHTML, like Gecko) Version/17.4 Mobile/15E148 Safari/604.1"
212.211.154.210 - - [10/Jun/2026:16:02:01 +0000] "POST /cart/add HTTP/1.1" 200 2255 "https://shop.example.com/products/286" "Mozilla/5.0 (compatible; Googlebot/2.1; +http://www.google.com/bot.html)"
146.73.94.188 - - [10/Jun/2026:16:02:01 +0000] "POST /api/v1/cart HTTP/1.1" 200 15052 "https://shop.example.com/api/v1/products" "Mozilla/5.0 (Windows NT 10.0; Win64; x64) AppleWebKit/537.36 (KHTML, like Gecko) Chrome/125.0.0.0 Safari/537.36"
201.212.50.173 - - [10/Jun/2026:16:02:01 +0000] "GET /blog HTTP/1.1" 200 5288 "https://shop.example.com/" "Mozilla/5.0 (iPad; CPU OS 17_4 like Mac OS X) AppleWebKit/605.1.15 (KHTML, like Gecko) Version/17.4 Mobile/15E148 Safari/604.1"
169.18.146.47 - - [10/Jun/2026:16:02:01 +0000] "POST /cart/add HTTP/1.1" 200 5406 "https://shop.example.com/products/294" "Mozilla/5.0 (compatible; Googlebot/2.1; +http://www.google.com/bot.html)"
208.48.76.248 - adkinsbrian [10/Jun/2026:16:02:01 +0000] "GET /favicon.ico HTTP/1.1" 200 492 "https://shop.example.com/products" "Mozilla/5.0 (iPad; CPU OS 17_4 like Mac OS X) AppleWebKit/605.1.15 (KHTML, like Gecko) Version/17.4 Mobile/15E148 Safari/604.1"
208.48.76.248 - adkinsbrian [10/Jun/2026:16:02:01 +0000] "GET /static/js/app.js HTTP/1.1" 404 4643 "https://shop.example.com/products" "Mozilla/5.0 (iPad; CPU OS 17_4 like Mac OS X) AppleWebKit/605.1.15 (KHTML, like Gecko) Version/17.4 Mobile/15E148 Safari/604.1"
201.212.50.173 - - [10/Jun/2026:16:02:01 +0000] "GET /products HTTP/1.1" 200 870 "-" "Mozilla/5.0 (Linux; Android 14; Pixel 8) AppleWebKit/537.36 (KHTML, like Gecko) Chrome/124.0.0.0 Mobile Safari/537.36"
180.189.47.46 - - [10/Jun/2026:16:02:01 +0000] "GET /products HTTP/1.1" 200 1650 "https://news.ycombinator.com/" "Mozilla/5.0 (Macintosh; Intel Mac OS X 10_15_7) AppleWebKit/605.1.15 (KHTML, like Gecko) Version/17.4 Safari/605.1.15"
215.167.230.243 - - [10/Jun/2026:16:02:02 +0000] "GET /static/js/app.js HTTP/1.1" 200 1420 "https://shop.example.com/contact" "python-requests/2.32.0"
128.90.216.161 - - [10/Jun/2026:16:02:02 +0000] "GET /api/v1/products HTTP/1.1" 200 8743 "https://shop.example.com/api/v1/products" "Mozilla/5.0 (Macintosh; Intel Mac OS X 10_15_7) AppleWebKit/605.1.15 (KHTML, like Gecko) Version/17.4 Safari/605.1.15"
169.18.146.47 - agomez [10/Jun/2026:16:02:02 +0000] "GET /static/css/main.css HTTP/1.1" 200 15022 "https://shop.example.com/" "Mozilla/5.0 (iPad; CPU OS 17_4 like Mac OS X) AppleWebKit/605.1.15 (KHTML, like Gecko) Version/17.4 Mobile/15E148 Safari/604.1"
157.188.182.255 - - [10/Jun/2026:16:02:02 +0000] "GET /products/357 HTTP/1.1" 200 3971 "https://shop.example.com/products" "Mozilla/5.0 (compatible; bingbot/2.0; +http://www.bing.com/bingbot.htm)"
208.48.76.248 - adkinsbrian [10/Jun/2026:16:02:02 +0000] "GET /cart HTTP/1.1" 200 1674 "https://shop.example.com/products" "Mozilla/5.0 (iPad; CPU OS 17_4 like Mac OS X) AppleWebKit/605.1.15 (KHTML, like Gecko) Version/17.4 Mobile/15E148 Safari/604.1"
215.167.230.243 - agomez [10/Jun/2026:16:02:02 +0000] "GET / HTTP/1.1" 200 1385 "https://shop.example.com/login" "Mozilla/5.0 (iPhone; CPU iPhone OS 17_4 like Mac OS X) AppleWebKit/605.1.15 (KHTML, like Gecko) Version/17.4 Mobile/15E148 Safari/604.1"
186.248.224.21 - - [10/Jun/2026:16:02:02 +0000] "GET /contact HTTP/1.1" 200 1065 "https://shop.example.com/about" "python-requests/2.32.0"
8.181.77.55 - maria95 [10/Jun/2026:16:02:02 +0000] "GET /products HTTP/1.1" 200 1213 "https://shop.example.com/cart" "curl/8.6.0"
164.215.28.54 - agomez [10/Jun/2026:16:02:02 +0000] "GET /products HTTP/1.1" 200 1569 "https://shop.example.com/search?q=camera&page=1" "Mozilla/5.0 (Windows NT 10.0; Win64; x64; rv:126.0) Gecko/20100101 Firefox/126.0"
157.188.182.255 - - [10/Jun/2026:16:02:02 +0000] "GET /favicon.ico HTTP/1.1" 404 1073 "https://shop.example.com/products/487" "Mozilla/5.0 (compatible; bingbot/2.0; +http://www.bing.com/bingbot.htm)"
201.212.50.173 - - [10/Jun/2026:16:02:03 +0000] "GET /products/97 HTTP/1.1" 200 5621 "-" "Mozilla/5.0 (Macintosh; Intel Mac OS X 10_15_7) AppleWebKit/605.1.15 (KHTML, like Gecko) Version/17.4 Safari/605.1.15"
118.16.250.163 - - [10/Jun/2026:16:02:03 +0000] "GET /static/js/app.js HTTP/1.1" 200 389 "https://shop.example.com/cart" "Mozilla/5.0 (X11; Linux x86_64) AppleWebKit/537.36 (KHTML, like Gecko) Chrome/123.0.0.0 Safari/537.36"
198.130.0.177 - agomez [10/Jun/2026:16:02:03 +0000] "GET /products/305 HTTP/1.1" 200 4351 "https://www.google.com/" "Mozilla/5.0 (X11; Linux x86_64) AppleWebKit/537.36 (KHTML, like Gecko) Chrome/123.0.0.0 Safari/537.36"
201.212.50.173 - - [10/Jun/2026:16:02:03 +0000] "GET /static/css/main.css HTTP/1.1" 404 8406 "https://shop.example.com/products" "Mozilla/5.0 (Macintosh; Intel Mac OS X 10_15_7) AppleWebKit/537.36 (KHTML, like Gecko) Chrome/124.0.0.0 Safari/537.36"
193.153.72.43 - gabriellecameron [10/Jun/2026:16:02:03 +0000] "GET /search?q=camera&page=3 HTTP/1.1" 200 3536 "https://shop.example.com/" "curl/8.6.0"
215.167.230.243 - agomez [10/Jun/2026:16:02:03 +0000] "GET /products HTTP/1.1" 200 2655 "https://shop.example.com/" "Mozilla/5.0 (iPhone; CPU iPhone OS 17_4 like Mac OS X) AppleWebKit/605.1.15 (KHTML, like Gecko) Version/17.4 Mobile/15E148 Safari/604.1"
106.24.19.210 - ibrandt [10/Jun/2026:16:02:03 +0000] "GET /profile HTTP/1.1" 200 8276 "https://shop.example.com/login" "Mozilla/5.0 (Windows NT 10.0; Win64; x64) AppleWebKit/537.36 (KHTML, like Gecko) Chrome/125.0.0.0 Safari/537.36"
193.153.72.43 - gabriellecameron [10/Jun/2026:16:02:03 +0000] "GET /static/js/app.js HTTP/1.1" 200 338 "https://shop.example.com/search?q=laptop&page=3" "curl/8.6.0"
187.207.3.250 - adkinsbrian [10/Jun/2026:16:02:03 +0000] "GET /static/js/app.js HTTP/1.1" 200 19246 "https://shop.example.com/login" "Mozilla/5.0 (Macintosh; Intel Mac OS X 10_15_7) AppleWebKit/605.1.15 (KHTML, like Gecko) Version/17.4 Safari/605.1.15"
8.181.77.55 - maria95 [10/Jun/2026:16:02:03 +0000] "GET /favicon.ico HTTP/1.1" 200 2959 "https://shop.example.com/products" "curl/8.6.0"
141.173.72.166 - adkinsbrian [10/Jun/2026:16:02:03 +0000] "GET /contact HTTP/1.1" 200 1395 "https://shop.example.com/about" "Mozilla/5.0 (compatible; Googlebot/2.1; +http://www.google.com/bot.html)"
197.60.181.30 - - [10/Jun/2026:16:02:04 +0000] "GET / HTTP/1.1" 200 2337 "-" "Mozilla/5.0 (compatible; Googlebot/2.1; +http://www.google.com/bot.html)"
197.60.181.30 - - [10/Jun/2026:16:02:04 +0000] "GET / HTTP/1.1" 200 1237 "https://www.google.com/" "Mozilla/5.0 (Macintosh; Intel Mac OS X 10_15_7) AppleWebKit/537.36 (KHTML, like Gecko) Chrome/124.0.0.0 Safari/537.36"
188.32.174.45 - - [10/Jun/2026:16:02:04 +0000] "GET /favicon.ico HTTP/1.1" 200 3979 "https://shop.example.com/search?q=camera&page=2" "Mozilla/5.0 (Macintosh; Intel Mac OS X 10_15_7) AppleWebKit/605.1.15 (KHTML, like Gecko) Version/17.4 Safari/605.1.15"
201.212.50.173 - - [10/Jun/2026:16:02:04 +0000] "GET / HTTP/1.1" 200 1847 "https://shop.example.com/blog" "Mozilla/5.0 (Linux; Android 14; Pixel 8) AppleWebKit/537.36 (KHTML, like Gecko) Chrome/124.0.0.0 Mobile Safari/537.36"
186.248.224.21 - lrobinson [10/Jun/2026:16:02:04 +0000] "GET /products/169 HTTP/1.1" 200 1462 "https://shop.example.com/search?q=router&page=5" "Mozilla/5.0 (Linux; Android 14; Pixel 8) AppleWebKit/537.36 (KHTML, like Gecko) Chrome/124.0.0.0 Mobile Safari/537.36"
164.215.28.54 - agomez [10/Jun/2026:16:02:04 +0000] "GET /products/426 HTTP/1.1" 200 737 "https://shop.example.com/products" "Mozilla/5.0 (Windows NT 10.0; Win64; x64; rv:126.0) Gecko/20100101 Firefox/126.0"
106.24.19.210 - - [10/Jun/2026:16:02:04 +0000] "GET /static/img/logo.png HTTP/1.1" 200 3022 "https://shop.example.com/" "Mozilla/5.0 (compatible; bingbot/2.0; +http://www.bing.com/bingbot.htm)"
169.18.146.47 - - [10/Jun/2026:16:02:05 +0000] "GET /products/145 HTTP/1.1" 200 986 "https://shop.example.com/cart/add" "Mozilla/5.0 (compatible; Googlebot/2.1; +http://www.google.com/bot.html)"
141.173.72.166 - adkinsbrian [10/Jun/2026:16:02:05 +0000] "GET /static/js/app.js HTTP/1.1" 200 1440 "https://shop.example.com/contact" "Mozilla/5.0 (compatible; Googlebot/2.1; +http://www.google.com/bot.html)"
80.183.191.243 - barnesbrandy [10/Jun/2026:16:02:05 +0000] "GET /products/495 HTTP/1.1" 200 975 "https://shop.example.com/products/290" "Mozilla/5.0 (compatible; Googlebot/2.1; +http://www.google.com/bot.html)"
8.181.77.55 - maria95 [10/Jun/2026:16:02:05 +0000] "GET / HTTP/1.1" 200 4825 "https://shop.example.com/products" "curl/8.6.0"
134.217.173.106 - - [10/Jun/2026:16:02:05 +0000] "GET /search?q=router&page=4 HTTP/1.1" 200 7849 "https://www.bing.com/" "curl/8.6.0"
212.211.154.210 - - [10/Jun/2026:16:02:05 +0000] "GET /products HTTP/1.1" 200 3901 "https://shop.example.com/cart/add" "Mozilla/5.0 (compatible; Googlebot/2.1; +http://www.google.com/bot.html)"
106.24.19.210 - - [10/Jun/2026:16:02:05 +0000] "GET /search?q=edge&page=4 HTTP/1.1" 200 6668 "https://shop.example.com/" "Mozilla/5.0 (compatible; bingbot/2.0; +http://www.bing.com/bingbot.htm)"
147.186.129.57 - - [10/Jun/2026:16:02:05 +0000] "GET /products HTTP/1.1" 200 18318 "https://www.bing.com/" "Mozilla/5.0 (iPhone; CPU iPhone OS 17_4 like Mac OS X) AppleWebKit/605.1.15 (KHTML, like Gecko) Version/17.4 Mobile/15E148 Safari/604.1"
118.16.250.163 - - [10/Jun/2026:16:02:05 +0000] "GET /static/css/main.css HTTP/1.1" 200 5854 "https://shop.example.com/cart" "Mozilla/5.0 (X11; Linux x86_64) AppleWebKit/537.36 (KHTML, like Gecko) Chrome/123.0.0.0 Safari/537.36"
118.16.250.163 - - [10/Jun/2026:16:02:06 +0000] "GET /products HTTP/1.1" 200 2063 "https://shop.example.com/cart" "Mozilla/5.0 (X11; Linux x86_64) AppleWebKit/537.36 (KHTML, like Gecko) Chrome/123.0.0.0 Safari/537.36"
198.130.0.177 - agomez [10/Jun/2026:16:02:06 +0000] "GET /products HTTP/1.1" 200 8320 "https://shop.example.com/products/244" "Mozilla/5.0 (X11; Linux x86_64) AppleWebKit/537.36 (KHTML, like Gecko) Chrome/123.0.0.0 Safari/537.36"
170.40.218.51 - adkinsbrian [10/Jun/2026:16:02:06 +0000] "GET /search?q=sensor&page=2 HTTP/1.1" 200 893 "https://shop.example.com/products" "Mozilla/5.0 (Linux; Android 14; Pixel 8) AppleWebKit/537.36 (KHTML, like Gecko) Chrome/124.0.0.0 Mobile Safari/537.36"
196.36.228.143 - - [10/Jun/2026:16:02:06 +0000] "GET /search?q=sensor&page=1 HTTP/1.1" 200 1759 "https://shop.example.com/" "curl/8.6.0"
164.215.28.54 - - [10/Jun/2026:16:02:06 +0000] "GET /products/257 HTTP/1.1" 200 622 "https://shop.example.com/products/209" "Mozilla/5.0 (compatible; bingbot/2.0; +http://www.bing.com/bingbot.htm)"
120.204.194.248 - - [10/Jun/2026:16:02:06 +0000] "GET /static/css/main.css HTTP/1.1" 200 7138 "https://shop.example.com/about" "Mozilla/5.0 (compatible; Googlebot/2.1; +http://www.google.com/bot.html)"
169.18.146.47 - - [10/Jun/2026:16:02:06 +0000] "GET /favicon.ico HTTP/1.1" 200 1156 "https://shop.example.com/products/249" "Mozilla/5.0 (compatible; Googlebot/2.1; +http://www.google.com/bot.html)"
106.24.19.210 - adrianzimmerman [10/Jun/2026:16:02:06 +0000] "GET / HTTP/1.1" 200 1455 "https://shop.example.com/logout" "curl/8.6.0"
201.212.50.173 - - [10/Jun/2026:16:02:06 +0000] "GET / HTTP/1.1" 200 1009 "https://shop.example.com/products/39" "Mozilla/5.0 (Macintosh; Intel Mac OS X 10_15_7) AppleWebKit/605.1.15 (KHTML, like Gecko) Version/17.4 Safari/605.1.15"
169.18.146.47 - - [10/Jun/2026:16:02:06 +0000] "GET /static/css/main.css HTTP/1.1" 200 8117 "https://shop.example.com/products/114" "Mozilla/5.0 (compatible; Googlebot/2.1; +http://www.google.com/bot.html)"
155.232.93.205 - glee [10/Jun/2026:16:02:06 +0000] "POST /api/v1/checkout HTTP/1.1" 200 1928 "https://shop.example.com/api/v1/cart" "Mozilla/5.0 (Windows NT 10.0; Win64; x64; rv:126.0) Gecko/20100101 Firefox/126.0"
201.212.50.173 - - [10/Jun/2026:16:02:06 +0000] "GET / HTTP/1.1" 200 512 "https://shop.example.com/products" "Mozilla/5.0 (Linux; Android 14; Pixel 8) AppleWebKit/537.36 (KHTML, like Gecko) Chrome/124.0.0.0 Mobile Safari/537.36"
141.173.72.166 - adkinsbrian [10/Jun/2026:16:02:06 +0000] "GET / HTTP/1.1" 200 1245 "https://shop.example.com/contact" "Mozilla/5.0 (compatible; Googlebot/2.1; +http://www.google.com/bot.html)"
106.24.19.210 - - [10/Jun/2026:16:02:06 +0000] "GET /favicon.ico HTTP/1.1" 200 901 "https://shop.example.com/products" "Mozilla/5.0 (compatible; bingbot/2.0; +http://www.bing.com/bingbot.htm)"
141.173.72.166 - adkinsbrian [10/Jun/2026:16:02:07 +0000] "GET /static/img/logo.png HTTP/1.1" 200 509 "https://shop.example.com/" "Mozilla/5.0 (compatible; Googlebot/2.1; +http://www.google.com/bot.html)"
134.217.173.106 - - [10/Jun/2026:16:02:07 +0000] "GET /favicon.ico HTTP/1.1" 200 3841 "https://shop.example.com/search?q=edge&page=4" "curl/8.6.0"
47.138.216.36 - chapmanjerry [10/Jun/2026:16:02:07 +0000] "GET /about HTTP/1.1" 404 3851 "https://shop.example.com/" "Mozilla/5.0 (Linux; Android 14; Pixel 8) AppleWebKit/537.36 (KHTML, like Gecko) Chrome/124.0.0.0 Mobile Safari/537.36"
170.40.218.51 - adkinsbrian [10/Jun/2026:16:02:07 +0000] "GET /search?q=camera&page=3 HTTP/1.1" 200 18097 "https://shop.example.com/search?q=router&page=3" "Mozilla/5.0 (Linux; Android 14; Pixel 8) AppleWebKit/537.36 (KHTML, like Gecko) Chrome/124.0.0.0 Mobile Safari/537.36"
157.188.182.255 - - [10/Jun/2026:16:02:07 +0000] "GET /products/132 HTTP/1.1" 304 - "https://shop.example.com/products/156" "Mozilla/5.0 (compatible; bingbot/2.0; +http://www.bing.com/bingbot.htm)"
164.215.28.54 - agomez [10/Jun/2026:16:02:07 +0000] "GET /static/img/logo.png HTTP/1.1" 200 5345 "https://shop.example.com/products/49" "Mozilla/5.0 (Windows NT 10.0; Win64; x64; rv:126.0) Gecko/20100101 Firefox/126.0"
134.235.9.233 - adkinsbrian [10/Jun/2026:16:02:07 +0000] "GET /blog HTTP/1.1" 200 723 "https://shop.example.com/" "Mozilla/5.0 (iPad; CPU OS 17_4 like Mac OS X) AppleWebKit/605.1.15 (KHTML, like Gecko) Version/17.4 Mobile/15E148 Safari/604.1"
114.113.227.238 - - [10/Jun/2026:16:02:07 +0000] "POST /api/v1/checkout HTTP/1.1" 200 1772 "https://shop.example.com/api/v1/cart" "Mozilla/5.0 (Windows NT 10.0; Win64; x64) AppleWebKit/537.36 (KHTML, like Gecko) Chrome/125.0.0.0 Safari/537.36"
213.162.233.249 - garzaanthony [10/Jun/2026:16:02:08 +0000] "POST /login HTTP/1.1" 200 1592 "https://news.ycombinator.com/" "Mozilla/5.0 (Linux; Android 14; Pixel 8) AppleWebKit/537.36 (KHTML, like Gecko) Chrome/124.0.0.0 Mobile Safari/537.36"
193.153.72.43 - gabriellecameron [10/Jun/2026:16:02:08 +0000] "GET /favicon.ico HTTP/1.1" 200 1287 "https://shop.example.com/search?q=gateway&page=4" "curl/8.6.0"
188.32.174.45 - - [10/Jun/2026:16:02:08 +0000] "GET /static/js/app.js HTTP/1.1" 200 4711 "https://shop.example.com/search?q=edge&page=3" "Mozilla/5.0 (Macintosh; Intel Mac OS X 10_15_7) AppleWebKit/605.1.15 (KHTML, like Gecko) Version/17.4 Safari/605.1.15"
188.32.174.45 - - [10/Jun/2026:16:02:08 +0000] "GET /products/243 HTTP/1.1" 200 3540 "https://shop.example.com/search?q=edge&page=5" "Mozilla/5.0 (Macintosh; Intel Mac OS X 10_15_7) AppleWebKit/605.1.15 (KHTML, like Gecko) Version/17.4 Safari/605.1.15"
213.162.233.249 - adrianzimmerman [10/Jun/2026:16:02:08 +0000] "GET /api/v1/products HTTP/1.1" 200 916 "https://shop.example.com/api/v1/products" "Mozilla/5.0 (compatible; bingbot/2.0; +http://www.bing.com/bingbot.htm)"
188.32.174.45 - - [10/Jun/2026:16:02:08 +0000] "GET /favicon.ico HTTP/1.1" 200 7116 "https://shop.example.com/products/162" "Mozilla/5.0 (Macintosh; Intel Mac OS X 10_15_7) AppleWebKit/605.1.15 (KHTML, like Gecko) Version/17.4 Safari/605.1.15"
213.110.28.164 - - [10/Jun/2026:16:02:08 +0000] "GET /cart HTTP/1.1" 200 4900 "https://shop.example.com/products" "Mozilla/5.0 (X11; Linux x86_64) AppleWebKit/537.36 (KHTML, like Gecko) Chrome/123.0.0.0 Safari/537.36"
106.24.19.210 - - [10/Jun/2026:16:02:08 +0000] "GET /static/img/logo.png HTTP/1.1" 200 1738 "https://shop.example.com/products" "Mozilla/5.0 (compatible; bingbot/2.0; +http://www.bing.com/bingbot.htm)"
197.60.181.30 - - [10/Jun/2026:16:02:08 +0000] "GET /static/js/app.js HTTP/1.1" 200 15865 "https://shop.example.com/" "Mozilla/5.0 (Macintosh; Intel Mac OS X 10_15_7) AppleWebKit/537.36 (KHTML, like Gecko) Chrome/124.0.0.0 Safari/537.36"
118.16.250.163 - - [10/Jun/2026:16:02:08 +0000] "GET /search?q=sensor&page=4 HTTP/1.1" 200 2615 "https://shop.example.com/" "Mozilla/5.0 (iPad; CPU OS 17_4 like Mac OS X) AppleWebKit/605.1.15 (KHTML, like Gecko) Version/17.4 Mobile/15E148 Safari/604.1"
109.29.135.198 - agomez [10/Jun/2026:16:02:08 +0000] "GET / HTTP/1.1" 200 3139 "https://shop.example.com/products/393" "Mozilla/5.0 (Windows NT 10.0; Win64; x64) AppleWebKit/537.36 (KHTML, like Gecko) Chrome/125.0.0.0 Safari/537.36 Edg/125.0.0.0"
118.16.250.163 - - [10/Jun/2026:16:02:09 +0000] "GET /products HTTP/1.1" 200 290 "https://shop.example.com/search?q=laptop&page=5" "Mozilla/5.0 (iPad; CPU OS 17_4 like Mac OS X) AppleWebKit/605.1.15 (KHTML, like Gecko) Version/17.4 Mobile/15E148 Safari/604.1"
208.254.50.159 - jeffrey28 [10/Jun/2026:16:02:09 +0000] "GET /search?q=laptop&page=1 HTTP/1.1" 200 1113 "https://shop.example.com/search?q=laptop&page=5" "Mozilla/5.0 (Windows NT 10.0; Win64; x64; rv:126.0) Gecko/20100101 Firefox/126.0"
186.248.224.21 - lrobinson [10/Jun/2026:16:02:09 +0000] "GET /products HTTP/1.1" 200 3269 "https://shop.example.com/products/231" "Mozilla/5.0 (Linux; Android 14; Pixel 8) AppleWebKit/537.36 (KHTML, like Gecko) Chrome/124.0.0.0 Mobile Safari/537.36"
106.24.19.210 - - [10/Jun/2026:16:02:09 +0000] "GET / HTTP/1.1" 200 11143 "https://shop.example.com/blog" "curl/8.6.0"
120.204.194.248 - - [10/Jun/2026:16:02:09 +0000] "GET /products HTTP/1.1" 304 - "https://www.bing.com/" "Mozilla/5.0 (X11; Linux x86_64) AppleWebKit/537.36 (KHTML, like Gecko) Chrome/123.0.0.0 Safari/537.36"
134.217.173.106 - - [10/Jun/2026:16:02:09 +0000] "GET /static/img/logo.png HTTP/1.1" 200 395 "https://shop.example.com/search?q=laptop&page=1" "curl/8.6.0"
187.207.3.250 - adkinsbrian [10/Jun/2026:16:02:09 +0000] "GET / HTTP/1.1" 200 295 "https://shop.example.com/login" "Mozilla/5.0 (Macintosh; Intel Mac OS X 10_15_7) AppleWebKit/605.1.15 (KHTML, like Gecko) Version/17.4 Safari/605.1.15"
186.248.224.21 - - [10/Jun/2026:16:02:09 +0000] "GET /products HTTP/1.1" 200 4287 "https://shop.example.com/blog/roadmap" "Mozilla/5.0 (iPad; CPU OS 17_4 like Mac OS X) AppleWebKit/605.1.15 (KHTML, like Gecko) Version/17.4 Mobile/15E148 Safari/604.1"
186.248.224.21 - lrobinson [10/Jun/2026:16:02:09 +0000] "GET /search?q=sensor&page=5 HTTP/1.1" 200 6794 "https://shop.example.com/products" "Mozilla/5.0 (Linux; Android 14; Pixel 8) AppleWebKit/537.36 (KHTML, like Gecko) Chrome/124.0.0.0 Mobile Safari/537.36"
109.29.135.198 - agomez [10/Jun/2026:16:02:09 +0000] "GET /static/css/main.css HTTP/1.1" 200 1030 "https://shop.example.com/" "Mozilla/5.0 (Windows NT 10.0; Win64; x64) AppleWebKit/537.36 (KHTML, like Gecko) Chrome/125.0.0.0 Safari/537.36 Edg/125.0.0.0"
183.176.187.209 - garzaanthony [10/Jun/2026:16:02:09 +0000] "GET /products HTTP/1.1" 200 5339 "https://shop.example.com/" "Mozilla/5.0 (Macintosh; Intel Mac OS X 10_15_7) AppleWebKit/605.1.15 (KHTML, like Gecko) Version/17.4 Safari/605.1.15"
187.207.3.250 - adkinsbrian [10/Jun/2026:16:02:09 +0000] "GET /about HTTP/1.1" 302 1428 "https://shop.example.com/" "Mozilla/5.0 (Macintosh; Intel Mac OS X 10_15_7) AppleWebKit/605.1.15 (KHTML, like Gecko) Version/17.4 Safari/605.1.15"
188.32.174.45 - - [10/Jun/2026:16:02:09 +0000] "POST /cart/add HTTP/1.1" 200 2153 "https://shop.example.com/products/289" "Mozilla/5.0 (Macintosh; Intel Mac OS X 10_15_7) AppleWebKit/605.1.15 (KHTML, like Gecko) Version/17.4 Safari/605.1.15"
146.73.94.188 - - [10/Jun/2026:16:02:09 +0000] "POST /api/v1/checkout HTTP/1.1" 200 10824 "https://shop.example.com/api/v1/cart" "Mozilla/5.0 (Windows NT 10.0; Win64; x64) AppleWebKit/537.36 (KHTML, like Gecko) Chrome/125.0.0.0 Safari/537.36"
208.254.50.159 - jeffrey28 [10/Jun/2026:16:02:10 +0000] "GET /static/css/main.css HTTP/1.1" 200 10549 "https://shop.example.com/search?q=sensor&page=5" "Mozilla/5.0 (Windows NT 10.0; Win64; x64; rv:126.0) Gecko/20100101 Firefox/126.0"
186.248.224.21 - lrobinson [10/Jun/2026:16:02:10 +0000] "GET /static/css/main.css HTTP/1.1" 200 176 "https://shop.example.com/search?q=camera&page=5" "Mozilla/5.0 (Linux; Android 14; Pixel 8) AppleWebKit/537.36 (KHTML, like Gecko) Chrome/124.0.0.0 Mobile Safari/537.36"
201.212.50.173 - adrianzimmerman [10/Jun/2026:16:02:10 +0000] "GET /api/v1/products HTTP/1.1" 200 2703 "https://www.google.com/" "python-requests/2.32.0"
120.204.194.248 - - [10/Jun/2026:16:02:10 +0000] "GET /products HTTP/1.1" 200 16192 "https://shop.example.com/search?q=camera&page=4" "Mozilla/5.0 (Linux; Android 14; Pixel 8) AppleWebKit/537.36 (KHTML, like Gecko) Chrome/124.0.0.0 Mobile Safari/537.36"
120.204.194.248 - - [10/Jun/2026:16:02:10 +0000] "GET /static/img/logo.png HTTP/1.1" 404 8861 "https://shop.example.com/products" "Mozilla/5.0 (Linux; Android 14; Pixel 8) AppleWebKit/537.36 (KHTML, like Gecko) Chrome/124.0.0.0 Mobile Safari/537.36"
106.24.19.210 - adrianzimmerman [10/Jun/2026:16:02:10 +0000] "POST /login HTTP/1.1" 200 1632 "https://shop.example.com/" "curl/8.6.0"
201.158.5.48 - - [10/Jun/2026:16:02:10 +0000] "GET /products HTTP/1.1" 200 5038 "-" "Mozilla/5.0 (compatible; Googlebot/2.1; +http://www.google.com/bot.html)"
197.60.181.30 - barnesbrandy [10/Jun/2026:16:02:10 +0000] "POST /login HTTP/1.1" 200 2311 "-" "Mozilla/5.0 (compatible; Googlebot/2.1; +http://www.google.com/bot.html)"
201.212.50.173 - adkinsbrian [10/Jun/2026:16:02:11 +0000] "POST /login HTTP/1.1" 200 1070 "https://www.google.com/" "Mozilla/5.0 (X11; Linux x86_64) AppleWebKit/537.36 (KHTML, like Gecko) Chrome/123.0.0.0 Safari/537.36"
155.232.93.205 - glee [10/Jun/2026:16:02:11 +0000] "GET /api/v1/products HTTP/1.1" 200 4085 "https://shop.example.com/api/v1/checkout" "Mozilla/5.0 (Windows NT 10.0; Win64; x64; rv:126.0) Gecko/20100101 Firefox/126.0"
201.212.50.173 - - [10/Jun/2026:16:02:11 +0000] "GET /products HTTP/1.1" 200 402 "https://shop.example.com/" "Mozilla/5.0 (Macintosh; Intel Mac OS X 10_15_7) AppleWebKit/605.1.15 (KHTML, like Gecko) Version/17.4 Safari/605.1.15"
79.171.128.12 - amandasanchez [10/Jun/2026:16:02:11 +0000] "POST /login HTTP/1.1" 200 1086 "https://shop.example.com/" "Mozilla/5.0 (Windows NT 10.0; Win64; x64) AppleWebKit/537.36 (KHTML, like Gecko) Chrome/125.0.0.0 Safari/537.36"
213.162.233.249 - adrianzimmerman [10/Jun/2026:16:02:11 +0000] "GET /api/v1/products HTTP/1.1" 200 1137 "https://shop.example.com/api/v1/products" "Mozilla/5.0 (compatible; bingbot/2.0; +http://www.bing.com/bingbot.htm)"
169.18.146.47 - agomez [10/Jun/2026:16:02:11 +0000] "GET /static/js/app.js HTTP/1.1" 200 8405 "https://shop.example.com/" "Mozilla/5.0 (iPad; CPU OS 17_4 like Mac OS X) AppleWebKit/605.1.15 (KHTML, like Gecko) Version/17.4 Mobile/15E148 Safari/604.1"
120.204.194.248 - - [10/Jun/2026:16:02:11 +0000] "GET / HTTP/1.1" 200 33722 "https://shop.example.com/about" "Mozilla/5.0 (compatible; Googlebot/2.1; +http://www.google.com/bot.html)"
23.132.11.37 - - [10/Jun/2026:16:02:11 +0000] "GET /api/v1/products HTTP/1.1" 200 14160 "-" "Mozilla/5.0 (compatible; Googlebot/2.1; +http://www.google.com/bot.html)"
76.92.61.13 - julieryan [10/Jun/2026:16:02:11 +0000] "POST /login HTTP/1.1" 200 6716 "https://www.bing.com/" "Mozilla/5.0 (Windows NT 10.0; Win64; x64) AppleWebKit/537.36 (KHTML, like Gecko) Chrome/125.0.0.0 Safari/537.36"
118.16.250.163 - - [10/Jun/2026:16:02:11 +0000] "GET /cart HTTP/1.1" 200 3571 "https://shop.example.com/products" "Mozilla/5.0 (iPad; CPU OS 17_4 like Mac OS X) AppleWebKit/605.1.15 (KHTML, like Gecko) Version/17.4 Mobile/15E148 Safari/604.1"
161.98.248.162 - adrianzimmerman [10/Jun/2026:16:02:12 +0000] "POST /login HTTP/1.1" 200 4768 "https://shop.example.com/" "Mozilla/5.0 (Macintosh; Intel Mac OS X 10_15_7) AppleWebKit/537.36 (KHTML, like Gecko) Chrome/124.0.0.0 Safari/537.36"
79.171.128.12 - amandasanchez [10/Jun/2026:16:02:12 +0000] "GET /static/css/main.css HTTP/1.1" 200 1188 "https://shop.example.com/login" "Mozilla/5.0 (Windows NT 10.0; Win64; x64) AppleWebKit/537.36 (KHTML, like Gecko) Chrome/125.0.0.0 Safari/537.36"
164.215.28.54 - - [10/Jun/2026:16:02:12 +0000] "GET /products/12 HTTP/1.1" 200 8537 "-" "Mozilla/5.0 (compatible; bingbot/2.0; +http://www.bing.com/bingbot.htm)"
35.85.94.216 - adkinsbrian [10/Jun/2026:16:02:12 +0000] "POST /login HTTP/1.1" 200 2633 "https://duckduckgo.com/" "Mozilla/5.0 (Windows NT 10.0; Win64; x64) AppleWebKit/537.36 (KHTML, like Gecko) Chrome/125.0.0.0 Safari/537.36 Edg/125.0.0.0"
169.18.146.47 - - [10/Jun/2026:16:02:12 +0000] "GET /products/315 HTTP/1.1" 200 1565 "https://shop.example.com/products/433" "Mozilla/5.0 (compatible; Googlebot/2.1; +http://www.google.com/bot.html)"
212.10.0.146 - - [10/Jun/2026:16:02:12 +0000] "GET / HTTP/1.1" 200 553 "-" "Mozilla/5.0 (Windows NT 10.0; Win64; x64) AppleWebKit/537.36 (KHTML, like Gecko) Chrome/125.0.0.0 Safari/537.36"
161.98.248.162 - adrianzimmerman [10/Jun/2026:16:02:12 +0000] "GET /profile HTTP/1.1" 200 1146 "https://shop.example.com/login" "Mozilla/5.0 (Macintosh; Intel Mac OS X 10_15_7) AppleWebKit/537.36 (KHTML, like Gecko) Chrome/124.0.0.0 Safari/537.36"
106.24.19.210 - - [10/Jun/2026:16:02:12 +0000] "GET /static/js/app.js HTTP/1.1" 200 750 "https://shop.example.com/search?q=router&page=5" "Mozilla/5.0 (compatible; bingbot/2.0; +http://www.bing.com/bingbot.htm)"
106.24.19.210 - ibrandt [10/Jun/2026:16:02:12 +0000] "GET /static/img/logo.png HTTP/1.1" 404 2375 "https://shop.example.com/profile" "Mozilla/5.0 (Windows NT 10.0; Win64; x64) AppleWebKit/537.36 (KHTML, like Gecko) Chrome/125.0.0.0 Safari/537.36"
120.204.194.248 - - [10/Jun/2026:16:02:13 +0000] "GET /products/385 HTTP/1.1" 304 - "https://shop.example.com/products" "Mozilla/5.0 (X11; Linux x86_64) AppleWebKit/537.36 (KHTML, like Gecko) Chrome/123.0.0.0 Safari/537.36"
128.90.216.161 - - [10/Jun/2026:16:02:13 +0000] "GET /api/v1/products HTTP/1.1" 200 1950 "https://shop.example.com/api/v1/products" "Mozilla/5.0 (Macintosh; Intel Mac OS X 10_15_7) AppleWebKit/605.1.15 (KHTML, like Gecko) Version/17.4 Safari/605.1.15"
101.80.196.49 - - [10/Jun/2026:16:02:13 +0000] "GET / HTTP/1.1" 200 3058 "https://www.bing.com/" "Mozilla/5.0 (compatible; Googlebot/2.1; +http://www.google.com/bot.html)"
201.212.50.173 - adrianzimmerman [10/Jun/2026:16:02:13 +0000] "GET /api/v1/products HTTP/1.1" 404 4701 "https://shop.example.com/api/v1/products" "python-requests/2.32.0"
193.153.72.43 - gabriellecameron [10/Jun/2026:16:02:13 +0000] "GET /products/225 HTTP/1.1" 404 5032 "https://shop.example.com/search?q=laptop&page=1" "curl/8.6.0"
201.212.50.173 - adkinsbrian [10/Jun/2026:16:02:13 +0000] "GET /favicon.ico HTTP/1.1" 200 1563 "https://shop.example.com/login" "Mozilla/5.0 (X11; Linux x86_64) AppleWebKit/537.36 (KHTML, like Gecko) Chrome/123.0.0.0 Safari/537.36"
120.204.194.248 - - [10/Jun/2026:16:02:13 +0000] "GET /static/img/logo.png HTTP/1.1" 200 4180 "https://shop.example.com/products/374" "Mozilla/5.0 (X11; Linux x86_64) AppleWebKit/537.36 (KHTML, like Gecko) Chrome/123.0.0.0 Safari/537.36"
80.183.191.243 - barnesbrandy [10/Jun/2026:16:02:13 +0000] "GET / HTTP/1.1" 200 4262 "https://shop.example.com/products/211" "Mozilla/5.0 (compatible; Googlebot/2.1; +http://www.google.com/bot.html)"
197.60.181.30 - barnesbrandy [10/Jun/2026:16:02:14 +0000] "GET /favicon.ico HTTP/1.1" 200 5505 "https://shop.example.com/login" "Mozilla/5.0 (compatible; Googlebot/2.1; +http://www.google.com/bot.html)"
215.167.230.243 - agomez [10/Jun/2026:16:02:14 +0000] "GET / HTTP/1.1" 200 1355 "https://shop.example.com/products" "Mozilla/5.0 (iPhone; CPU iPhone OS 17_4 like Mac OS X) AppleWebKit/605.1.15 (KHTML, like Gecko) Version/17.4 Mobile/15E148 Safari/604.1"
193.153.72.43 - gabriellecameron [10/Jun/2026:16:02:14 +0000] "GET /static/img/logo.png HTTP/1.1" 200 12648 "https://shop.example.com/products/168" "curl/8.6.0"
161.98.248.162 - adrianzimmerman [10/Jun/2026:16:02:14 +0000] "GET /products HTTP/1.1" 200 8139 "https://shop.example.com/profile" "Mozilla/5.0 (Macintosh; Intel Mac OS X 10_15_7) AppleWebKit/537.36 (KHTML, like Gecko) Chrome/124.0.0.0 Safari/537.36"
187.207.3.250 - adkinsbrian [10/Jun/2026:16:02:14 +0000] "GET /static/img/logo.png HTTP/1.1" 200 2413 "https://shop.example.com/about" "Mozilla/5.0 (Macintosh; Intel Mac OS X 10_15_7) AppleWebKit/605.1.15 (KHTML, like Gecko) Version/17.4 Safari/605.1.15"
147.186.129.57 - - [10/Jun/2026:16:02:14 +0000] "GET /static/img/logo.png HTTP/1.1" 200 1130 "https://shop.example.com/products" "Mozilla/5.0 (iPhone; CPU iPhone OS 17_4 like Mac OS X) AppleWebKit/605.1.15 (KHTML, like Gecko) Version/17.4 Mobile/15E148 Safari/604.1"
147.186.129.57 - - [10/Jun/2026:16:02:15 +0000] "GET /cart HTTP/1.1" 200 2524 "https://shop.example.com/products" "Mozilla/5.0 (iPhone; CPU iPhone OS 17_4 like Mac OS X) AppleWebKit/605.1.15 (KHTML, like Gecko) Version/17.4 Mobile/15E148 Safari/604.1"
213.162.233.249 - adrianzimmerman [10/Jun/2026:16:02:15 +0000] "GET /api/v1/products HTTP/1.1" 200 21369 "https://shop.example.com/api/v1/products" "Mozilla/5.0 (compatible; bingbot/2.0; +http://www.bing.com/bingbot.htm)"
47.138.216.36 - chapmanjerry [10/Jun/2026:16:02:15 +0000] "GET /contact HTTP/1.1" 304 - "https://shop.example.com/about" "Mozilla/5.0 (Linux; Android 14; Pixel 8) AppleWebKit/537.36 (KHTML, like Gecko) Chrome/124.0.0.0 Mobile Safari/537.36"
2.70.113.58 - - [10/Jun/2026:16:02:15 +0000] "GET / HTTP/1.1" 200 5118 "https://www.google.com/" "Mozilla/5.0 (Windows NT 10.0; Win64; x64) AppleWebKit/537.36 (KHTML, like Gecko) Chrome/125.0.0.0 Safari/537.36"
169.18.146.47 - - [10/Jun/2026:16:02:15 +0000] "GET /products HTTP/1.1" 200 2325 "https://duckduckgo.com/" "curl/8.6.0"
196.36.228.143 - - [10/Jun/2026:16:02:15 +0000] "GET /static/css/main.css HTTP/1.1" 304 - "https://shop.example.com/search?q=router&page=1" "curl/8.6.0"
120.204.194.248 - - [10/Jun/2026:16:02:16 +0000] "GET /favicon.ico HTTP/1.1" 200 1755 "https://shop.example.com/products/13" "Mozilla/5.0 (X11; Linux x86_64) AppleWebKit/537.36 (KHTML, like Gecko) Chrome/123.0.0.0 Safari/537.36"
187.207.3.250 - adkinsbrian [10/Jun/2026:16:02:16 +0000] "GET /favicon.ico HTTP/1.1" 200 5247 "https://shop.example.com/about" "Mozilla/5.0 (Macintosh; Intel Mac OS X 10_15_7) AppleWebKit/605.1.15 (KHTML, like Gecko) Version/17.4 Safari/605.1.15"
106.24.19.210 - ibrandt [10/Jun/2026:16:02:16 +0000] "GET /favicon.ico HTTP/1.1" 200 477 "https://shop.example.com/profile" "Mozilla/5.0 (Windows NT 10.0; Win64; x64) AppleWebKit/537.36 (KHTML, like Gecko) Chrome/125.0.0.0 Safari/537.36"
106.24.19.210 - - [10/Jun/2026:16:02:16 +0000] "GET /products/275 HTTP/1.1" 200 5133 "https://shop.example.com/search?q=camera&page=4" "Mozilla/5.0 (compatible; bingbot/2.0; +http://www.bing.com/bingbot.htm)"
213.23.210.81 - - [10/Jun/2026:16:02:16 +0000] "GET /products/337 HTTP/1.1" 200 1860 "-" "Mozilla/5.0 (Windows NT 10.0; Win64; x64) AppleWebKit/537.36 (KHTML, like Gecko) Chrome/125.0.0.0 Safari/537.36 Edg/125.0.0.0"
146.73.94.188 - - [10/Jun/2026:16:02:16 +0000] "GET /api/v1/products HTTP/1.1" 200 2235 "https://shop.example.com/api/v1/checkout" "Mozilla/5.0 (Windows NT 10.0; Win64; x64) AppleWebKit/537.36 (KHTML, like Gecko) Chrome/125.0.0.0 Safari/537.36"
169.18.146.47 - - [10/Jun/2026:16:02:16 +0000] "GET /products/357 HTTP/1.1" 200 2122 "https://shop.example.com/products" "curl/8.6.0"
155.232.93.205 - glee [10/Jun/2026:16:02:16 +0000] "GET /api/v1/products HTTP/1.1" 200 13826 "https://shop.example.com/api/v1/products" "Mozilla/5.0 (Windows NT 10.0; Win64; x64; rv:126.0) Gecko/20100101 Firefox/126.0"
147.186.129.57 - adkinsbrian [10/Jun/2026:16:02:16 +0000] "GET /products HTTP/1.1" 404 1707 "-" "Mozilla/5.0 (compatible; Googlebot/2.1; +http://www.google.com/bot.html)"
118.16.250.163 - - [10/Jun/2026:16:02:16 +0000] "GET / HTTP/1.1" 200 1891 "https://shop.example.com/cart" "Mozilla/5.0 (iPad; CPU OS 17_4 like Mac OS X) AppleWebKit/605.1.15 (KHTML, like Gecko) Version/17.4 Mobile/15E148 Safari/604.1"
169.18.146.47 - chapmanjerry [10/Jun/2026:16:02:16 +0000] "GET / HTTP/1.1" 200 1635 "https://shop.example.com/about" "Mozilla/5.0 (iPhone; CPU iPhone OS 17_4 like Mac OS X) AppleWebKit/605.1.15 (KHTML, like Gecko) Version/17.4 Mobile/15E148 Safari/604.1"
47.138.216.36 - chapmanjerry [10/Jun/2026:16:02:16 +0000] "GET / HTTP/1.1" 200 2022 "https://shop.example.com/contact" "Mozilla/5.0 (Linux; Android 14; Pixel 8) AppleWebKit/537.36 (KHTML, like Gecko) Chrome/124.0.0.0 Mobile Safari/537.36"
164.215.28.54 - - [10/Jun/2026:16:02:16 +0000] "GET /products HTTP/1.1" 200 6043 "https://shop.example.com/products/128" "Mozilla/5.0 (compatible; bingbot/2.0; +http://www.bing.com/bingbot.htm)"
169.18.146.47 - - [10/Jun/2026:16:02:16 +0000] "GET /api/v1/products HTTP/1.1" 200 7142 "https://duckduckgo.com/" "python-requests/2.32.0"
106.24.19.210 - - [10/Jun/2026:16:02:17 +0000] "GET /blog HTTP/1.1" 200 2902 "https://shop.example.com/" "curl/8.6.0"
208.254.50.159 - jeffrey28 [10/Jun/2026:16:02:17 +0000] "GET /favicon.ico HTTP/1.1" 200 1062 "https://shop.example.com/search?q=laptop&page=4" "Mozilla/5.0 (Windows NT 10.0; Win64; x64; rv:126.0) Gecko/20100101 Firefox/126.0"
134.235.9.233 - adkinsbrian [10/Jun/2026:16:02:17 +0000] "GET / HTTP/1.1" 200 1324 "https://shop.example.com/blog" "Mozilla/5.0 (iPad; CPU OS 17_4 like Mac OS X) AppleWebKit/605.1.15 (KHTML, like Gecko) Version/17.4 Mobile/15E148 Safari/604.1"
8.181.77.55 - maria95 [10/Jun/2026:16:02:17 +0000] "GET /favicon.ico HTTP/1.1" 200 1694 "https://shop.example.com/" "curl/8.6.0"
155.232.93.205 - glee [10/Jun/2026:16:02:17 +0000] "POST /api/v1/cart HTTP/1.1" 200 805 "https://shop.example.com/api/v1/products" "Mozilla/5.0 (Windows NT 10.0; Win64; x64; rv:126.0) Gecko/20100101 Firefox/126.0"
169.18.146.47 - - [10/Jun/2026:16:02:17 +0000] "GET /products/346 HTTP/1.1" 200 1352 "-" "Mozilla/5.0 (Windows NT 10.0; Win64; x64) AppleWebKit/537.36 (KHTML, like Gecko) Chrome/125.0.0.0 Safari/537.36 Edg/125.0.0.0"
120.204.194.248 - - [10/Jun/2026:16:02:17 +0000] "GET /static/css/main.css HTTP/1.1" 404 2033 "https://shop.example.com/products" "Mozilla/5.0 (Linux; Android 14; Pixel 8) AppleWebKit/537.36 (KHTML, like Gecko) Chrome/124.0.0.0 Mobile Safari/537.36"
120.204.194.248 - - [10/Jun/2026:16:02:17 +0000] "GET /static/css/main.css HTTP/1.1" 200 9368 "https://shop.example.com/" "Mozilla/5.0 (compatible; Googlebot/2.1; +http://www.google.com/bot.html)"
106.24.19.210 - - [10/Jun/2026:16:02:17 +0000] "GET / HTTP/1.1" 200 4487 "https://news.ycombinator.com/" "Mozilla/5.0 (X11; Linux x86_64) AppleWebKit/537.36 (KHTML, like Gecko) Chrome/123.0.0.0 Safari/537.36"
120.204.194.248 - - [10/Jun/2026:16:02:17 +0000] "GET /static/img/logo.png HTTP/1.1" 200 8734 "https://shop.example.com/" "Mozilla/5.0 (compatible; Googlebot/2.1; +http://www.google.com/bot.html)"
197.60.181.30 - barnesbrandy [10/Jun/2026:16:02:17 +0000] "GET / HTTP/1.1" 200 3040 "https://shop.example.com/login" "Mozilla/5.0 (compatible; Googlebot/2.1; +http://www.google.com/bot.html)"
101.80.196.49 - adkinsbrian [10/Jun/2026:16:02:18 +0000] "POST /login HTTP/1.1" 200 984 "https://shop.example.com/" "Mozilla/5.0 (compatible; Googlebot/2.1; +http://www.google.com/bot.html)"
193.153.72.43 - gabriellecameron [10/Jun/2026:16:02:18 +0000] "POST /cart/add HTTP/1.1" 200 1996 "https://shop.example.com/products/246" "curl/8.6.0"
198.130.0.177 - agomez [10/Jun/2026:16:02:18 +0000] "GET /static/js/app.js HTTP/1.1" 200 3618 "https://shop.example.com/products" "Mozilla/5.0 (X11; Linux x86_64) AppleWebKit/537.36 (KHTML, like Gecko) Chrome/123.0.0.0 Safari/537.36"
164.215.28.54 - agomez [10/Jun/2026:16:02:18 +0000] "POST /cart/add HTTP/1.1" 200 1137 "https://shop.example.com/products/302" "Mozilla/5.0 (Windows NT 10.0; Win64; x64; rv:126.0) Gecko/20100101 Firefox/126.0"
187.205.253.64 - adrianzimmerman [10/Jun/2026:16:02:18 +0000] "GET /static/img/logo.png HTTP/1.1" 304 - "https://shop.example.com/products" "Mozilla/5.0 (compatible; bingbot/2.0; +http://www.bing.com/bingbot.htm)"
169.18.146.47 - adkinsbrian [10/Jun/2026:16:02:18 +0000] "GET /search?q=sensor&page=2 HTTP/1.1" 200 1876 "https://news.ycombinator.com/" "Mozilla/5.0 (X11; Linux x86_64) AppleWebKit/537.36 (KHTML, like Gecko) Chrome/123.0.0.0 Safari/537.36"
106.24.19.210 - - [10/Jun/2026:16:02:18 +0000] "GET /blog HTTP/1.1" 200 2200 "https://shop.example.com/" "Mozilla/5.0 (X11; Linux x86_64) AppleWebKit/537.36 (KHTML, like Gecko) Chrome/123.0.0.0 Safari/537.36"
188.32.174.45 - - [10/Jun/2026:16:02:18 +0000] "GET /products/98 HTTP/1.1" 404 3004 "https://shop.example.com/cart/add" "Mozilla/5.0 (Macintosh; Intel Mac OS X 10_15_7) AppleWebKit/605.1.15 (KHTML, like Gecko) Version/17.4 Safari/605.1.15"
106.24.19.210 - - [10/Jun/2026:16:02:18 +0000] "GET /products HTTP/1.1" 200 6671 "https://shop.example.com/products/291" "Mozilla/5.0 (compatible; bingbot/2.0; +http://www.bing.com/bingbot.htm)"
197.214.197.233 - - [10/Jun/2026:16:02:18 +0000] "GET /search?q=gateway&page=4 HTTP/1.1" 200 826 "https://shop.example.com/products" "Mozilla/5.0 (Macintosh; Intel Mac OS X 10_15_7) AppleWebKit/537.36 (KHTML, like Gecko) Chrome/124.0.0.0 Safari/537.36"
201.212.50.173 - - [10/Jun/2026:16:02:18 +0000] "GET /about HTTP/1.1" 200 221 "https://shop.example.com/" "Mozilla/5.0 (Linux; Android 14; Pixel 8) AppleWebKit/537.36 (KHTML, like Gecko) Chrome/124.0.0.0 Mobile Safari/537.36"
120.204.194.248 - - [10/Jun/2026:16:02:18 +0000] "GET /products HTTP/1.1" 200 1522 "https://news.ycombinator.com/" "Mozilla/5.0 (compatible; bingbot/2.0; +http://www.bing.com/bingbot.htm)"
164.215.28.54 - - [10/Jun/2026:16:02:18 +0000] "GET /static/js/app.js HTTP/1.1" 200 1854 "https://shop.example.com/products/466" "Mozilla/5.0 (compatible; bingbot/2.0; +http://www.bing.com/bingbot.htm)"
215.167.230.243 - agomez [10/Jun/2026:16:02:18 +0000] "POST /login HTTP/1.1" 200 2549 "https://shop.example.com/" "Mozilla/5.0 (iPhone; CPU iPhone OS 17_4 like Mac OS X) AppleWebKit/605.1.15 (KHTML, like Gecko) Version/17.4 Mobile/15E148 Safari/604.1"
186.248.224.21 - adkinsbrian [10/Jun/2026:16:02:18 +0000] "GET /products HTTP/1.1" 200 518 "-" "Mozilla/5.0 (Macintosh; Intel Mac OS X 10_15_7) AppleWebKit/537.36 (KHTML, like Gecko) Chrome/124.0.0.0 Safari/537.36"
170.40.218.51 - adkinsbrian [10/Jun/2026:16:02:19 +0000] "GET /static/js/app.js HTTP/1.1" 200 1342 "https://shop.example.com/search?q=sensor&page=3" "Mozilla/5.0 (Linux; Android 14; Pixel 8) AppleWebKit/537.36 (KHTML, like Gecko) Chrome/124.0.0.0 Mobile Safari/537.36"
120.204.194.248 - - [10/Jun/2026:16:02:19 +0000] "GET /static/js/app.js HTTP/1.1" 200 508 "https://shop.example.com/products" "Mozilla/5.0 (compatible; bingbot/2.0; +http://www.bing.com/bingbot.htm)"
106.24.19.210 - adrianzimmerman [10/Jun/2026:16:02:19 +0000] "GET /products/499 HTTP/1.1" 200 3116 "https://www.bing.com/" "Mozilla/5.0 (compatible; Googlebot/2.1; +http://www.google.com/bot.html)"
76.92.61.13 - julieryan [10/Jun/2026:16:02:19 +0000] "GET /profile HTTP/1.1" 200 3194 "https://shop.example.com/login" "Mozilla/5.0 (Windows NT 10.0; Win64; x64) AppleWebKit/537.36 (KHTML, like Gecko) Chrome/125.0.0.0 Safari/537.36"
25.122.217.220 - adkinsbrian [10/Jun/2026:16:02:19 +0000] "GET /blog/launch HTTP/1.1" 200 1225 "https://news.ycombinator.com/" "Mozilla/5.0 (Windows NT 10.0; Win64; x64) AppleWebKit/537.36 (KHTML, like Gecko) Chrome/125.0.0.0 Safari/537.36"
25.122.217.220 - adkinsbrian [10/Jun/2026:16:02:20 +0000] "GET /blog HTTP/1.1" 200 2410 "https://shop.example.com/blog/edge-pipelines" "Mozilla/5.0 (Windows NT 10.0; Win64; x64) AppleWebKit/537.36 (KHTML, like Gecko) Chrome/125.0.0.0 Safari/537.36"
212.211.154.210 - - [10/Jun/2026:16:02:20 +0000] "GET /static/img/logo.png HTTP/1.1" 200 3042 "https://shop.example.com/products" "Mozilla/5.0 (compatible; Googlebot/2.1; +http://www.google.com/bot.html)"
201.212.50.173 - - [10/Jun/2026:16:02:20 +0000] "GET /products/387 HTTP/1.1" 200 5370 "-" "Mozilla/5.0 (Linux; Android 14; Pixel 8) AppleWebKit/537.36 (KHTML, like Gecko) Chrome/124.0.0.0 Mobile Safari/537.36"
141.173.72.166 - adkinsbrian [10/Jun/2026:16:02:20 +0000] "GET /favicon.ico HTTP/1.1" 200 776 "https://shop.example.com/" "Mozilla/5.0 (compatible; Googlebot/2.1; +http://www.google.com/bot.html)"
164.215.28.54 - - [10/Jun/2026:16:02:20 +0000] "GET /products/174 HTTP/1.1" 200 4424 "https://news.ycombinator.com/" "Mozilla/5.0 (compatible; Googlebot/2.1; +http://www.google.com/bot.html)"
201.158.5.48 - - [10/Jun/2026:16:02:20 +0000] "GET /search?q=camera&page=1 HTTP/1.1" 200 1734 "https://shop.example.com/products" "Mozilla/5.0 (compatible; Googlebot/2.1; +http://www.google.com/bot.html)"
198.130.0.177 - - [10/Jun/2026:16:02:20 +0000] "GET /api/v1/products HTTP/1.1" 200 1150 "-" "Mozilla/5.0 (Windows NT 10.0; Win64; x64; rv:126.0) Gecko/20100101 Firefox/126.0"
186.248.224.21 - - [10/Jun/2026:16:02:20 +0000] "GET / HTTP/1.1" 200 3681 "https://shop.example.com/contact" "python-requests/2.32.0"
187.207.3.250 - adkinsbrian [10/Jun/2026:16:02:20 +0000] "GET /contact HTTP/1.1" 200 1536 "https://shop.example.com/about" "Mozilla/5.0 (Macintosh; Intel Mac OS X 10_15_7) AppleWebKit/605.1.15 (KHTML, like Gecko) Version/17.4 Safari/605.1.15"
2.70.113.58 - amandasanchez [10/Jun/2026:16:02:20 +0000] "GET / HTTP/1.1" 200 3006 "https://www.bing.com/" "Mozilla/5.0 (Windows NT 10.0; Win64; x64) AppleWebKit/537.36 (KHTML, like Gecko) Chrome/125.0.0.0 Safari/537.36 Edg/125.0.0.0"
208.254.50.159 - dcarlson [10/Jun/2026:16:02:20 +0000] "GET /about HTTP/1.1" 200 4672 "https://shop.example.com/" "Mozilla/5.0 (iPad; CPU OS 17_4 like Mac OS X) AppleWebKit/605.1.15 (KHTML, like Gecko) Version/17.4 Mobile/15E148 Safari/604.1"
201.212.50.173 - - [10/Jun/2026:16:02:20 +0000] "GET / HTTP/1.1" 200 271 "https://shop.example.com/about" "Mozilla/5.0 (Linux; Android 14; Pixel 8) AppleWebKit/537.36 (KHTML, like Gecko) Chrome/124.0.0.0 Mobile Safari/537.36"
134.235.9.233 - adkinsbrian [10/Jun/2026:16:02:20 +0000] "GET /static/css/main.css HTTP/1.1" 200 8929 "https://shop.example.com/" "Mozilla/5.0 (iPad; CPU OS 17_4 like Mac OS X) AppleWebKit/605.1.15 (KHTML, like Gecko) Version/17.4 Mobile/15E148 Safari/604.1"
196.36.228.143 - - [10/Jun/2026:16:02:21 +0000] "GET /search?q=router&page=2 HTTP/1.1" 304 - "https://shop.example.com/search?q=edge&page=2" "curl/8.6.0"
213.162.233.249 - adrianzimmerman [10/Jun/2026:16:02:21 +0000] "POST /api/v1/cart HTTP/1.1" 200 3551 "https://shop.example.com/api/v1/products" "Mozilla/5.0 (compatible; bingbot/2.0; +http://www.bing.com/bingbot.htm)"
187.0.15.128 - caseyjones [10/Jun/2026:16:02:21 +0000] "GET /products HTTP/1.1" 200 7008 "-" "Mozilla/5.0 (Windows NT 10.0; Win64; x64) AppleWebKit/537.36 (KHTML, like Gecko) Chrome/125.0.0.0 Safari/537.36"
201.212.50.173 - - [10/Jun/2026:16:02:21 +0000] "GET /static/css/main.css HTTP/1.1" 200 2602 "https://shop.example.com/" "Mozilla/5.0 (Linux; Android 14; Pixel 8) AppleWebKit/537.36 (KHTML, like Gecko) Chrome/124.0.0.0 Mobile Safari/537.36"
208.254.50.159 - jeffrey28 [10/Jun/2026:16:02:21 +0000] "GET /products/333 HTTP/1.1" 200 2358 "https://shop.example.com/search?q=gateway&page=2" "Mozilla/5.0 (Windows NT 10.0; Win64; x64; rv:126.0) Gecko/20100101 Firefox/126.0"
201.212.50.173 - - [10/Jun/2026:16:02:21 +0000] "GET /static/js/app.js HTTP/1.1" 200 2401 "https://shop.example.com/products/386" "Mozilla/5.0 (Linux; Android 14; Pixel 8) AppleWebKit/537.36 (KHTML, like Gecko) Chrome/124.0.0.0 Mobile Safari/537.36"
208.254.50.159 - jeffrey28 [10/Jun/2026:16:02:21 +0000] "GET /static/img/logo.png HTTP/1.1" 200 1927 "https://shop.example.com/products/259" "Mozilla/5.0 (Windows NT 10.0; Win64; x64; rv:126.0) Gecko/20100101 Firefox/126.0"
101.80.196.49 - adkinsbrian [10/Jun/2026:16:02:21 +0000] "GET / HTTP/1.1" 200 7117 "https://shop.example.com/login" "Mozilla/5.0 (compatible; Googlebot/2.1; +http://www.google.com/bot.html)"
