72.95.89.104 - - [10/Jun/2026:16:02:45 +0000] "GET /products/310 HTTP/1.1" 200 1498 "-" "Mozilla/5.0 (iPad; CPU OS 17_4 like Mac OS X) AppleWebKit/605.1.15 (KHTML, like Gecko) Version/17.4 Mobile/15E148 Safari/604.1"
201.158.5.48 - - [10/Jun/2026:16:02:45 +0000] "GET /products/338 HTTP/1.1" 200 1112 "https://shop.example.com/products" "Mozilla/5.0 (compatible; Googlebot/2.1; +http://www.google.com/bot.html)"
198.169.93.111 - - [10/Jun/2026:16:02:46 +0000] "GET /search?q=camera&page=1 HTTP/1.1" 200 700 "https://shop.example.com/" "Mozilla/5.0 (Macintosh; Intel Mac OS X 10_15_7) AppleWebKit/537.36 (KHTML, like Gecko) Chrome/124.0.0.0 Safari/537.36"
147.186.129.57 - - [10/Jun/2026:16:02:46 +0000] "GET /products/43 HTTP/1.1" 200 7373 "https://shop.example.com/search?q=router&page=2" "Mozilla/5.0 (iPhone; CPU iPhone OS 17_4 like Mac OS X) AppleWebKit/605.1.15 (KHTML, like Gecko) Version/17.4 Mobile/15E148 Safari/604.1"
120.204.194.248 - hernandezernest [10/Jun/2026:16:02:46 +0000] "GET /static/js/app.js HTTP/1.1" 200 2525 "https://shop.example.com/login" "Mozilla/5.0 (Windows NT 10.0; Win64; x64) AppleWebKit/537.36 (KHTML, like Gecko) Chrome/125.0.0.0 Safari/537.36"
134.235.9.233 - - [10/Jun/2026:16:02:46 +0000] "POST /api/v1/cart HTTP/1.1" 200 3170 "https://shop.example.com/api/v1/products" "Mozilla/5.0 (iPad; CPU OS 17_4 like Mac OS X) AppleWebKit/605.1.15 (KHTML, like Gecko) Version/17.4 Mobile/15E148 Safari/604.1"
208.254.50.159 - dcarlson [10/Jun/2026:16:02:46 +0000] "GET /search?q=gateway&page=4 HTTP/1.1" 200 1255 "https://shop.example.com/" "Mozilla/5.0 (iPad; CPU OS 17_4 like Mac OS X) AppleWebKit/605.1.15 (KHTML, like Gecko) Version/17.4 Mobile/15E148 Safari/604.1"
106.24.19.210 - - [10/Jun/2026:16:02:47 +0000] "GET / HTTP/1.1" 200 721 "-" "Mozilla/5.0 (iPad; CPU OS 17_4 like Mac OS X) AppleWebKit/605.1.15 (KHTML, like Gecko) Version/17.4 Mobile/15E148 Safari/604.1"
72.95.89.104 - - [10/Jun/2026:16:02:47 +0000] "GET /products HTTP/1.1" 200 3127 "https://shop.example.com/products/29" "Mozilla/5.0 (iPad; CPU OS 17_4 like Mac OS X) AppleWebKit/605.1.15 (KHTML, like Gecko) Version/17.4 Mobile/15E148 Safari/604.1"
106.24.19.210 - ibrandt [10/Jun/2026:16:02:47 +0000] "GET /static/css/main.css HTTP/1.1" 200 3073 "https://shop.example.com/" "Mozilla/5.0 (Windows NT 10.0; Win64; x64) AppleWebKit/537.36 (KHTML, like Gecko) Chrome/125.0.0.0 Safari/537.36"
106.24.19.210 - - [10/Jun/2026:16:02:47 +0000] "GET /blog HTTP/1.1" 200 1247 "https://shop.example.com/" "Mozilla/5.0 (Windows NT 10.0; Win64; x64) AppleWebKit/537.36 (KHTML, like Gecko) Chrome/125.0.0.0 Safari/537.36"
120.204.194.248 - - [10/Jun/2026:16:02:47 +0000] "GET / HTTP/1.1" 200 3571 "https://shop.example.com/about" "Mozilla/5.0 (Linux; Android 14; Pixel 8) AppleWebKit/537.36 (KHTML, like Gecko) Chrome/124.0.0.0 Mobile Safari/537.36"
206.45.196.230 - - [10/Jun/2026:16:02:47 +0000] "GET / HTTP/1.1" 200 823 "-" "curl/8.6.0"
221.70.153.10 - - [10/Jun/2026:16:02:47 +0000] "GET /static/img/logo.png HTTP/1.1" 304 - "https://shop.example.com/" "Mozilla/5.0 (iPhone; CPU iPhone OS 17_4 like Mac OS X) AppleWebKit/605.1.15 (KHTML, like Gecko) Version/17.4 Mobile/15E148 Safari/604.1"
106.24.19.210 - - [10/Jun/2026:16:02:47 +0000] "GET /favicon.ico HTTP/1.1" 200 3038 "https://shop.example.com/blog" "Mozilla/5.0 (Windows NT 10.0; Win64; x64) AppleWebKit/537.36 (KHTML, like Gecko) Chrome/125.0.0.0 Safari/537.36"
120.204.194.248 - - [10/Jun/2026:16:02:47 +0000] "GET /search?q=gateway&page=3 HTTP/1.1" 200 6685 "https://shop.example.com/search?q=laptop&page=4" "Mozilla/5.0 (compatible; bingbot/2.0; +http://www.bing.com/bingbot.htm)"
206.45.196.230 - - [10/Jun/2026:16:02:47 +0000] "GET /about HTTP/1.1" 200 2063 "https://shop.example.com/" "curl/8.6.0"
106.24.19.210 - - [10/Jun/2026:16:02:47 +0000] "GET /favicon.ico HTTP/1.1" 200 1219 "https://shop.example.com/" "Mozilla/5.0 (iPhone; CPU iPhone OS 17_4 like Mac OS X) AppleWebKit/605.1.15 (KHTML, like Gecko) Version/17.4 Mobile/15E148 Safari/604.1"
208.254.50.159 - dcarlson [10/Jun/2026:16:02:47 +0000] "GET /products HTTP/1.1" 200 467 "https://shop.example.com/search?q=edge&page=2" "Mozilla/5.0 (iPad; CPU OS 17_4 like Mac OS X) AppleWebKit/605.1.15 (KHTML, like Gecko) Version/17.4 Mobile/15E148 Safari/604.1"
72.95.89.104 - - [10/Jun/2026:16:02:47 +0000] "GET /favicon.ico HTTP/1.1" 200 373 "https://shop.example.com/products" "Mozilla/5.0 (iPad; CPU OS 17_4 like Mac OS X) AppleWebKit/605.1.15 (KHTML, like Gecko) Version/17.4 Mobile/15E148 Safari/604.1"
120.204.194.248 - - [10/Jun/2026:16:02:48 +0000] "GET /search?q=laptop&page=4 HTTP/1.1" 200 4198 "https://shop.example.com/search?q=camera&page=4" "Mozilla/5.0 (compatible; bingbot/2.0; +http://www.bing.com/bingbot.htm)"
201.158.5.48 - - [10/Jun/2026:16:02:48 +0000] "GET /products/245 HTTP/1.1" 200 493 "https://shop.example.com/products/487" "Mozilla/5.0 (compatible; Googlebot/2.1; +http://www.google.com/bot.html)"
201.212.50.173 - - [10/Jun/2026:16:02:48 +0000] "GET /static/css/main.css HTTP/1.1" 404 1345 "https://shop.example.com/products" "Mozilla/5.0 (Linux; Android 14; Pixel 8) AppleWebKit/537.36 (KHTML, like Gecko) Chrome/124.0.0.0 Mobile Safari/537.36"
118.16.250.163 - bethwilliams [10/Jun/2026:16:02:48 +0000] "GET /blog HTTP/1.1" 404 896 "https://shop.example.com/" "Mozilla/5.0 (iPad; CPU OS 17_4 like Mac OS X) AppleWebKit/605.1.15 (KHTML, like Gecko) Version/17.4 Mobile/15E148 Safari/604.1"
149.131.37.123 - - [10/Jun/2026:16:02:48 +0000] "GET /products/176 HTTP/1.1" 304 - "https://www.bing.com/" "Mozilla/5.0 (iPad; CPU OS 17_4 like Mac OS X) AppleWebKit/605.1.15 (KHTML, like Gecko) Version/17.4 Mobile/15E148 Safari/604.1"
198.212.198.60 - - [10/Jun/2026:16:02:48 +0000] "GET /products/6 HTTP/1.1" 304 - "https://news.ycombinator.com/" "Mozilla/5.0 (Windows NT 10.0; Win64; x64) AppleWebKit/537.36 (KHTML, like Gecko) Chrome/125.0.0.0 Safari/537.36 Edg/125.0.0.0"
210.104.101.204 - - [10/Jun/2026:16:02:48 +0000] "GET /static/img/logo.png HTTP/1.1" 200 11771 "https://shop.example.com/search?q=gateway&page=3" "curl/8.6.0"
48.249.11.43 - - [10/Jun/2026:16:02:48 +0000] "GET /products/217 HTTP/1.1" 200 3017 "https://www.google.com/" "Mozilla/5.0 (Windows NT 10.0; Win64; x64) AppleWebKit/537.36 (KHTML, like Gecko) Chrome/125.0.0.0 Safari/537.36 Edg/125.0.0.0"
169.18.146.47 - - [10/Jun/2026:16:02:48 +0000] "GET /products HTTP/1.1" 200 5568 "https://shop.example.com/products/470" "Mozilla/5.0 (compatible; Googlebot/2.1; +http://www.google.com/bot.html)"
221.70.153.10 - - [10/Jun/2026:16:02:49 +0000] "GET /api/v1/products HTTP/1.1" 200 689 "https://shop.example.com/api/v1/products" "Mozilla/5.0 (compatible; Googlebot/2.1; +http://www.google.com/bot.html)"
106.24.19.210 - - [10/Jun/2026:16:02:49 +0000] "GET /static/js/app.js HTTP/1.1" 200 3235 "https://shop.example.com/" "Mozilla/5.0 (iPhone; CPU iPhone OS 17_4 like Mac OS X) AppleWebKit/605.1.15 (KHTML, like Gecko) Version/17.4 Mobile/15E148 Safari/604.1"
106.24.19.210 - - [10/Jun/2026:16:02:49 +0000] "GET /blog/roadmap HTTP/1.1" 200 4361 "https://shop.example.com/blog" "Mozilla/5.0 (Windows NT 10.0; Win64; x64) AppleWebKit/537.36 (KHTML, like Gecko) Chrome/125.0.0.0 Safari/537.36"
197.214.197.233 - - [10/Jun/2026:16:02:49 +0000] "GET /static/js/app.js HTTP/1.1" 200 2940 "https://shop.example.com/products" "Mozilla/5.0 (Macintosh; Intel Mac OS X 10_15_7) AppleWebKit/537.36 (KHTML, like Gecko) Chrome/124.0.0.0 Safari/537.36"
106.24.19.210 - uhorton [10/Jun/2026:16:02:49 +0000] "GET /about HTTP/1.1" 200 1014 "https://shop.example.com/" "Mozilla/5.0 (iPad; CPU OS 17_4 like Mac OS X) AppleWebKit/605.1.15 (KHTML, like Gecko) Version/17.4 Mobile/15E148 Safari/604.1"
195.239.25.248 - - [10/Jun/2026:16:02:49 +0000] "GET /search?q=sensor&page=5 HTTP/1.1" 200 2142 "-" "Mozilla/5.0 (Macintosh; Intel Mac OS X 10_15_7) AppleWebKit/605.1.15 (KHTML, like Gecko) Version/17.4 Safari/605.1.15"
201.212.50.173 - - [10/Jun/2026:16:02:49 +0000] "GET /products HTTP/1.1" 200 1386 "https://duckduckgo.com/" "Mozilla/5.0 (compatible; bingbot/2.0; +http://www.bing.com/bingbot.htm)"
197.214.197.233 - - [10/Jun/2026:16:02:49 +0000] "GET / HTTP/1.1" 200 2635 "https://shop.example.com/products" "Mozilla/5.0 (Macintosh; Intel Mac OS X 10_15_7) AppleWebKit/537.36 (KHTML, like Gecko) Chrome/124.0.0.0 Safari/537.36"
201.212.50.173 - - [10/Jun/2026:16:02:49 +0000] "GET /products/233 HTTP/1.1" 200 1141 "https://shop.example.com/products" "Mozilla/5.0 (Linux; Android 14; Pixel 8) AppleWebKit/537.36 (KHTML, like Gecko) Chrome/124.0.0.0 Mobile Safari/537.36"
79.171.128.12 - amandasanchez [10/Jun/2026:16:02:49 +0000] "GET /static/img/logo.png HTTP/1.1" 200 2515 "https://shop.example.com/products" "Mozilla/5.0 (Windows NT 10.0; Win64; x64) AppleWebKit/537.36 (KHTML, like Gecko) Chrome/125.0.0.0 Safari/537.36"
106.24.19.210 - cassandra07 [10/Jun/2026:16:02:49 +0000] "GET /products/27 HTTP/1.1" 200 2359 "https://www.google.com/" "Mozilla/5.0 (Macintosh; Intel Mac OS X 10_15_7) AppleWebKit/537.36 (KHTML, like Gecko) Chrome/124.0.0.0 Safari/537.36"
134.235.9.233 - bethwilliams [10/Jun/2026:16:02:49 +0000] "GET /products HTTP/1.1" 200 5495 "https://www.bing.com/" "Mozilla/5.0 (X11; Linux x86_64) AppleWebKit/537.36 (KHTML, like Gecko) Chrome/123.0.0.0 Safari/537.36"
120.204.194.248 - - [10/Jun/2026:16:02:50 +0000] "GET / HTTP/1.1" 200 3606 "https://shop.example.com/products/328" "Mozilla/5.0 (compatible; Googlebot/2.1; +http://www.google.com/bot.html)"
106.24.19.210 - cassandra07 [10/Jun/2026:16:02:50 +0000] "GET /api/v1/products HTTP/1.1" 200 1014 "https://shop.example.com/api/v1/checkout" "Mozilla/5.0 (iPad; CPU OS 17_4 like Mac OS X) AppleWebKit/605.1.15 (KHTML, like Gecko) Version/17.4 Mobile/15E148 Safari/604.1"
209.160.37.1 - - [10/Jun/2026:16:02:50 +0000] "GET /search?q=sensor&page=1 HTTP/1.1" 200 10506 "https://duckduckgo.com/" "Mozilla/5.0 (Windows NT 10.0; Win64; x64) AppleWebKit/537.36 (KHTML, like Gecko) Chrome/125.0.0.0 Safari/537.36"
48.249.11.43 - - [10/Jun/2026:16:02:50 +0000] "POST /cart/add HTTP/1.1" 200 979 "https://shop.example.com/products/372" "Mozilla/5.0 (Windows NT 10.0; Win64; x64) AppleWebKit/537.36 (KHTML, like Gecko) Chrome/125.0.0.0 Safari/537.36 Edg/125.0.0.0"
120.204.194.248 - - [10/Jun/2026:16:02:50 +0000] "GET /blog HTTP/1.1" 200 3151 "https://shop.example.com/" "Mozilla/5.0 (Linux; Android 14; Pixel 8) AppleWebKit/537.36 (KHTML, like Gecko) Chrome/124.0.0.0 Mobile Safari/537.36"
221.70.153.10 - novaksara [10/Jun/2026:16:02:51 +0000] "POST /login HTTP/1.1" 200 12306 "https://shop.example.com/" "Mozilla/5.0 (iPhone; CPU iPhone OS 17_4 like Mac OS X) AppleWebKit/605.1.15 (KHTML, like Gecko) Version/17.4 Mobile/15E148 Safari/604.1"
215.167.230.243 - agomez [10/Jun/2026:16:02:51 +0000] "GET /search?q=laptop&page=5 HTTP/1.1" 200 1664 "https://shop.example.com/products" "Mozilla/5.0 (iPhone; CPU iPhone OS 17_4 like Mac OS X) AppleWebKit/605.1.15 (KHTML, like Gecko) Version/17.4 Mobile/15E148 Safari/604.1"
170.249.183.86 - - [10/Jun/2026:16:02:51 +0000] "GET /products HTTP/1.1" 200 2379 "-" "Mozilla/5.0 (iPad; CPU OS 17_4 like Mac OS X) AppleWebKit/605.1.15 (KHTML, like Gecko) Version/17.4 Mobile/15E148 Safari/604.1"
169.18.146.47 - - [10/Jun/2026:16:02:51 +0000] "GET /static/img/logo.png HTTP/1.1" 200 3006 "https://shop.example.com/checkout" "curl/8.6.0"
169.18.146.47 - - [10/Jun/2026:16:02:51 +0000] "GET /static/img/logo.png HTTP/1.1" 200 7880 "https://shop.example.com/search?q=sensor&page=2" "Mozilla/5.0 (Windows NT 10.0; Win64; x64; rv:126.0) Gecko/20100101 Firefox/126.0"
128.90.216.161 - - [10/Jun/2026:16:02:51 +0000] "POST /api/v1/checkout HTTP/1.1" 200 782 "https://shop.example.com/api/v1/cart" "Mozilla/5.0 (Macintosh; Intel Mac OS X 10_15_7) AppleWebKit/605.1.15 (KHTML, like Gecko) Version/17.4 Safari/605.1.15"
106.24.19.210 - - [10/Jun/2026:16:02:51 +0000] "GET /about HTTP/1.1" 200 2700 "https://shop.example.com/" "Mozilla/5.0 (iPad; CPU OS 17_4 like Mac OS X) AppleWebKit/605.1.15 (KHTML, like Gecko) Version/17.4 Mobile/15E148 Safari/604.1"
106.24.19.210 - - [10/Jun/2026:16:02:51 +0000] "GET /favicon.ico HTTP/1.1" 200 19560 "https://shop.example.com/products" "Mozilla/5.0 (X11; Linux x86_64) AppleWebKit/537.36 (KHTML, like Gecko) Chrome/123.0.0.0 Safari/537.36"
118.16.250.163 - bethwilliams [10/Jun/2026:16:02:52 +0000] "GET /blog/roadmap HTTP/1.1" 200 4888 "https://shop.example.com/blog" "Mozilla/5.0 (iPad; CPU OS 17_4 like Mac OS X) AppleWebKit/605.1.15 (KHTML, like Gecko) Version/17.4 Mobile/15E148 Safari/604.1"
106.24.19.210 - - [10/Jun/2026:16:02:52 +0000] "GET / HTTP/1.1" 200 16294 "https://shop.example.com/about" "Mozilla/5.0 (iPad; CPU OS 17_4 like Mac OS X) AppleWebKit/605.1.15 (KHTML, like Gecko) Version/17.4 Mobile/15E148 Safari/604.1"
215.167.230.243 - agomez [10/Jun/2026:16:02:52 +0000] "GET /products HTTP/1.1" 200 3301 "https://shop.example.com/search?q=camera&page=2" "Mozilla/5.0 (iPhone; CPU iPhone OS 17_4 like Mac OS X) AppleWebKit/605.1.15 (KHTML, like Gecko) Version/17.4 Mobile/15E148 Safari/604.1"
161.98.248.162 - adrianzimmerman [10/Jun/2026:16:02:52 +0000] "GET / HTTP/1.1" 200 752 "https://shop.example.com/products" "Mozilla/5.0 (Macintosh; Intel Mac OS X 10_15_7) AppleWebKit/537.36 (KHTML, like Gecko) Chrome/124.0.0.0 Safari/537.36"
215.167.230.243 - - [10/Jun/2026:16:02:52 +0000] "GET / HTTP/1.1" 200 2734 "https://duckduckgo.com/" "curl/8.6.0"
128.90.216.161 - - [10/Jun/2026:16:02:52 +0000] "GET /api/v1/products HTTP/1.1" 200 3420 "https://shop.example.com/api/v1/checkout" "Mozilla/5.0 (Macintosh; Intel Mac OS X 10_15_7) AppleWebKit/605.1.15 (KHTML, like Gecko) Version/17.4 Safari/605.1.15"
134.235.9.233 - bethwilliams [10/Jun/2026:16:02:53 +0000] "GET /search?q=gateway&page=4 HTTP/1.1" 200 1006 "https://shop.example.com/products" "Mozilla/5.0 (X11; Linux x86_64) AppleWebKit/537.36 (KHTML, like Gecko) Chrome/123.0.0.0 Safari/537.36"
120.204.194.248 - - [10/Jun/2026:16:02:53 +0000] "GET /products HTTP/1.1" 200 5385 "https://shop.example.com/" "Mozilla/5.0 (compatible; Googlebot/2.1; +http://www.google.com/bot.html)"
106.24.19.210 - cassandra07 [10/Jun/2026:16:02:53 +0000] "GET /static/css/main.css HTTP/1.1" 200 5927 "https://shop.example.com/products/346" "Mozilla/5.0 (Macintosh; Intel Mac OS X 10_15_7) AppleWebKit/537.36 (KHTML, like Gecko) Chrome/124.0.0.0 Safari/537.36"
197.214.197.233 - - [10/Jun/2026:16:02:53 +0000] "GET /blog HTTP/1.1" 200 5144 "https://shop.example.com/" "Mozilla/5.0 (Macintosh; Intel Mac OS X 10_15_7) AppleWebKit/537.36 (KHTML, like Gecko) Chrome/124.0.0.0 Safari/537.36"
169.18.146.47 - bethwilliams [10/Jun/2026:16:02:53 +0000] "GET /search?q=edge&page=3 HTTP/1.1" 200 7146 "https://shop.example.com/search?q=edge&page=4" "Mozilla/5.0 (Windows NT 10.0; Win64; x64) AppleWebKit/537.36 (KHTML, like Gecko) Chrome/125.0.0.0 Safari/537.36 Edg/125.0.0.0"
169.18.146.47 - - [10/Jun/2026:16:02:53 +0000] "GET /static/js/app.js HTTP/1.1" 404 1056 "https://shop.example.com/search?q=sensor&page=3" "Mozilla/5.0 (Windows NT 10.0; Win64; x64; rv:126.0) Gecko/20100101 Firefox/126.0"
210.104.101.204 - - [10/Jun/2026:16:02:53 +0000] "GET /static/css/main.css HTTP/1.1" 200 7131 "https://shop.example.com/search?q=edge&page=1" "curl/8.6.0"
170.249.183.86 - - [10/Jun/2026:16:02:53 +0000] "GET /products/328 HTTP/1.1" 200 1078 "https://shop.example.com/products" "Mozilla/5.0 (iPad; CPU OS 17_4 like Mac OS X) AppleWebKit/605.1.15 (KHTML, like Gecko) Version/17.4 Mobile/15E148 Safari/604.1"
197.214.197.233 - - [10/Jun/2026:16:02:54 +0000] "GET / HTTP/1.1" 200 19171 "https://shop.example.com/blog" "Mozilla/5.0 (Macintosh; Intel Mac OS X 10_15_7) AppleWebKit/537.36 (KHTML, like Gecko) Chrome/124.0.0.0 Safari/537.36"
201.212.50.173 - adkinsbrian [10/Jun/2026:16:02:54 +0000] "GET /api/v1/products HTTP/1.1" 200 1088 "https://news.ycombinator.com/" "Mozilla/5.0 (Linux; Android 14; Pixel 8) AppleWebKit/537.36 (KHTML, like Gecko) Chrome/124.0.0.0 Mobile Safari/537.36"
134.235.9.233 - bethwilliams [10/Jun/2026:16:02:54 +0000] "GET /search?q=gateway&page=3 HTTP/1.1" 404 1838 "https://shop.example.com/search?q=sensor&page=3" "Mozilla/5.0 (X11; Linux x86_64) AppleWebKit/537.36 (KHTML, like Gecko) Chrome/123.0.0.0 Safari/537.36"
221.70.153.10 - - [10/Jun/2026:16:02:54 +0000] "POST /api/v1/cart HTTP/1.1" 200 2448 "https://shop.example.com/api/v1/products" "Mozilla/5.0 (compatible; Googlebot/2.1; +http://www.google.com/bot.html)"
215.167.230.243 - agomez [10/Jun/2026:16:02:54 +0000] "GET /favicon.ico HTTP/1.1" 200 904 "https://shop.example.com/products" "Mozilla/5.0 (iPhone; CPU iPhone OS 17_4 like Mac OS X) AppleWebKit/605.1.15 (KHTML, like Gecko) Version/17.4 Mobile/15E148 Safari/604.1"
213.23.210.81 - - [10/Jun/2026:16:02:54 +0000] "POST /checkout HTTP/1.1" 200 757 "https://shop.example.com/cart" "Mozilla/5.0 (Windows NT 10.0; Win64; x64) AppleWebKit/537.36 (KHTML, like Gecko) Chrome/125.0.0.0 Safari/537.36 Edg/125.0.0.0"
79.171.128.12 - amandasanchez [10/Jun/2026:16:02:54 +0000] "GET / HTTP/1.1" 200 1798 "https://shop.example.com/products" "Mozilla/5.0 (Windows NT 10.0; Win64; x64) AppleWebKit/537.36 (KHTML, like Gecko) Chrome/125.0.0.0 Safari/537.36"
149.131.37.123 - - [10/Jun/2026:16:02:55 +0000] "GET / HTTP/1.1" 200 2328 "https://shop.example.com/products/474" "Mozilla/5.0 (iPad; CPU OS 17_4 like Mac OS X) AppleWebKit/605.1.15 (KHTML, like Gecko) Version/17.4 Mobile/15E148 Safari/604.1"
8.27.157.23 - gabrieltucker [10/Jun/2026:16:02:55 +0000] "GET / HTTP/1.1" 404 4189 "-" "Mozilla/5.0 (Macintosh; Intel Mac OS X 10_15_7) AppleWebKit/537.36 (KHTML, like Gecko) Chrome/124.0.0.0 Safari/537.36"
213.23.210.81 - - [10/Jun/2026:16:02:55 +0000] "GET /favicon.ico HTTP/1.1" 200 3942 "https://shop.example.com/checkout" "Mozilla/5.0 (Windows NT 10.0; Win64; x64) AppleWebKit/537.36 (KHTML, like Gecko) Chrome/125.0.0.0 Safari/537.36 Edg/125.0.0.0"
157.188.182.255 - hshaw [10/Jun/2026:16:02:55 +0000] "GET /products HTTP/1.1" 200 3663 "https://www.bing.com/" "curl/8.6.0"
201.212.50.173 - - [10/Jun/2026:16:02:55 +0000] "POST /cart/add HTTP/1.1" 200 3327 "https://shop.example.com/products/386" "Mozilla/5.0 (Linux; Android 14; Pixel 8) AppleWebKit/537.36 (KHTML, like Gecko) Chrome/124.0.0.0 Mobile Safari/537.36"
120.204.194.248 - - [10/Jun/2026:16:02:55 +0000] "GET /products/307 HTTP/1.1" 200 10614 "https://shop.example.com/products" "Mozilla/5.0 (compatible; Googlebot/2.1; +http://www.google.com/bot.html)"
198.212.198.60 - - [10/Jun/2026:16:02:55 +0000] "POST /cart/add HTTP/1.1" 200 2491 "https://shop.example.com/products/101" "Mozilla/5.0 (Windows NT 10.0; Win64; x64) AppleWebKit/537.36 (KHTML, like Gecko) Chrome/125.0.0.0 Safari/537.36 Edg/125.0.0.0"
215.167.230.243 - - [10/Jun/2026:16:02:55 +0000] "GET /search?q=laptop&page=1 HTTP/1.1" 200 1075 "https://shop.example.com/" "curl/8.6.0"
134.235.9.233 - - [10/Jun/2026:16:02:55 +0000] "GET / HTTP/1.1" 200 3835 "https://www.google.com/" "curl/8.6.0"
134.235.9.233 - bethwilliams [10/Jun/2026:16:02:55 +0000] "GET /static/js/app.js HTTP/1.1" 200 793 "https://shop.example.com/search?q=router&page=5" "Mozilla/5.0 (X11; Linux x86_64) AppleWebKit/537.36 (KHTML, like Gecko) Chrome/123.0.0.0 Safari/537.36"
196.36.228.143 - - [10/Jun/2026:16:02:55 +0000] "GET / HTTP/1.1" 200 2986 "-" "curl/8.6.0"
106.24.19.210 - georgetracy [10/Jun/2026:16:02:56 +0000] "GET /products/213 HTTP/1.1" 304 - "-" "curl/8.6.0"
201.128.80.119 - - [10/Jun/2026:16:02:56 +0000] "GET /search?q=laptop&page=2 HTTP/1.1" 404 589 "https://duckduckgo.com/" "Mozilla/5.0 (Windows NT 10.0; Win64; x64; rv:126.0) Gecko/20100101 Firefox/126.0"
134.217.173.106 - - [10/Jun/2026:16:02:56 +0000] "GET /about HTTP/1.1" 200 2249 "https://shop.example.com/" "Mozilla/5.0 (compatible; Googlebot/2.1; +http://www.google.com/bot.html)"
120.204.194.248 - - [10/Jun/2026:16:02:56 +0000] "GET /favicon.ico HTTP/1.1" 200 1162 "https://shop.example.com/blog" "Mozilla/5.0 (Linux; Android 14; Pixel 8) AppleWebKit/537.36 (KHTML, like Gecko) Chrome/124.0.0.0 Mobile Safari/537.36"
208.254.50.159 - dcarlson [10/Jun/2026:16:02:56 +0000] "GET / HTTP/1.1" 200 2881 "https://shop.example.com/products" "Mozilla/5.0 (iPad; CPU OS 17_4 like Mac OS X) AppleWebKit/605.1.15 (KHTML, like Gecko) Version/17.4 Mobile/15E148 Safari/604.1"
208.254.50.159 - dcarlson [10/Jun/2026:16:02:56 +0000] "GET /search?q=sensor&page=3 HTTP/1.1" 200 539 "https://shop.example.com/" "Mozilla/5.0 (iPad; CPU OS 17_4 like Mac OS X) AppleWebKit/605.1.15 (KHTML, like Gecko) Version/17.4 Mobile/15E148 Safari/604.1"
134.235.9.233 - bethwilliams [10/Jun/2026:16:02:56 +0000] "GET /static/css/main.css HTTP/1.1" 200 1715 "https://shop.example.com/search?q=router&page=3" "Mozilla/5.0 (X11; Linux x86_64) AppleWebKit/537.36 (KHTML, like Gecko) Chrome/123.0.0.0 Safari/537.36"
101.80.196.49 - adkinsbrian [10/Jun/2026:16:02:56 +0000] "GET /about HTTP/1.1" 200 2736 "https://shop.example.com/" "Mozilla/5.0 (compatible; Googlebot/2.1; +http://www.google.com/bot.html)"
164.215.28.54 - - [10/Jun/2026:16:02:56 +0000] "GET /cart HTTP/1.1" 200 1790 "https://shop.example.com/cart/add" "Mozilla/5.0 (compatible; bingbot/2.0; +http://www.bing.com/bingbot.htm)"
187.0.15.128 - caseyjones [10/Jun/2026:16:02:56 +0000] "GET /static/js/app.js HTTP/1.1" 200 1682 "https://shop.example.com/cart" "Mozilla/5.0 (Windows NT 10.0; Win64; x64) AppleWebKit/537.36 (KHTML, like Gecko) Chrome/125.0.0.0 Safari/537.36"
206.45.196.230 - - [10/Jun/2026:16:02:57 +0000] "GET / HTTP/1.1" 200 133 "-" "Mozilla/5.0 (X11; Linux x86_64) AppleWebKit/537.36 (KHTML, like Gecko) Chrome/123.0.0.0 Safari/537.36"
101.80.196.49 - adkinsbrian [10/Jun/2026:16:02:57 +0000] "GET /static/js/app.js HTTP/1.1" 200 398 "https://shop.example.com/about" "Mozilla/5.0 (compatible; Googlebot/2.1; +http://www.google.com/bot.html)"
106.24.19.210 - cassandra07 [10/Jun/2026:16:02:57 +0000] "GET /static/js/app.js HTTP/1.1" 200 1450 "https://shop.example.com/products/445" "Mozilla/5.0 (Macintosh; Intel Mac OS X 10_15_7) AppleWebKit/537.36 (KHTML, like Gecko) Chrome/124.0.0.0 Safari/537.36"
101.80.196.49 - adkinsbrian [10/Jun/2026:16:02:57 +0000] "GET /static/css/main.css HTTP/1.1" 200 3577 "https://shop.example.com/about" "Mozilla/5.0 (compatible; Googlebot/2.1; +http://www.google.com/bot.html)"
147.186.129.57 - - [10/Jun/2026:16:02:57 +0000] "GET /favicon.ico HTTP/1.1" 200 4405 "https://shop.example.com/products/171" "Mozilla/5.0 (iPhone; CPU iPhone OS 17_4 like Mac OS X) AppleWebKit/605.1.15 (KHTML, like Gecko) Version/17.4 Mobile/15E148 Safari/604.1"
201.212.50.173 - - [10/Jun/2026:16:02:57 +0000] "GET /static/img/logo.png HTTP/1.1" 200 6311 "https://shop.example.com/search?q=edge&page=2" "Mozilla/5.0 (Macintosh; Intel Mac OS X 10_15_7) AppleWebKit/605.1.15 (KHTML, like Gecko) Version/17.4 Safari/605.1.15"
120.204.194.248 - - [10/Jun/2026:16:02:57 +0000] "GET /favicon.ico HTTP/1.1" 200 678 "https://shop.example.com/search?q=router&page=2" "Mozilla/5.0 (compatible; bingbot/2.0; +http://www.bing.com/bingbot.htm)"
147.186.129.57 - - [10/Jun/2026:16:02:57 +0000] "GET /static/js/app.js HTTP/1.1" 200 3180 "https://shop.example.com/products/405" "Mozilla/5.0 (iPhone; CPU iPhone OS 17_4 like Mac OS X) AppleWebKit/605.1.15 (KHTML, like Gecko) Version/17.4 Mobile/15E148 Safari/604.1"
134.217.173.106 - - [10/Jun/2026:16:02:57 +0000] "GET /static/js/app.js HTTP/1.1" 200 1395 "https://shop.example.com/about" "Mozilla/5.0 (compatible; Googlebot/2.1; +http://www.google.com/bot.html)"
210.104.101.204 - - [10/Jun/2026:16:02:57 +0000] "GET /products HTTP/1.1" 200 1552 "https://shop.example.com/search?q=camera&page=1" "curl/8.6.0"
201.128.80.119 - - [10/Jun/2026:16:02:58 +0000] "GET /static/js/app.js HTTP/1.1" 200 1224 "https://shop.example.com/search?q=sensor&page=1" "Mozilla/5.0 (Windows NT 10.0; Win64; x64; rv:126.0) Gecko/20100101 Firefox/126.0"
106.24.19.210 - barnesbrandy [10/Jun/2026:16:02:58 +0000] "POST /login HTTP/1.1" 200 4028 "https://news.ycombinator.com/" "Mozilla/5.0 (Windows NT 10.0; Win64; x64) AppleWebKit/537.36 (KHTML, like Gecko) Chrome/125.0.0.0 Safari/537.36 Edg/125.0.0.0"
201.212.50.173 - - [10/Jun/2026:16:02:58 +0000] "GET /favicon.ico HTTP/1.1" 200 2120 "https://shop.example.com/cart/add" "Mozilla/5.0 (Linux; Android 14; Pixel 8) AppleWebKit/537.36 (KHTML, like Gecko) Chrome/124.0.0.0 Mobile Safari/537.36"
148.159.187.62 - ilewis [10/Jun/2026:16:02:58 +0000] "GET / HTTP/1.1" 200 5572 "https://duckduckgo.com/" "Mozilla/5.0 (Macintosh; Intel Mac OS X 10_15_7) AppleWebKit/537.36 (KHTML, like Gecko) Chrome/124.0.0.0 Safari/537.36"
148.159.187.62 - ilewis [10/Jun/2026:16:02:58 +0000] "GET /static/img/logo.png HTTP/1.1" 200 3228 "https://shop.example.com/" "Mozilla/5.0 (Macintosh; Intel Mac OS X 10_15_7) AppleWebKit/537.36 (KHTML, like Gecko) Chrome/124.0.0.0 Safari/537.36"
30.221.151.186 - - [10/Jun/2026:16:02:58 +0000] "GET /products/103 HTTP/1.1" 200 4472 "https://duckduckgo.com/" "Mozilla/5.0 (Windows NT 10.0; Win64; x64; rv:126.0) Gecko/20100101 Firefox/126.0"
201.212.50.173 - - [10/Jun/2026:16:02:58 +0000] "GET /products HTTP/1.1" 200 2521 "https://shop.example.com/cart/add" "Mozilla/5.0 (Linux; Android 14; Pixel 8) AppleWebKit/537.36 (KHTML, like Gecko) Chrome/124.0.0.0 Mobile Safari/537.36"
193.153.72.43 - adkinsbrian [10/Jun/2026:16:02:58 +0000] "GET / HTTP/1.1" 200 2536 "https://duckduckgo.com/" "Mozilla/5.0 (compatible; bingbot/2.0; +http://www.bing.com/bingbot.htm)"
201.212.50.173 - - [10/Jun/2026:16:02:58 +0000] "GET /static/js/app.js HTTP/1.1" 200 4334 "https://shop.example.com/search?q=gateway&page=5" "Mozilla/5.0 (Macintosh; Intel Mac OS X 10_15_7) AppleWebKit/605.1.15 (KHTML, like Gecko) Version/17.4 Safari/605.1.15"
221.70.153.10 - novaksara [10/Jun/2026:16:02:58 +0000] "GET /favicon.ico HTTP/1.1" 200 527 "https://shop.example.com/login" "Mozilla/5.0 (iPhone; CPU iPhone OS 17_4 like Mac OS X) AppleWebKit/605.1.15 (KHTML, like Gecko) Version/17.4 Mobile/15E148 Safari/604.1"
76.92.61.13 - garzaanthony [10/Jun/2026:16:02:59 +0000] "GET / HTTP/1.1" 200 2700 "https://duckduckgo.com/" "Mozilla/5.0 (Windows NT 10.0; Win64; x64; rv:126.0) Gecko/20100101 Firefox/126.0"
201.212.50.173 - adkinsbrian [10/Jun/2026:16:02:59 +0000] "POST /api/v1/cart HTTP/1.1" 200 6144 "https://shop.example.com/api/v1/products" "Mozilla/5.0 (Linux; Android 14; Pixel 8) AppleWebKit/537.36 (KHTML, like Gecko) Chrome/124.0.0.0 Mobile Safari/537.36"
201.212.50.173 - - [10/Jun/2026:16:02:59 +0000] "GET / HTTP/1.1" 200 5912 "https://www.bing.com/" "Mozilla/5.0 (Linux; Android 14; Pixel 8) AppleWebKit/537.36 (KHTML, like Gecko) Chrome/124.0.0.0 Mobile Safari/537.36"
134.235.9.233 - - [10/Jun/2026:16:02:59 +0000] "GET /static/css/main.css HTTP/1.1" 200 692 "https://shop.example.com/" "curl/8.6.0"
215.167.230.243 - agomez [10/Jun/2026:16:02:59 +0000] "GET /search?q=router&page=5 HTTP/1.1" 200 537 "https://shop.example.com/products" "Mozilla/5.0 (iPhone; CPU iPhone OS 17_4 like Mac OS X) AppleWebKit/605.1.15 (KHTML, like Gecko) Version/17.4 Mobile/15E148 Safari/604.1"
157.188.182.255 - hshaw [10/Jun/2026:16:02:59 +0000] "GET /cart HTTP/1.1" 200 933 "https://shop.example.com/products" "curl/8.6.0"
201.212.50.173 - - [10/Jun/2026:16:02:59 +0000] "GET /products HTTP/1.1" 200 808 "https://shop.example.com/" "Mozilla/5.0 (Linux; Android 14; Pixel 8) AppleWebKit/537.36 (KHTML, like Gecko) Chrome/124.0.0.0 Mobile Safari/537.36"
187.0.15.128 - caseyjones [10/Jun/2026:16:03:00 +0000] "GET /static/img/logo.png HTTP/1.1" 200 4539 "https://shop.example.com/cart" "Mozilla/5.0 (Windows NT 10.0; Win64; x64) AppleWebKit/537.36 (KHTML, like Gecko) Chrome/125.0.0.0 Safari/537.36"
48.249.11.43 - - [10/Jun/2026:16:03:00 +0000] "GET /cart HTTP/1.1" 404 915 "https://shop.example.com/cart/add" "Mozilla/5.0 (Windows NT 10.0; Win64; x64) AppleWebKit/537.36 (KHTML, like Gecko) Chrome/125.0.0.0 Safari/537.36 Edg/125.0.0.0"
106.24.19.210 - - [10/Jun/2026:16:03:00 +0000] "GET /favicon.ico HTTP/1.1" 200 743 "https://shop.example.com/blog/roadmap" "Mozilla/5.0 (Windows NT 10.0; Win64; x64) AppleWebKit/537.36 (KHTML, like Gecko) Chrome/125.0.0.0 Safari/537.36"
187.0.15.128 - caseyjones [10/Jun/2026:16:03:00 +0000] "GET / HTTP/1.1" 200 33927 "https://shop.example.com/cart" "Mozilla/5.0 (Windows NT 10.0; Win64; x64) AppleWebKit/537.36 (KHTML, like Gecko) Chrome/125.0.0.0 Safari/537.36"
221.70.153.10 - - [10/Jun/2026:16:03:00 +0000] "GET / HTTP/1.1" 200 5636 "https://www.bing.com/" "Mozilla/5.0 (iPad; CPU OS 17_4 like Mac OS X) AppleWebKit/605.1.15 (KHTML, like Gecko) Version/17.4 Mobile/15E148 Safari/604.1"
106.24.19.210 - barnesbrandy [10/Jun/2026:16:03:00 +0000] "GET /profile HTTP/1.1" 200 3627 "https://shop.example.com/login" "Mozilla/5.0 (Windows NT 10.0; Win64; x64) AppleWebKit/537.36 (KHTML, like Gecko) Chrome/125.0.0.0 Safari/537.36 Edg/125.0.0.0"
201.158.5.48 - - [10/Jun/2026:16:03:00 +0000] "GET /static/css/main.css HTTP/1.1" 200 1082 "https://shop.example.com/products/25" "Mozilla/5.0 (compatible; Googlebot/2.1; +http://www.google.com/bot.html)"
30.221.151.186 - - [10/Jun/2026:16:03:00 +0000] "GET /static/js/app.js HTTP/1.1" 200 703 "https://shop.example.com/products/338" "Mozilla/5.0 (Windows NT 10.0; Win64; x64; rv:126.0) Gecko/20100101 Firefox/126.0"
201.212.50.173 - - [10/Jun/2026:16:03:00 +0000] "GET /static/img/logo.png HTTP/1.1" 200 1909 "https://shop.example.com/products" "Mozilla/5.0 (Linux; Android 14; Pixel 8) AppleWebKit/537.36 (KHTML, like Gecko) Chrome/124.0.0.0 Mobile Safari/537.36"
106.24.19.210 - - [10/Jun/2026:16:03:00 +0000] "GET /static/css/main.css HTTP/1.1" 200 11601 "https://shop.example.com/blog/launch" "Mozilla/5.0 (Windows NT 10.0; Win64; x64) AppleWebKit/537.36 (KHTML, like Gecko) Chrome/125.0.0.0 Safari/537.36"
208.254.50.159 - jeffrey28 [10/Jun/2026:16:03:00 +0000] "GET / HTTP/1.1" 304 - "https://shop.example.com/cart" "Mozilla/5.0 (Windows NT 10.0; Win64; x64; rv:126.0) Gecko/20100101 Firefox/126.0"
201.212.50.173 - - [10/Jun/2026:16:03:01 +0000] "GET /cart HTTP/1.1" 404 1659 "https://shop.example.com/products" "Mozilla/5.0 (Linux; Android 14; Pixel 8) AppleWebKit/537.36 (KHTML, like Gecko) Chrome/124.0.0.0 Mobile Safari/537.36"
196.36.228.143 - adkinsbrian [10/Jun/2026:16:03:01 +0000] "POST /login HTTP/1.1" 200 1831 "https://shop.example.com/" "curl/8.6.0"
221.70.153.10 - novaksara [10/Jun/2026:16:03:01 +0000] "GET /static/img/logo.png HTTP/1.1" 404 3016 "https://shop.example.com/login" "Mozilla/5.0 (iPhone; CPU iPhone OS 17_4 like Mac OS X) AppleWebKit/605.1.15 (KHTML, like Gecko) Version/17.4 Mobile/15E148 Safari/604.1"
164.215.28.54 - - [10/Jun/2026:16:03:01 +0000] "GET /static/img/logo.png HTTP/1.1" 200 5151 "https://shop.example.com/cart" "Mozilla/5.0 (compatible; bingbot/2.0; +http://www.bing.com/bingbot.htm)"
106.24.19.210 - - [10/Jun/2026:16:03:01 +0000] "GET /blog/logs-at-scale HTTP/1.1" 200 2264 "-" "Mozilla/5.0 (compatible; Googlebot/2.1; +http://www.google.com/bot.html)"
164.215.28.54 - - [10/Jun/2026:16:03:01 +0000] "GET /favicon.ico HTTP/1.1" 304 - "https://shop.example.com/cart" "Mozilla/5.0 (compatible; bingbot/2.0; +http://www.bing.com/bingbot.htm)"
196.36.228.143 - adkinsbrian [10/Jun/2026:16:03:01 +0000] "GET /profile HTTP/1.1" 200 3042 "https://shop.example.com/login" "curl/8.6.0"
201.212.50.173 - - [10/Jun/2026:16:03:01 +0000] "GET / HTTP/1.1" 200 1256 "https://shop.example.com/products" "Mozilla/5.0 (Linux; Android 14; Pixel 8) AppleWebKit/537.36 (KHTML, like Gecko) Chrome/124.0.0.0 Mobile Safari/537.36"
76.92.61.13 - garzaanthony [10/Jun/2026:16:03:01 +0000] "GET /static/img/logo.png HTTP/1.1" 200 4173 "https://shop.example.com/" "Mozilla/5.0 (Windows NT 10.0; Win64; x64; rv:126.0) Gecko/20100101 Firefox/126.0"
106.24.19.210 - uhorton [10/Jun/2026:16:03:01 +0000] "GET / HTTP/1.1" 404 643 "https://shop.example.com/about" "Mozilla/5.0 (iPad; CPU OS 17_4 like Mac OS X) AppleWebKit/605.1.15 (KHTML, like Gecko) Version/17.4 Mobile/15E148 Safari/604.1"
207.63.164.86 - - [10/Jun/2026:16:03:01 +0000] "GET /api/v1/products HTTP/1.1" 200 3925 "https://news.ycombinator.com/" "Mozilla/5.0 (Windows NT 10.0; Win64; x64; rv:126.0) Gecko/20100101 Firefox/126.0"
120.204.194.248 - - [10/Jun/2026:16:03:01 +0000] "GET /static/img/logo.png HTTP/1.1" 200 4722 "https://shop.example.com/search?q=laptop&page=2" "Mozilla/5.0 (compatible; bingbot/2.0; +http://www.bing.com/bingbot.htm)"
106.24.19.210 - georgetracy [10/Jun/2026:16:03:01 +0000] "GET /products/329 HTTP/1.1" 200 4266 "https://shop.example.com/products/300" "curl/8.6.0"
206.45.196.230 - - [10/Jun/2026:16:03:01 +0000] "GET /products HTTP/1.1" 200 926 "https://shop.example.com/" "Mozilla/5.0 (X11; Linux x86_64) AppleWebKit/537.36 (KHTML, like Gecko) Chrome/123.0.0.0 Safari/537.36"
153.148.84.167 - - [10/Jun/2026:16:03:02 +0000] "GET / HTTP/1.1" 200 9170 "https://www.bing.com/" "Mozilla/5.0 (compatible; Googlebot/2.1; +http://www.google.com/bot.html)"
125.107.87.60 - barnesbrandy [10/Jun/2026:16:03:02 +0000] "GET /favicon.ico HTTP/1.1" 200 1252 "https://shop.example.com/products/393" "Mozilla/5.0 (Windows NT 10.0; Win64; x64) AppleWebKit/537.36 (KHTML, like Gecko) Chrome/125.0.0.0 Safari/537.36"
30.221.151.186 - - [10/Jun/2026:16:03:02 +0000] "GET / HTTP/1.1" 200 589 "https://shop.example.com/products/98" "Mozilla/5.0 (Windows NT 10.0; Win64; x64; rv:126.0) Gecko/20100101 Firefox/126.0"
106.24.19.210 - - [10/Jun/2026:16:03:02 +0000] "GET / HTTP/1.1" 200 3341 "https://shop.example.com/products" "Mozilla/5.0 (X11; Linux x86_64) AppleWebKit/537.36 (KHTML, like Gecko) Chrome/123.0.0.0 Safari/537.36"
206.45.196.230 - - [10/Jun/2026:16:03:02 +0000] "GET /search?q=laptop&page=5 HTTP/1.1" 200 2954 "https://shop.example.com/products" "Mozilla/5.0 (X11; Linux x86_64) AppleWebKit/537.36 (KHTML, like Gecko) Chrome/123.0.0.0 Safari/537.36"
169.18.146.47 - - [10/Jun/2026:16:03:02 +0000] "GET /search?q=edge&page=2 HTTP/1.1" 404 20857 "https://shop.example.com/products" "Mozilla/5.0 (compatible; Googlebot/2.1; +http://www.google.com/bot.html)"
201.212.50.173 - - [10/Jun/2026:16:03:02 +0000] "GET /favicon.ico HTTP/1.1" 200 501 "https://shop.example.com/cart" "Mozilla/5.0 (Linux; Android 14; Pixel 8) AppleWebKit/537.36 (KHTML, like Gecko) Chrome/124.0.0.0 Mobile Safari/537.36"
134.217.173.106 - - [10/Jun/2026:16:03:02 +0000] "GET /static/css/main.css HTTP/1.1" 304 - "https://shop.example.com/about" "Mozilla/5.0 (compatible; Googlebot/2.1; +http://www.google.com/bot.html)"
157.188.182.255 - hshaw [10/Jun/2026:16:03:02 +0000] "GET /static/css/main.css HTTP/1.1" 200 586 "https://shop.example.com/cart" "curl/8.6.0"
212.76.28.225 - dshields [10/Jun/2026:16:03:02 +0000] "GET / HTTP/1.1" 200 1613 "https://news.ycombinator.com/" "python-requests/2.32.0"
169.18.146.47 - - [10/Jun/2026:16:03:02 +0000] "GET /search?q=camera&page=2 HTTP/1.1" 200 3068 "https://shop.example.com/search?q=camera&page=4" "Mozilla/5.0 (Windows NT 10.0; Win64; x64; rv:126.0) Gecko/20100101 Firefox/126.0"
187.207.3.250 - adkinsbrian [10/Jun/2026:16:03:02 +0000] "POST /login HTTP/1.1" 200 8036 "https://shop.example.com/" "Mozilla/5.0 (Macintosh; Intel Mac OS X 10_15_7) AppleWebKit/605.1.15 (KHTML, like Gecko) Version/17.4 Safari/605.1.15"
196.36.228.143 - adkinsbrian [10/Jun/2026:16:03:03 +0000] "GET /logout HTTP/1.1" 200 1799 "https://shop.example.com/profile" "curl/8.6.0"
210.104.101.204 - - [10/Jun/2026:16:03:03 +0000] "GET /products/64 HTTP/1.1" 200 4458 "https://shop.example.com/products" "curl/8.6.0"
147.186.129.57 - adkinsbrian [10/Jun/2026:16:03:03 +0000] "GET / HTTP/1.1" 404 2448 "https://shop.example.com/products/489" "Mozilla/5.0 (compatible; Googlebot/2.1; +http://www.google.com/bot.html)"
8.27.157.23 - gabrieltucker [10/Jun/2026:16:03:03 +0000] "GET /about HTTP/1.1" 200 4041 "https://shop.example.com/" "Mozilla/5.0 (Macintosh; Intel Mac OS X 10_15_7) AppleWebKit/537.36 (KHTML, like Gecko) Chrome/124.0.0.0 Safari/537.36"
106.24.19.210 - adrianzimmerman [10/Jun/2026:16:03:03 +0000] "GET /static/img/logo.png HTTP/1.1" 404 3679 "https://shop.example.com/products" "Mozilla/5.0 (compatible; Googlebot/2.1; +http://www.google.com/bot.html)"
65.77.231.253 - - [10/Jun/2026:16:03:03 +0000] "GET / HTTP/1.1" 200 7373 "https://news.ycombinator.com/" "curl/8.6.0"
208.254.50.159 - dcarlson [10/Jun/2026:16:03:03 +0000] "GET /static/js/app.js HTTP/1.1" 404 3629 "https://shop.example.com/search?q=sensor&page=2" "Mozilla/5.0 (iPad; CPU OS 17_4 like Mac OS X) AppleWebKit/605.1.15 (KHTML, like Gecko) Version/17.4 Mobile/15E148 Safari/604.1"
120.204.194.248 - - [10/Jun/2026:16:03:03 +0000] "GET /products/494 HTTP/1.1" 200 3411 "https://www.google.com/" "Mozilla/5.0 (X11; Linux x86_64) AppleWebKit/537.36 (KHTML, like Gecko) Chrome/123.0.0.0 Safari/537.36"
169.18.146.47 - - [10/Jun/2026:16:03:03 +0000] "GET /search?q=camera&page=3 HTTP/1.1" 200 1231 "https://shop.example.com/search?q=router&page=3" "Mozilla/5.0 (compatible; Googlebot/2.1; +http://www.google.com/bot.html)"
120.204.194.248 - - [10/Jun/2026:16:03:03 +0000] "GET /static/img/logo.png HTTP/1.1" 200 3413 "https://shop.example.com/blog" "Mozilla/5.0 (Linux; Android 14; Pixel 8) AppleWebKit/537.36 (KHTML, like Gecko) Chrome/124.0.0.0 Mobile Safari/537.36"
186.248.224.21 - - [10/Jun/2026:16:03:03 +0000] "GET /search?q=gateway&page=1 HTTP/1.1" 200 873 "https://www.google.com/" "Mozilla/5.0 (X11; Linux x86_64) AppleWebKit/537.36 (KHTML, like Gecko) Chrome/123.0.0.0 Safari/537.36"
65.77.231.253 - - [10/Jun/2026:16:03:03 +0000] "GET /about HTTP/1.1" 200 4467 "https://shop.example.com/" "curl/8.6.0"
106.24.19.210 - - [10/Jun/2026:16:03:04 +0000] "GET /products HTTP/1.1" 200 1830 "https://shop.example.com/blog/edge-pipelines" "Mozilla/5.0 (compatible; Googlebot/2.1; +http://www.google.com/bot.html)"
101.80.196.49 - adkinsbrian [10/Jun/2026:16:03:04 +0000] "GET / HTTP/1.1" 200 8166 "https://shop.example.com/about" "Mozilla/5.0 (compatible; Googlebot/2.1; +http://www.google.com/bot.html)"
203.5.228.214 - richard13 [10/Jun/2026:16:03:04 +0000] "GET /products HTTP/1.1" 200 1664 "-" "Mozilla/5.0 (iPhone; CPU iPhone OS 17_4 like Mac OS X) AppleWebKit/605.1.15 (KHTML, like Gecko) Version/17.4 Mobile/15E148 Safari/604.1"
201.212.50.173 - - [10/Jun/2026:16:03:04 +0000] "GET /static/js/app.js HTTP/1.1" 200 427 "https://shop.example.com/products" "Mozilla/5.0 (Linux; Android 14; Pixel 8) AppleWebKit/537.36 (KHTML, like Gecko) Chrome/124.0.0.0 Mobile Safari/537.36"
141.173.72.166 - adkinsbrian [10/Jun/2026:16:03:04 +0000] "POST /login HTTP/1.1" 200 991 "https://shop.example.com/" "Mozilla/5.0 (compatible; Googlebot/2.1; +http://www.google.com/bot.html)"
120.204.194.248 - - [10/Jun/2026:16:03:04 +0000] "POST /cart/add HTTP/1.1" 200 2025 "https://shop.example.com/products/210" "Mozilla/5.0 (X11; Linux x86_64) AppleWebKit/537.36 (KHTML, like Gecko) Chrome/123.0.0.0 Safari/537.36"
201.212.50.173 - - [10/Jun/2026:16:03:04 +0000] "GET /products/364 HTTP/1.1" 200 17811 "https://shop.example.com/products" "Mozilla/5.0 (Linux; Android 14; Pixel 8) AppleWebKit/537.36 (KHTML, like Gecko) Chrome/124.0.0.0 Mobile Safari/537.36"
120.204.194.248 - - [10/Jun/2026:16:03:04 +0000] "GET / HTTP/1.1" 200 6763 "https://shop.example.com/products/483" "Mozilla/5.0 (compatible; Googlebot/2.1; +http://www.google.com/bot.html)"
169.18.146.47 - - [10/Jun/2026:16:03:04 +0000] "GET /search?q=gateway&page=1 HTTP/1.1" 200 5257 "https://shop.example.com/search?q=gateway&page=4" "Mozilla/5.0 (Windows NT 10.0; Win64; x64; rv:126.0) Gecko/20100101 Firefox/126.0"
198.212.198.60 - - [10/Jun/2026:16:03:04 +0000] "GET /cart HTTP/1.1" 200 11109 "https://shop.example.com/cart/add" "Mozilla/5.0 (Windows NT 10.0; Win64; x64) AppleWebKit/537.36 (KHTML, like Gecko) Chrome/125.0.0.0 Safari/537.36 Edg/125.0.0.0"
76.92.61.13 - garzaanthony [10/Jun/2026:16:03:04 +0000] "GET /products HTTP/1.1" 304 - "https://shop.example.com/" "Mozilla/5.0 (Windows NT 10.0; Win64; x64; rv:126.0) Gecko/20100101 Firefox/126.0"
207.63.164.86 - - [10/Jun/2026:16:03:04 +0000] "GET /api/v1/products HTTP/1.1" 200 6290 "https://shop.example.com/api/v1/products" "Mozilla/5.0 (Windows NT 10.0; Win64; x64; rv:126.0) Gecko/20100101 Firefox/126.0"
193.155.149.127 - - [10/Jun/2026:16:03:05 +0000] "GET /products/365 HTTP/1.1" 200 2218 "https://www.bing.com/" "Mozilla/5.0 (X11; Linux x86_64) AppleWebKit/537.36 (KHTML, like Gecko) Chrome/123.0.0.0 Safari/537.36"
212.76.28.225 - - [10/Jun/2026:16:03:05 +0000] "GET / HTTP/1.1" 200 11345 "https://duckduckgo.com/" "Mozilla/5.0 (X11; Linux x86_64) AppleWebKit/537.36 (KHTML, like Gecko) Chrome/123.0.0.0 Safari/537.36"
201.212.50.173 - adkinsbrian [10/Jun/2026:16:03:05 +0000] "GET /api/v1/products HTTP/1.1" 200 830 "https://shop.example.com/api/v1/cart" "Mozilla/5.0 (Linux; Android 14; Pixel 8) AppleWebKit/537.36 (KHTML, like Gecko) Chrome/124.0.0.0 Mobile Safari/537.36"
206.45.196.230 - - [10/Jun/2026:16:03:05 +0000] "GET /products/220 HTTP/1.1" 200 3673 "https://shop.example.com/search?q=camera&page=3" "Mozilla/5.0 (X11; Linux x86_64) AppleWebKit/537.36 (KHTML, like Gecko) Chrome/123.0.0.0 Safari/537.36"
212.76.28.225 - - [10/Jun/2026:16:03:05 +0000] "GET /static/js/app.js HTTP/1.1" 200 2378 "https://shop.example.com/" "Mozilla/5.0 (X11; Linux x86_64) AppleWebKit/537.36 (KHTML, like Gecko) Chrome/123.0.0.0 Safari/537.36"
106.24.19.210 - - [10/Jun/2026:16:03:05 +0000] "GET /products/108 HTTP/1.1" 200 4089 "https://www.bing.com/" "Mozilla/5.0 (Windows NT 10.0; Win64; x64; rv:126.0) Gecko/20100101 Firefox/126.0"
154.227.161.167 - dudleynicholas [10/Jun/2026:16:03:05 +0000] "GET /products/285 HTTP/1.1" 200 4556 "https://duckduckgo.com/" "Mozilla/5.0 (Macintosh; Intel Mac OS X 10_15_7) AppleWebKit/537.36 (KHTML, like Gecko) Chrome/124.0.0.0 Safari/537.36"
48.249.11.43 - - [10/Jun/2026:16:03:06 +0000] "GET /products HTTP/1.1" 200 3349 "https://shop.example.com/cart" "Mozilla/5.0 (Windows NT 10.0; Win64; x64) AppleWebKit/537.36 (KHTML, like Gecko) Chrome/125.0.0.0 Safari/537.36 Edg/125.0.0.0"
186.248.224.21 - - [10/Jun/2026:16:03:06 +0000] "GET /static/img/logo.png HTTP/1.1" 200 5346 "https://shop.example.com/search?q=gateway&page=4" "Mozilla/5.0 (X11; Linux x86_64) AppleWebKit/537.36 (KHTML, like Gecko) Chrome/123.0.0.0 Safari/537.36"
213.23.210.81 - - [10/Jun/2026:16:03:06 +0000] "GET /static/css/main.css HTTP/1.1" 200 10438 "https://shop.example.com/checkout" "Mozilla/5.0 (Windows NT 10.0; Win64; x64) AppleWebKit/537.36 (KHTML, like Gecko) Chrome/125.0.0.0 Safari/537.36 Edg/125.0.0.0"
76.92.61.13 - garzaanthony [10/Jun/2026:16:03:06 +0000] "GET /search?q=sensor&page=2 HTTP/1.1" 200 1560 "https://shop.example.com/products" "Mozilla/5.0 (Windows NT 10.0; Win64; x64; rv:126.0) Gecko/20100101 Firefox/126.0"
196.36.228.143 - - [10/Jun/2026:16:03:06 +0000] "GET / HTTP/1.1" 404 2089 "https://www.google.com/" "python-requests/2.32.0"
134.235.9.233 - - [10/Jun/2026:16:03:06 +0000] "GET /blog HTTP/1.1" 200 4541 "https://shop.example.com/" "curl/8.6.0"
213.23.210.81 - - [10/Jun/2026:16:03:06 +0000] "GET /thank-you HTTP/1.1" 200 7223 "https://shop.example.com/checkout" "Mozilla/5.0 (Windows NT 10.0; Win64; x64) AppleWebKit/537.36 (KHTML, like Gecko) Chrome/125.0.0.0 Safari/537.36 Edg/125.0.0.0"
193.155.149.127 - - [10/Jun/2026:16:03:06 +0000] "POST /cart/add HTTP/1.1" 200 2768 "https://shop.example.com/products/47" "Mozilla/5.0 (X11; Linux x86_64) AppleWebKit/537.36 (KHTML, like Gecko) Chrome/123.0.0.0 Safari/537.36"
53.214.187.75 - bethwilliams [10/Jun/2026:16:03:06 +0000] "GET /products HTTP/1.1" 200 851 "https://www.google.com/" "Mozilla/5.0 (compatible; bingbot/2.0; +http://www.bing.com/bingbot.htm)"
193.155.149.127 - - [10/Jun/2026:16:03:06 +0000] "GET /static/js/app.js HTTP/1.1" 200 2651 "https://shop.example.com/cart/add" "Mozilla/5.0 (X11; Linux x86_64) AppleWebKit/537.36 (KHTML, like Gecko) Chrome/123.0.0.0 Safari/537.36"
48.249.11.43 - hshaw [10/Jun/2026:16:03:06 +0000] "GET /products HTTP/1.1" 200 3096 "https://news.ycombinator.com/" "Mozilla/5.0 (compatible; Googlebot/2.1; +http://www.google.com/bot.html)"
106.24.19.210 - adrianzimmerman [10/Jun/2026:16:03:06 +0000] "GET /favicon.ico HTTP/1.1" 200 1150 "https://shop.example.com/products" "Mozilla/5.0 (compatible; Googlebot/2.1; +http://www.google.com/bot.html)"
134.235.9.233 - - [10/Jun/2026:16:03:07 +0000] "GET / HTTP/1.1" 200 4464 "https://shop.example.com/blog" "curl/8.6.0"
213.23.210.81 - - [10/Jun/2026:16:03:07 +0000] "GET /static/css/main.css HTTP/1.1" 200 3872 "https://shop.example.com/thank-you" "Mozilla/5.0 (Windows NT 10.0; Win64; x64) AppleWebKit/537.36 (KHTML, like Gecko) Chrome/125.0.0.0 Safari/537.36 Edg/125.0.0.0"
169.18.146.47 - - [10/Jun/2026:16:03:07 +0000] "GET /products HTTP/1.1" 200 1837 "https://shop.example.com/search?q=laptop&page=4" "Mozilla/5.0 (Windows NT 10.0; Win64; x64; rv:126.0) Gecko/20100101 Firefox/126.0"
120.204.194.248 - - [10/Jun/2026:16:03:08 +0000] "GET /blog/edge-pipelines HTTP/1.1" 200 1314 "https://shop.example.com/blog" "Mozilla/5.0 (Linux; Android 14; Pixel 8) AppleWebKit/537.36 (KHTML, like Gecko) Chrome/124.0.0.0 Mobile Safari/537.36"
48.229.28.185 - - [10/Jun/2026:16:03:08 +0000] "GET / HTTP/1.1" 200 1322 "-" "python-requests/2.32.0"
196.36.228.143 - adkinsbrian [10/Jun/2026:16:03:08 +0000] "POST /login HTTP/1.1" 200 11423 "https://shop.example.com/" "python-requests/2.32.0"
212.76.28.225 - dshields [10/Jun/2026:16:03:08 +0000] "GET /static/css/main.css HTTP/1.1" 200 2983 "https://shop.example.com/" "python-requests/2.32.0"
207.63.164.86 - - [10/Jun/2026:16:03:09 +0000] "POST /api/v1/cart HTTP/1.1" 200 4854 "https://shop.example.com/api/v1/products" "Mozilla/5.0 (Windows NT 10.0; Win64; x64; rv:126.0) Gecko/20100101 Firefox/126.0"
198.169.93.111 - - [10/Jun/2026:16:03:09 +0000] "GET /static/css/main.css HTTP/1.1" 200 1622 "https://shop.example.com/search?q=laptop&page=4" "Mozilla/5.0 (Macintosh; Intel Mac OS X 10_15_7) AppleWebKit/537.36 (KHTML, like Gecko) Chrome/124.0.0.0 Safari/537.36"
120.204.194.248 - - [10/Jun/2026:16:03:09 +0000] "GET /cart HTTP/1.1" 200 2399 "https://shop.example.com/cart/add" "Mozilla/5.0 (X11; Linux x86_64) AppleWebKit/537.36 (KHTML, like Gecko) Chrome/123.0.0.0 Safari/537.36"
106.24.19.210 - - [10/Jun/2026:16:03:09 +0000] "GET /blog HTTP/1.1" 200 3326 "https://shop.example.com/blog/launch" "Mozilla/5.0 (Windows NT 10.0; Win64; x64) AppleWebKit/537.36 (KHTML, like Gecko) Chrome/125.0.0.0 Safari/537.36"
169.18.146.47 - - [10/Jun/2026:16:03:09 +0000] "GET /search?q=laptop&page=5 HTTP/1.1" 304 - "https://shop.example.com/search?q=edge&page=2" "Mozilla/5.0 (compatible; Googlebot/2.1; +http://www.google.com/bot.html)"
120.204.194.248 - - [10/Jun/2026:16:03:09 +0000] "GET /blog HTTP/1.1" 200 5031 "https://shop.example.com/" "Mozilla/5.0 (compatible; Googlebot/2.1; +http://www.google.com/bot.html)"
206.45.196.230 - - [10/Jun/2026:16:03:09 +0000] "GET /static/css/main.css HTTP/1.1" 200 10428 "https://shop.example.com/products/489" "Mozilla/5.0 (X11; Linux x86_64) AppleWebKit/537.36 (KHTML, like Gecko) Chrome/123.0.0.0 Safari/537.36"
198.212.198.60 - - [10/Jun/2026:16:03:09 +0000] "GET / HTTP/1.1" 200 1406 "-" "python-requests/2.32.0"
125.107.87.60 - barnesbrandy [10/Jun/2026:16:03:09 +0000] "GET /static/img/logo.png HTTP/1.1" 200 1714 "https://shop.example.com/products/238" "Mozilla/5.0 (Windows NT 10.0; Win64; x64) AppleWebKit/537.36 (KHTML, like Gecko) Chrome/125.0.0.0 Safari/537.36"
169.18.146.47 - - [10/Jun/2026:16:03:09 +0000] "GET /products/471 HTTP/1.1" 200 1534 "https://shop.example.com/products" "Mozilla/5.0 (Windows NT 10.0; Win64; x64; rv:126.0) Gecko/20100101 Firefox/126.0"
201.212.50.173 - adkinsbrian [10/Jun/2026:16:03:09 +0000] "POST /login HTTP/1.1" 404 1375 "https://shop.example.com/" "Mozilla/5.0 (Linux; Android 14; Pixel 8) AppleWebKit/537.36 (KHTML, like Gecko) Chrome/124.0.0.0 Mobile Safari/537.36"
187.207.3.250 - adkinsbrian [10/Jun/2026:16:03:09 +0000] "GET /favicon.ico HTTP/1.1" 200 3620 "https://shop.example.com/login" "Mozilla/5.0 (Macintosh; Intel Mac OS X 10_15_7) AppleWebKit/605.1.15 (KHTML, like Gecko) Version/17.4 Safari/605.1.15"
120.204.194.248 - chad34 [10/Jun/2026:16:03:09 +0000] "GET /products/463 HTTP/1.1" 200 5652 "https://www.google.com/" "Mozilla/5.0 (iPhone; CPU iPhone OS 17_4 like Mac OS X) AppleWebKit/605.1.15 (KHTML, like Gecko) Version/17.4 Mobile/15E148 Safari/604.1"
106.24.19.210 - - [10/Jun/2026:16:03:10 +0000] "GET /blog HTTP/1.1" 200 3165 "https://shop.example.com/" "Mozilla/5.0 (X11; Linux x86_64) AppleWebKit/537.36 (KHTML, like Gecko) Chrome/123.0.0.0 Safari/537.36"
212.76.28.225 - dshields [10/Jun/2026:16:03:10 +0000] "GET /static/img/logo.png HTTP/1.1" 200 5227 "https://shop.example.com/" "python-requests/2.32.0"
40.175.76.226 - - [10/Jun/2026:16:03:10 +0000] "GET /products HTTP/1.1" 200 5681 "-" "Mozilla/5.0 (iPhone; CPU iPhone OS 17_4 like Mac OS X) AppleWebKit/605.1.15 (KHTML, like Gecko) Version/17.4 Mobile/15E148 Safari/604.1"
193.155.149.127 - - [10/Jun/2026:16:03:10 +0000] "GET /static/css/main.css HTTP/1.1" 200 3999 "https://shop.example.com/cart/add" "Mozilla/5.0 (X11; Linux x86_64) AppleWebKit/537.36 (KHTML, like Gecko) Chrome/123.0.0.0 Safari/537.36"
53.214.187.75 - bethwilliams [10/Jun/2026:16:03:10 +0000] "GET / HTTP/1.1" 200 3829 "https://shop.example.com/products" "Mozilla/5.0 (compatible; bingbot/2.0; +http://www.bing.com/bingbot.htm)"
106.24.19.210 - - [10/Jun/2026:16:03:10 +0000] "GET /search?q=laptop&page=4 HTTP/1.1" 200 1262 "https://shop.example.com/products" "Mozilla/5.0 (compatible; Googlebot/2.1; +http://www.google.com/bot.html)"
147.186.129.57 - - [10/Jun/2026:16:03:10 +0000] "GET / HTTP/1.1" 200 2117 "https://shop.example.com/products/201" "Mozilla/5.0 (iPhone; CPU iPhone OS 17_4 like Mac OS X) AppleWebKit/605.1.15 (KHTML, like Gecko) Version/17.4 Mobile/15E148 Safari/604.1"
106.24.19.210 - - [10/Jun/2026:16:03:10 +0000] "GET /products/340 HTTP/1.1" 200 14533 "https://shop.example.com/search?q=router&page=5" "Mozilla/5.0 (compatible; Googlebot/2.1; +http://www.google.com/bot.html)"
